Archive member included to satisfy reference by file (symbol)

c:/progra~1/raspbe~1/picosd~1.1/gcc-ar~1/bin/../lib/gcc/arm-none-eabi/10.3.1/thumb/v6-m/nofp\libgcc.a(_dvmd_tls.o)
                              CMakeFiles/w6x00_loopback.dir/__/__/libraries/pico-sdk/src/rp2_common/pico_divider/divider.S.obj (__aeabi_idiv0)
c:/progra~1/raspbe~1/picosd~1.1/gcc-ar~1/bin/../lib/gcc/arm-none-eabi/10.3.1/../../../../arm-none-eabi/lib/thumb/v6-m/nofp\libg.a(lib_a-calloc.o)
                              CMakeFiles/w6x00_loopback.dir/__/__/libraries/pico-sdk/src/rp2_common/pico_malloc/pico_malloc.c.obj (calloc)
c:/progra~1/raspbe~1/picosd~1.1/gcc-ar~1/bin/../lib/gcc/arm-none-eabi/10.3.1/../../../../arm-none-eabi/lib/thumb/v6-m/nofp\libg.a(lib_a-callocr.o)
                              c:/progra~1/raspbe~1/picosd~1.1/gcc-ar~1/bin/../lib/gcc/arm-none-eabi/10.3.1/../../../../arm-none-eabi/lib/thumb/v6-m/nofp\libg.a(lib_a-calloc.o) (_calloc_r)
c:/progra~1/raspbe~1/picosd~1.1/gcc-ar~1/bin/../lib/gcc/arm-none-eabi/10.3.1/../../../../arm-none-eabi/lib/thumb/v6-m/nofp\libg.a(lib_a-ctype_.o)
                              CMakeFiles/w6x00_loopback.dir/__/__/libraries/pico-sdk/lib/tinyusb/src/tusb.c.obj (_ctype_)
c:/progra~1/raspbe~1/picosd~1.1/gcc-ar~1/bin/../lib/gcc/arm-none-eabi/10.3.1/../../../../arm-none-eabi/lib/thumb/v6-m/nofp\libg.a(lib_a-errno.o)
                              c:/progra~1/raspbe~1/picosd~1.1/gcc-ar~1/bin/../lib/gcc/arm-none-eabi/10.3.1/../../../../arm-none-eabi/lib/thumb/v6-m/nofp\libg.a(lib_a-callocr.o) (__errno)
c:/progra~1/raspbe~1/picosd~1.1/gcc-ar~1/bin/../lib/gcc/arm-none-eabi/10.3.1/../../../../arm-none-eabi/lib/thumb/v6-m/nofp\libg.a(lib_a-impure.o)
                              c:/progra~1/raspbe~1/picosd~1.1/gcc-ar~1/bin/../lib/gcc/arm-none-eabi/10.3.1/../../../../arm-none-eabi/lib/thumb/v6-m/nofp\libg.a(lib_a-calloc.o) (_impure_ptr)
c:/progra~1/raspbe~1/picosd~1.1/gcc-ar~1/bin/../lib/gcc/arm-none-eabi/10.3.1/../../../../arm-none-eabi/lib/thumb/v6-m/nofp\libg.a(lib_a-init.o)
                              c:/progra~1/raspbe~1/picosd~1.1/gcc-ar~1/bin/../lib/gcc/arm-none-eabi/10.3.1/../../../../arm-none-eabi/lib/thumb/v6-m/nofp/crt0.o (__libc_init_array)
c:/progra~1/raspbe~1/picosd~1.1/gcc-ar~1/bin/../lib/gcc/arm-none-eabi/10.3.1/../../../../arm-none-eabi/lib/thumb/v6-m/nofp\libg.a(lib_a-malloc.o)
                              CMakeFiles/w6x00_loopback.dir/__/__/libraries/pico-sdk/src/rp2_common/pico_malloc/pico_malloc.c.obj (malloc)
c:/progra~1/raspbe~1/picosd~1.1/gcc-ar~1/bin/../lib/gcc/arm-none-eabi/10.3.1/../../../../arm-none-eabi/lib/thumb/v6-m/nofp\libg.a(lib_a-mallocr.o)
                              c:/progra~1/raspbe~1/picosd~1.1/gcc-ar~1/bin/../lib/gcc/arm-none-eabi/10.3.1/../../../../arm-none-eabi/lib/thumb/v6-m/nofp\libg.a(lib_a-callocr.o) (_malloc_r)
c:/progra~1/raspbe~1/picosd~1.1/gcc-ar~1/bin/../lib/gcc/arm-none-eabi/10.3.1/../../../../arm-none-eabi/lib/thumb/v6-m/nofp\libg.a(lib_a-mlock.o)
                              c:/progra~1/raspbe~1/picosd~1.1/gcc-ar~1/bin/../lib/gcc/arm-none-eabi/10.3.1/../../../../arm-none-eabi/lib/thumb/v6-m/nofp\libg.a(lib_a-mallocr.o) (__malloc_lock)
c:/progra~1/raspbe~1/picosd~1.1/gcc-ar~1/bin/../lib/gcc/arm-none-eabi/10.3.1/../../../../arm-none-eabi/lib/thumb/v6-m/nofp\libg.a(lib_a-realloc.o)
                              CMakeFiles/w6x00_loopback.dir/__/__/libraries/pico-sdk/src/rp2_common/pico_malloc/pico_malloc.c.obj (realloc)
c:/progra~1/raspbe~1/picosd~1.1/gcc-ar~1/bin/../lib/gcc/arm-none-eabi/10.3.1/../../../../arm-none-eabi/lib/thumb/v6-m/nofp\libg.a(lib_a-reallocr.o)
                              c:/progra~1/raspbe~1/picosd~1.1/gcc-ar~1/bin/../lib/gcc/arm-none-eabi/10.3.1/../../../../arm-none-eabi/lib/thumb/v6-m/nofp\libg.a(lib_a-realloc.o) (_realloc_r)
c:/progra~1/raspbe~1/picosd~1.1/gcc-ar~1/bin/../lib/gcc/arm-none-eabi/10.3.1/../../../../arm-none-eabi/lib/thumb/v6-m/nofp\libg.a(lib_a-sbrkr.o)
                              c:/progra~1/raspbe~1/picosd~1.1/gcc-ar~1/bin/../lib/gcc/arm-none-eabi/10.3.1/../../../../arm-none-eabi/lib/thumb/v6-m/nofp\libg.a(lib_a-mallocr.o) (_sbrk_r)
c:/progra~1/raspbe~1/picosd~1.1/gcc-ar~1/bin/../lib/gcc/arm-none-eabi/10.3.1/../../../../arm-none-eabi/lib/thumb/v6-m/nofp\libg.a(lib_a-strchr.o)
                              CMakeFiles/w6x00_loopback.dir/__/__/libraries/cJSON/cJSON.c.obj (strchr)
c:/progra~1/raspbe~1/picosd~1.1/gcc-ar~1/bin/../lib/gcc/arm-none-eabi/10.3.1/../../../../arm-none-eabi/lib/thumb/v6-m/nofp\libg.a(lib_a-strcmp.o)
                              CMakeFiles/w6x00_loopback.dir/w6x00_loopback.c.obj (strcmp)
c:/progra~1/raspbe~1/picosd~1.1/gcc-ar~1/bin/../lib/gcc/arm-none-eabi/10.3.1/../../../../arm-none-eabi/lib/thumb/v6-m/nofp\libg.a(lib_a-strcpy.o)
                              CMakeFiles/w6x00_loopback.dir/w6x00_loopback.c.obj (strcpy)
c:/progra~1/raspbe~1/picosd~1.1/gcc-ar~1/bin/../lib/gcc/arm-none-eabi/10.3.1/../../../../arm-none-eabi/lib/thumb/v6-m/nofp\libg.a(lib_a-strlen-stub.o)
[...]
Memory Configuration

Name             Origin             Length             Attributes
FLASH            0x10000000         0x00200000         xr
RAM              0x20000000         0x00040000         xrw
SCRATCH_X        0x20040000         0x00001000         xrw
SCRATCH_Y        0x20041000         0x00001000         xrw
*default*        0x00000000         0xffffffff

Linker script and memory map

LOAD c:/progra~1/raspbe~1/picosd~1.1/gcc-ar~1/bin/../lib/gcc/arm-none-eabi/10.3.1/thumb/v6-m/nofp/crti.o
LOAD c:/progra~1/raspbe~1/picosd~1.1/gcc-ar~1/bin/../lib/gcc/arm-none-eabi/10.3.1/thumb/v6-m/nofp/crtbegin.o
LOAD c:/progra~1/raspbe~1/picosd~1.1/gcc-ar~1/bin/../lib/gcc/arm-none-eabi/10.3.1/../../../../arm-none-eabi/lib/thumb/v6-m/nofp/crt0.o

.flash_begin    0x10000000        0x0
                0x10000000                __flash_binary_start = .

.boot2          0x10000000      0x100
                0x10000000                __boot2_start__ = .
 *(.boot2)
 .boot2         0x10000000      0x100 C:\Users\dupon\AppData\Local\Temp\ccqJliSE.o
                0x10000100                __boot2_end__ = .
                0x00000001                ASSERT (((__boot2_end__ - __boot2_start__) == 0x100), ERROR: Pico second stage bootloader must be 256 bytes in size)

.text           0x10000100     0xc1f8
                0x10000100                __logical_binary_start = .
 *(.vectors)
 .vectors       0x10000100       0xd4 CMakeFiles/w6x00_loopback.dir/__/__/libraries/pico-sdk/src/rp2_common/pico_standard_link/crt0.S.obj
                0x10000100                __VECTOR_TABLE
                0x10000100                __vectors
                0x100001c0                isr_invalid
                0x100001c0                __default_isrs_start
                0x100001c2                isr_nmi
                0x100001c4                isr_hardfault
                0x100001c6                isr_svcall
                0x100001c8                isr_pendsv
                0x100001ca                isr_systick
                0x100001cc                isr_irq23
                0x100001cc                isr_irq18
                0x100001cc                isr_irq11
                0x100001cc                isr_irq28
                0x100001cc                isr_irq19
                0x100001cc                isr_irq0
                0x100001cc                isr_irq6
                0x100001cc                isr_irq5
                0x100001cc                isr_irq12
                0x100001cc                isr_irq22
                0x100001cc                isr_irq31
                0x100001cc                isr_irq17
                0x100001cc                isr_irq27
                0x100001cc                isr_irq30
                0x100001cc                isr_irq2
                0x100001cc                isr_irq10
                0x100001cc                isr_irq8
                0x100001cc                isr_irq24
                0x100001cc                isr_irq1
                0x100001cc                isr_irq7
                0x100001cc                isr_irq21
                0x100001cc                isr_irq20
                0x100001cc                isr_irq15
                0x100001cc                isr_irq25
                0x100001cc                isr_irq13
                0x100001cc                __unhandled_user_irq
                0x100001cc                isr_irq4
                0x100001cc                isr_irq16
                0x100001cc                isr_irq29
                0x100001cc                isr_irq26
                0x100001cc                __default_isrs_end
                0x100001cc                isr_irq3
                0x100001cc                isr_irq14
                0x100001cc                isr_irq9
                0x100001d2                unhandled_user_irq_num_in_r0
 *(.binary_info_header)
 .binary_info_header
                0x100001d4       0x14 CMakeFiles/w6x00_loopback.dir/__/__/libraries/pico-sdk/src/rp2_common/pico_standard_link/crt0.S.obj
                0x100001e8                __binary_info_header_end = .
 *(.reset)
 .reset         0x100001e8       0xa8 CMakeFiles/w6x00_loopback.dir/__/__/libraries/pico-sdk/src/rp2_common/pico_standard_link/crt0.S.obj
                0x100001e8                _entry_point
                0x10000266                __get_current_exception
 .reset         0x10000290       0x30 CMakeFiles/w6x00_loopback.dir/__/__/libraries/pico-sdk/src/rp2_common/pico_standard_link/binary_info.c.obj
 *(.init)
 .init          0x100002c0        0x4 c:/progra~1/raspbe~1/picosd~1.1/gcc-ar~1/bin/../lib/gcc/arm-none-eabi/10.3.1/thumb/v6-m/nofp/crti.o
                0x100002c0                _init
 *(EXCLUDE_FILE(*libm.a: *libc.a:*lib_a-mem*.o *libgcc.a:) .text*)
 .text          0x100002c4       0x48 c:/progra~1/raspbe~1/picosd~1.1/gcc-ar~1/bin/../lib/gcc/arm-none-eabi/10.3.1/thumb/v6-m/nofp/crtbegin.o
 .text.repeating_timer_callback
                0x1000030c       0x28 CMakeFiles/w6x00_loopback.dir/w6x00_loopback.c.obj
 .text.button_fade_command
                0x10000334       0x1c CMakeFiles/w6x00_loopback.dir/w6x00_loopback.c.obj
                0x10000334                button_fade_command
 .text.handle_command2
                0x10000350       0x10 CMakeFiles/w6x00_loopback.dir/w6x00_loopback.c.obj
                0x10000350                handle_command2
 .text.set_clock_khz
                0x10000360       0x44 CMakeFiles/w6x00_loopback.dir/w6x00_loopback.c.obj
 .text.init_uart
                0x100003a4       0x4c CMakeFiles/w6x00_loopback.dir/w6x00_loopback.c.obj
                0x100003a4                init_uart
 .text.hardware_UART_send_data
                0x100003f0       0x94 CMakeFiles/w6x00_loopback.dir/w6x00_loopback.c.obj
                0x100003f0                hardware_UART_send_data
 .text.delay_us
                0x10000484        0xa CMakeFiles/w6x00_loopback.dir/w6x00_loopback.c.obj
                0x10000484                delay_us
 .text.uart_transmit_command
                0x1000048e       0x4c CMakeFiles/w6x00_loopback.dir/w6x00_loopback.c.obj
                0x1000048e                uart_transmit_command
 .text.print_debug_console
                0x100004da       0x22 CMakeFiles/w6x00_loopback.dir/w6x00_loopback.c.obj
                0x100004da                print_debug_console
 .text.settingsInput
                0x100004fc       0x94 CMakeFiles/w6x00_loopback.dir/w6x00_loopback.c.obj
                0x100004fc                settingsInput
 .text.change_disconnect_timer_menu
                0x10000590       0xd4 CMakeFiles/w6x00_loopback.dir/w6x00_loopback.c.obj
                0x10000590                change_disconnect_timer_menu
 .text.change_baudrate_menu
                0x10000664      0x124 CMakeFiles/w6x00_loopback.dir/w6x00_loopback.c.obj
                0x10000664                change_baudrate_menu
 .text.combineChars
                0x10000788       0x1c CMakeFiles/w6x00_loopback.dir/w6x00_loopback.c.obj
                0x10000788                combineChars
 .text.change_ip_menu
                0x100007a4      0x134 CMakeFiles/w6x00_loopback.dir/w6x00_loopback.c.obj
                0x100007a4                change_ip_menu
 .text.transmitHexCommand
                0x100008d8       0x38 CMakeFiles/w6x00_loopback.dir/w6x00_loopback.c.obj
                0x100008d8                transmitHexCommand
 .text.assignTelnetSuffix
                0x10000910       0x2a CMakeFiles/w6x00_loopback.dir/w6x00_loopback.c.obj
                0x10000910                assignTelnetSuffix
 *fill*         0x1000093a        0x2 
 .text.hexToTelnet
                0x1000093c       0x84 CMakeFiles/w6x00_loopback.dir/w6x00_loopback.c.obj
                0x1000093c                hexToTelnet
 .text.copyToSerial
                0x100009c0       0x2c CMakeFiles/w6x00_loopback.dir/w6x00_loopback.c.obj
                0x100009c0                copyToSerial
 .text.printMenus
                0x100009ec       0x48 CMakeFiles/w6x00_loopback.dir/w6x00_loopback.c.obj
                0x100009ec                printMenus
 .text.mainMenu
                0x10000a34       0x78 CMakeFiles/w6x00_loopback.dir/w6x00_loopback.c.obj
                0x10000a34                mainMenu
 .text.intToString
                0x10000aac       0x30 CMakeFiles/w6x00_loopback.dir/w6x00_loopback.c.obj
                0x10000aac                intToString
 .text.combineIntegersToString
                0x10000adc       0x8c CMakeFiles/w6x00_loopback.dir/w6x00_loopback.c.obj
                0x10000adc                combineIntegersToString
 .text.networkingMenu
                0x10000b68       0x80 CMakeFiles/w6x00_loopback.dir/w6x00_loopback.c.obj
                0x10000b68                networkingMenu
 .text.applicationMenu
                0x10000be8       0x5c CMakeFiles/w6x00_loopback.dir/w6x00_loopback.c.obj
                0x10000be8                applicationMenu
 .text.monitoringMenu
                0x10000c44       0x88 CMakeFiles/w6x00_loopback.dir/w6x00_loopback.c.obj
                0x10000c44                monitoringMenu
 .text.debug_socket_behaviour
                0x10000ccc       0xb0 CMakeFiles/w6x00_loopback.dir/w6x00_loopback.c.obj
                0x10000ccc                debug_socket_behaviour
 .text.init_server_socket
                0x10000d7c      0x208 CMakeFiles/w6x00_loopback.dir/w6x00_loopback.c.obj
                0x10000d7c                init_server_socket
 .text.handle_unknown_command
                0x10000f84       0x10 CMakeFiles/w6x00_loopback.dir/w6x00_loopback.c.obj
                0x10000f84                handle_unknown_command
 .text.api_command
                0x10000f94       0x38 CMakeFiles/w6x00_loopback.dir/w6x00_loopback.c.obj
                0x10000f94                api_command
 .text.api_socket_behaviour
                0x10000fcc       0x50 CMakeFiles/w6x00_loopback.dir/w6x00_loopback.c.obj
                0x10000fcc                api_socket_behaviour
 .text.init_api_socket
                0x1000101c      0x214 CMakeFiles/w6x00_loopback.dir/w6x00_loopback.c.obj
                0x1000101c                init_api_socket
 .text.readCharFromFlash
                0x10001230        0x8 CMakeFiles/w6x00_loopback.dir/w6x00_loopback.c.obj
                0x10001230                readCharFromFlash
 .text.socket_behaviour
                0x10001238       0x70 CMakeFiles/w6x00_loopback.dir/w6x00_loopback.c.obj
                0x10001238                socket_behaviour
 .text.main     0x100012a8      0x280 CMakeFiles/w6x00_loopback.dir/w6x00_loopback.c.obj
                0x100012a8                main
 .text.set_sys_clock_pll
                0x10001528       0x78 CMakeFiles/w6x00_loopback.dir/__/__/libraries/pico-sdk/src/rp2_common/pico_stdlib/stdlib.c.obj
                0x10001528                set_sys_clock_pll
 .text.check_sys_clock_khz
                0x100015a0       0xb0 CMakeFiles/w6x00_loopback.dir/__/__/libraries/pico-sdk/src/rp2_common/pico_stdlib/stdlib.c.obj
                0x100015a0                check_sys_clock_khz
 .text.gpio_set_function
                0x10001650       0x30 CMakeFiles/w6x00_loopback.dir/__/__/libraries/pico-sdk/src/rp2_common/hardware_gpio/gpio.c.obj
                0x10001650                gpio_set_function
 .text.gpio_set_pulls
                0x10001680       0x34 CMakeFiles/w6x00_loopback.dir/__/__/libraries/pico-sdk/src/rp2_common/hardware_gpio/gpio.c.obj
                0x10001680                gpio_set_pulls
 .text.gpio_init
                0x100016b4       0x16 CMakeFiles/w6x00_loopback.dir/__/__/libraries/pico-sdk/src/rp2_common/hardware_gpio/gpio.c.obj
                0x100016b4                gpio_init
 *fill*         0x100016ca        0x2 
 .text.hw_claim_lock
                0x100016cc       0x18 CMakeFiles/w6x00_loopback.dir/__/__/libraries/pico-sdk/src/rp2_common/hardware_claim/claim.c.obj
                0x100016cc                hw_claim_lock
 .text.hw_claim_unlock
                0x100016e4       0x14 CMakeFiles/w6x00_loopback.dir/__/__/libraries/pico-sdk/src/rp2_common/hardware_claim/claim.c.obj
                0x100016e4                hw_claim_unlock
 .text.hw_claim_or_assert
                0x100016f8       0x32 CMakeFiles/w6x00_loopback.dir/__/__/libraries/pico-sdk/src/rp2_common/hardware_claim/claim.c.obj
                0x100016f8                hw_claim_or_assert
 .text.hw_claim_unused_from_range
                0x1000172a       0x50 CMakeFiles/w6x00_loopback.dir/__/__/libraries/pico-sdk/src/rp2_common/hardware_claim/claim.c.obj
                0x1000172a                hw_claim_unused_from_range
 *fill*         0x1000177a        0x2 
 .text.running_on_fpga
                0x1000177c       0x14 CMakeFiles/w6x00_loopback.dir/__/__/libraries/pico-sdk/src/rp2_common/pico_platform/platform.c.obj
                0x1000177c                running_on_fpga
 .text.spin_locks_reset
                0x10001790       0x20 CMakeFiles/w6x00_loopback.dir/__/__/libraries/pico-sdk/src/rp2_common/hardware_sync/sync.c.obj
                0x10001790                spin_locks_reset
 .text.next_striped_spin_lock_num
                0x100017b0       0x1c CMakeFiles/w6x00_loopback.dir/__/__/libraries/pico-sdk/src/rp2_common/hardware_sync/sync.c.obj
                0x100017b0                next_striped_spin_lock_num
 .text.spin_lock_claim_unused
                0x100017cc       0x20 CMakeFiles/w6x00_loopback.dir/__/__/libraries/pico-sdk/src/rp2_common/hardware_sync/sync.c.obj
                0x100017cc                spin_lock_claim_unused
 .text.set_raw_irq_handler_and_unlock
                0x100017ec       0x28 CMakeFiles/w6x00_loopback.dir/__/__/libraries/pico-sdk/src/rp2_common/hardware_irq/irq.c.obj
 .text.make_branch
                0x10001814       0x48 CMakeFiles/w6x00_loopback.dir/__/__/libraries/pico-sdk/src/rp2_common/hardware_irq/irq.c.obj
 .text.insert_branch_and_link
                0x1000185c       0x40 CMakeFiles/w6x00_loopback.dir/__/__/libraries/pico-sdk/src/rp2_common/hardware_irq/irq.c.obj
 .text.irq_is_enabled
                0x1000189c       0x18 CMakeFiles/w6x00_loopback.dir/__/__/libraries/pico-sdk/src/rp2_common/hardware_irq/irq.c.obj
                0x1000189c                irq_is_enabled
 .text.irq_set_mask_enabled
                0x100018b4       0x20 CMakeFiles/w6x00_loopback.dir/__/__/libraries/pico-sdk/src/rp2_common/hardware_irq/irq.c.obj
                0x100018b4                irq_set_mask_enabled
 .text.irq_set_enabled
                0x100018d4        0xe CMakeFiles/w6x00_loopback.dir/__/__/libraries/pico-sdk/src/rp2_common/hardware_irq/irq.c.obj
                0x100018d4                irq_set_enabled
 *fill*         0x100018e2        0x2 
 .text.irq_set_pending
                0x100018e4       0x10 CMakeFiles/w6x00_loopback.dir/__/__/libraries/pico-sdk/src/rp2_common/hardware_irq/irq.c.obj
                0x100018e4                irq_set_pending
 .text.irq_get_vtable_handler
                0x100018f4       0x10 CMakeFiles/w6x00_loopback.dir/__/__/libraries/pico-sdk/src/rp2_common/hardware_irq/irq.c.obj
                0x100018f4                irq_get_vtable_handler
 .text.irq_has_shared_handler
                0x10001904       0x24 CMakeFiles/w6x00_loopback.dir/__/__/libraries/pico-sdk/src/rp2_common/hardware_irq/irq.c.obj
                0x10001904                irq_has_shared_handler
 .text.irq_set_exclusive_handler
                0x10001928       0x54 CMakeFiles/w6x00_loopback.dir/__/__/libraries/pico-sdk/src/rp2_common/hardware_irq/irq.c.obj
                0x10001928                irq_set_exclusive_handler
 .text.irq_add_shared_handler
                0x1000197c      0x230 CMakeFiles/w6x00_loopback.dir/__/__/libraries/pico-sdk/src/rp2_common/hardware_irq/irq.c.obj
                0x1000197c                irq_add_shared_handler
 .text.irq_remove_handler
                0x10001bac      0x1a8 CMakeFiles/w6x00_loopback.dir/__/__/libraries/pico-sdk/src/rp2_common/hardware_irq/irq.c.obj
                0x10001bac                irq_remove_handler
 .text.irq_add_tail_to_free_list
                0x10001d54       0xf0 CMakeFiles/w6x00_loopback.dir/__/__/libraries/pico-sdk/src/rp2_common/hardware_irq/irq.c.obj
                0x10001d54                irq_add_tail_to_free_list
 .text.irq_init_priorities
                0x10001e44       0x1c CMakeFiles/w6x00_loopback.dir/__/__/libraries/pico-sdk/src/rp2_common/hardware_irq/irq.c.obj
                0x10001e44                irq_init_priorities
 .text.user_irq_claim_unused
                0x10001e60       0x30 CMakeFiles/w6x00_loopback.dir/__/__/libraries/pico-sdk/src/rp2_common/hardware_irq/irq.c.obj
                0x10001e60                user_irq_claim_unused
 .text.lock_init
                0x10001e90       0x10 CMakeFiles/w6x00_loopback.dir/__/__/libraries/pico-sdk/src/common/pico_sync/lock_core.c.obj
                0x10001e90                lock_init
 .text.repeating_timer_callback
                0x10001ea0       0x40 CMakeFiles/w6x00_loopback.dir/__/__/libraries/pico-sdk/src/common/pico_time/time.c.obj
 .text.alarm_pool_post_alloc_init
                0x10001ee0       0x40 CMakeFiles/w6x00_loopback.dir/__/__/libraries/pico-sdk/src/common/pico_time/time.c.obj
 .text.sleep_until_callback
                0x10001f20       0x30 CMakeFiles/w6x00_loopback.dir/__/__/libraries/pico-sdk/src/common/pico_time/time.c.obj
 .text.timer_pool_entry_comparator
                0x10001f50       0x7c CMakeFiles/w6x00_loopback.dir/__/__/libraries/pico-sdk/src/common/pico_time/time.c.obj
                0x10001f50                timer_pool_entry_comparator
 .text.ph_add_child_node
                0x10001fcc       0xa4 CMakeFiles/w6x00_loopback.dir/__/__/libraries/pico-sdk/src/common/pico_time/time.c.obj
 .text.ph_merge_nodes
                0x10002070       0x3e CMakeFiles/w6x00_loopback.dir/__/__/libraries/pico-sdk/src/common/pico_time/time.c.obj
 *fill*         0x100020ae        0x2 
 .text.add_alarm_under_lock
                0x100020b0      0x174 CMakeFiles/w6x00_loopback.dir/__/__/libraries/pico-sdk/src/common/pico_time/time.c.obj
 .text.alarm_pool_alarm_callback
                0x10002224      0x328 CMakeFiles/w6x00_loopback.dir/__/__/libraries/pico-sdk/src/common/pico_time/time.c.obj
 .text.alarm_pool_init_default
                0x1000254c       0x38 CMakeFiles/w6x00_loopback.dir/__/__/libraries/pico-sdk/src/common/pico_time/time.c.obj
                0x1000254c                alarm_pool_init_default
 .text.alarm_pool_get_default
                0x10002584       0x2c CMakeFiles/w6x00_loopback.dir/__/__/libraries/pico-sdk/src/common/pico_time/time.c.obj
                0x10002584                alarm_pool_get_default
 .text.alarm_pool_add_alarm_at
                0x100025b0      0x170 CMakeFiles/w6x00_loopback.dir/__/__/libraries/pico-sdk/src/common/pico_time/time.c.obj
                0x100025b0                alarm_pool_add_alarm_at
 .text.alarm_pool_cancel_alarm
                0x10002720       0xf0 CMakeFiles/w6x00_loopback.dir/__/__/libraries/pico-sdk/src/common/pico_time/time.c.obj
                0x10002720                alarm_pool_cancel_alarm
 .text.alarm_pool_add_repeating_timer_us
                0x10002810       0x9c CMakeFiles/w6x00_loopback.dir/__/__/libraries/pico-sdk/src/common/pico_time/time.c.obj
                0x10002810                alarm_pool_add_repeating_timer_us
 .text.sleep_until
                0x100028ac       0xfc CMakeFiles/w6x00_loopback.dir/__/__/libraries/pico-sdk/src/common/pico_time/time.c.obj
                0x100028ac                sleep_until
 .text.sleep_us
                0x100029a8       0x58 CMakeFiles/w6x00_loopback.dir/__/__/libraries/pico-sdk/src/common/pico_time/time.c.obj
                0x100029a8                sleep_us
 .text.sleep_ms
                0x10002a00       0x14 CMakeFiles/w6x00_loopback.dir/__/__/libraries/pico-sdk/src/common/pico_time/time.c.obj
                0x10002a00                sleep_ms
 .text.best_effort_wfe_or_timeout
                0x10002a14       0x80 CMakeFiles/w6x00_loopback.dir/__/__/libraries/pico-sdk/src/common/pico_time/time.c.obj
                0x10002a14                best_effort_wfe_or_timeout
 .text.hardware_alarm_irq_handler
                0x10002a94       0x8c CMakeFiles/w6x00_loopback.dir/__/__/libraries/pico-sdk/src/rp2_common/hardware_timer/timer.c.obj
 .text.hardware_alarm_claim
                0x10002b20       0x18 CMakeFiles/w6x00_loopback.dir/__/__/libraries/pico-sdk/src/rp2_common/hardware_timer/timer.c.obj
                0x10002b20                hardware_alarm_claim
 .text.time_us_64
                0x10002b38       0x18 CMakeFiles/w6x00_loopback.dir/__/__/libraries/pico-sdk/src/rp2_common/hardware_timer/timer.c.obj
                0x10002b38                time_us_64
 .text.busy_wait_until
                0x10002b50       0x28 CMakeFiles/w6x00_loopback.dir/__/__/libraries/pico-sdk/src/rp2_common/hardware_timer/timer.c.obj
                0x10002b50                busy_wait_until
 .text.busy_wait_us
                0x10002b78       0x48 CMakeFiles/w6x00_loopback.dir/__/__/libraries/pico-sdk/src/rp2_common/hardware_timer/timer.c.obj
                0x10002b78                busy_wait_us
 .text.hardware_alarm_set_callback
                0x10002bc0       0x90 CMakeFiles/w6x00_loopback.dir/__/__/libraries/pico-sdk/src/rp2_common/hardware_timer/timer.c.obj
                0x10002bc0                hardware_alarm_set_callback
 .text.hardware_alarm_set_target
                0x10002c50       0xe8 CMakeFiles/w6x00_loopback.dir/__/__/libraries/pico-sdk/src/rp2_common/hardware_timer/timer.c.obj
                0x10002c50                hardware_alarm_set_target
 .text.hardware_alarm_cancel
                0x10002d38       0x40 CMakeFiles/w6x00_loopback.dir/__/__/libraries/pico-sdk/src/rp2_common/hardware_timer/timer.c.obj
                0x10002d38                hardware_alarm_cancel
 .text.ph_add_child_node
                0x10002d78       0xa4 CMakeFiles/w6x00_loopback.dir/__/__/libraries/pico-sdk/src/common/pico_util/pheap.c.obj
 .text.ph_merge_nodes
                0x10002e1c       0x3e CMakeFiles/w6x00_loopback.dir/__/__/libraries/pico-sdk/src/common/pico_util/pheap.c.obj
 *fill*         0x10002e5a        0x2 
 .text.ph_clear
                0x10002e5c       0x70 CMakeFiles/w6x00_loopback.dir/__/__/libraries/pico-sdk/src/common/pico_util/pheap.c.obj
                0x10002e5c                ph_clear
 .text.ph_post_alloc_init
                0x10002ecc        0xe CMakeFiles/w6x00_loopback.dir/__/__/libraries/pico-sdk/src/common/pico_util/pheap.c.obj
                0x10002ecc                ph_post_alloc_init
 *fill*         0x10002eda        0x2 
 .text.ph_merge_two_pass
                0x10002edc       0xa8 CMakeFiles/w6x00_loopback.dir/__/__/libraries/pico-sdk/src/common/pico_util/pheap.c.obj
                0x10002edc                ph_merge_two_pass
 .text.ph_remove_any_head
                0x10002f84      0x108 CMakeFiles/w6x00_loopback.dir/__/__/libraries/pico-sdk/src/common/pico_util/pheap.c.obj
 .text.ph_remove_head
                0x1000308c       0x14 CMakeFiles/w6x00_loopback.dir/__/__/libraries/pico-sdk/src/common/pico_util/pheap.c.obj
                0x1000308c                ph_remove_head
 .text.ph_remove_and_free_node
                0x100030a0       0xf8 CMakeFiles/w6x00_loopback.dir/__/__/libraries/pico-sdk/src/common/pico_util/pheap.c.obj
                0x100030a0                ph_remove_and_free_node
 .text.mutex_init
                0x10003198       0x1a CMakeFiles/w6x00_loopback.dir/__/__/libraries/pico-sdk/src/common/pico_sync/mutex.c.obj
                0x10003198                mutex_init
 .text.recursive_mutex_init
                0x100031b2       0x1e CMakeFiles/w6x00_loopback.dir/__/__/libraries/pico-sdk/src/common/pico_sync/mutex.c.obj
                0x100031b2                recursive_mutex_init
 .text.critical_section_init_with_lock_num
                0x100031d0       0x14 CMakeFiles/w6x00_loopback.dir/__/__/libraries/pico-sdk/src/common/pico_sync/critical_section.c.obj
                0x100031d0                critical_section_init_with_lock_num
 .text.critical_section_init
                0x100031e4       0x14 CMakeFiles/w6x00_loopback.dir/__/__/libraries/pico-sdk/src/common/pico_sync/critical_section.c.obj
                0x100031e4                critical_section_init
 .text.uart_set_baudrate
                0x100031f8       0x5c CMakeFiles/w6x00_loopback.dir/__/__/libraries/pico-sdk/src/rp2_common/hardware_uart/uart.c.obj
                0x100031f8                uart_set_baudrate
 .text.uart_set_translate_crlf
                0x10003254       0x28 CMakeFiles/w6x00_loopback.dir/__/__/libraries/pico-sdk/src/rp2_common/hardware_uart/uart.c.obj
                0x10003254                uart_set_translate_crlf
 .text.uart_init
                0x1000327c       0x80 CMakeFiles/w6x00_loopback.dir/__/__/libraries/pico-sdk/src/rp2_common/hardware_uart/uart.c.obj
                0x1000327c                uart_init
 .text._exit    0x100032fc        0x4 CMakeFiles/w6x00_loopback.dir/__/__/libraries/pico-sdk/src/rp2_common/pico_runtime/runtime.c.obj
                0x100032fc                _exit
 .text._sbrk    0x10003300       0x38 CMakeFiles/w6x00_loopback.dir/__/__/libraries/pico-sdk/src/rp2_common/pico_runtime/runtime.c.obj
                0x10003300                _sbrk
 .text.exit     0x10003338        0x6 CMakeFiles/w6x00_loopback.dir/__/__/libraries/pico-sdk/src/rp2_common/pico_runtime/runtime.c.obj
                0x10003338                exit
 *fill*         0x1000333e        0x2 
 .text.__assert_func
                0x10003340       0x3c CMakeFiles/w6x00_loopback.dir/__/__/libraries/pico-sdk/src/rp2_common/pico_runtime/runtime.c.obj
                0x10003340                __assert_func
 .text.runtime_init
                0x1000337c       0xf8 CMakeFiles/w6x00_loopback.dir/__/__/libraries/pico-sdk/src/rp2_common/pico_runtime/runtime.c.obj
                0x1000337c                runtime_init
 .text.panic    0x10003474       0x30 CMakeFiles/w6x00_loopback.dir/__/__/libraries/pico-sdk/src/rp2_common/pico_runtime/runtime.c.obj
                0x10003474                panic
 .text.clock_configure
                0x100034a4      0x104 CMakeFiles/w6x00_loopback.dir/__/__/libraries/pico-sdk/src/rp2_common/hardware_clocks/clocks.c.obj
                0x100034a4                clock_configure
 .text.clocks_init
                0x100035a8      0x100 CMakeFiles/w6x00_loopback.dir/__/__/libraries/pico-sdk/src/rp2_common/hardware_clocks/clocks.c.obj
                0x100035a8                clocks_init
 .text.clock_get_hz
                0x100036a8        0xc CMakeFiles/w6x00_loopback.dir/__/__/libraries/pico-sdk/src/rp2_common/hardware_clocks/clocks.c.obj
                0x100036a8                clock_get_hz
 .text.pll_init
                0x100036b4      0x140 CMakeFiles/w6x00_loopback.dir/__/__/libraries/pico-sdk/src/rp2_common/hardware_pll/pll.c.obj
                0x100036b4                pll_init
 .text.watchdog_start_tick
                0x100037f4       0x10 CMakeFiles/w6x00_loopback.dir/__/__/libraries/pico-sdk/src/rp2_common/hardware_watchdog/watchdog.c.obj
                0x100037f4                watchdog_start_tick
 .text.watchdog_update
                0x10003804       0x14 CMakeFiles/w6x00_loopback.dir/__/__/libraries/pico-sdk/src/rp2_common/hardware_watchdog/watchdog.c.obj
                0x10003804                watchdog_update
 .text._watchdog_enable
                0x10003818       0x78 CMakeFiles/w6x00_loopback.dir/__/__/libraries/pico-sdk/src/rp2_common/hardware_watchdog/watchdog.c.obj
                0x10003818                _watchdog_enable
 .text.watchdog_enable
                0x10003890       0x18 CMakeFiles/w6x00_loopback.dir/__/__/libraries/pico-sdk/src/rp2_common/hardware_watchdog/watchdog.c.obj
                0x10003890                watchdog_enable
 .text.watchdog_reboot
                0x100038a8       0x48 CMakeFiles/w6x00_loopback.dir/__/__/libraries/pico-sdk/src/rp2_common/hardware_watchdog/watchdog.c.obj
                0x100038a8                watchdog_reboot
 .text.xosc_init
                0x100038f0       0x28 CMakeFiles/w6x00_loopback.dir/__/__/libraries/pico-sdk/src/rp2_common/hardware_xosc/xosc.c.obj
                0x100038f0                xosc_init
 .text._out_buffer
                0x10003918        0x8 CMakeFiles/w6x00_loopback.dir/__/__/libraries/pico-sdk/src/rp2_common/pico_printf/printf.c.obj
 .text._out_null
                0x10003920        0x2 CMakeFiles/w6x00_loopback.dir/__/__/libraries/pico-sdk/src/rp2_common/pico_printf/printf.c.obj
 .text._out_fct
                0x10003922        0xe CMakeFiles/w6x00_loopback.dir/__/__/libraries/pico-sdk/src/rp2_common/pico_printf/printf.c.obj
 .text._atoi    0x10003930       0x24 CMakeFiles/w6x00_loopback.dir/__/__/libraries/pico-sdk/src/rp2_common/pico_printf/printf.c.obj
 .text._out_rev
                0x10003954       0xae CMakeFiles/w6x00_loopback.dir/__/__/libraries/pico-sdk/src/rp2_common/pico_printf/printf.c.obj
 .text._ntoa_format
                0x10003a02      0x112 CMakeFiles/w6x00_loopback.dir/__/__/libraries/pico-sdk/src/rp2_common/pico_printf/printf.c.obj
 .text._ntoa_long
                0x10003b14       0xbc CMakeFiles/w6x00_loopback.dir/__/__/libraries/pico-sdk/src/rp2_common/pico_printf/printf.c.obj
 .text._ntoa_long_long
                0x10003bd0       0xe2 CMakeFiles/w6x00_loopback.dir/__/__/libraries/pico-sdk/src/rp2_common/pico_printf/printf.c.obj
 *fill*         0x10003cb2        0x2 
 .text._etoa    0x10003cb4      0x414 CMakeFiles/w6x00_loopback.dir/__/__/libraries/pico-sdk/src/rp2_common/pico_printf/printf.c.obj
 .text._ftoa    0x100040c8      0x354 CMakeFiles/w6x00_loopback.dir/__/__/libraries/pico-sdk/src/rp2_common/pico_printf/printf.c.obj
 .text._vsnprintf
                0x1000441c      0x624 CMakeFiles/w6x00_loopback.dir/__/__/libraries/pico-sdk/src/rp2_common/pico_printf/printf.c.obj
 .text.__wrap_sprintf
                0x10004a40       0x28 CMakeFiles/w6x00_loopback.dir/__/__/libraries/pico-sdk/src/rp2_common/pico_printf/printf.c.obj
                0x10004a40                __wrap_sprintf
 .text.__wrap_snprintf
                0x10004a68       0x28 CMakeFiles/w6x00_loopback.dir/__/__/libraries/pico-sdk/src/rp2_common/pico_printf/printf.c.obj
                0x10004a68                __wrap_snprintf
 .text.vfctprintf
                0x10004a90       0x20 CMakeFiles/w6x00_loopback.dir/__/__/libraries/pico-sdk/src/rp2_common/pico_printf/printf.c.obj
                0x10004a90                vfctprintf
 .text          0x10004ab0       0x10 CMakeFiles/w6x00_loopback.dir/__/__/libraries/pico-sdk/src/rp2_common/pico_bit_ops/bit_ops_aeabi.S.obj
 .text.rom_func_lookup
                0x10004ac0       0x10 CMakeFiles/w6x00_loopback.dir/__/__/libraries/pico-sdk/src/rp2_common/pico_bootrom/bootrom.c.obj
                0x10004ac0                rom_func_lookup
 .text.rom_data_lookup
                0x10004ad0       0x10 CMakeFiles/w6x00_loopback.dir/__/__/libraries/pico-sdk/src/rp2_common/pico_bootrom/bootrom.c.obj
                0x10004ad0                rom_data_lookup
 .text.rom_funcs_lookup
                0x10004ae0       0x36 CMakeFiles/w6x00_loopback.dir/__/__/libraries/pico-sdk/src/rp2_common/pico_bootrom/bootrom.c.obj
                0x10004ae0                rom_funcs_lookup
 *fill*         0x10004b16        0x2 
 .text.__wrap___aeabi_idiv
                0x10004b18       0x50 CMakeFiles/w6x00_loopback.dir/__/__/libraries/pico-sdk/src/rp2_common/pico_divider/divider.S.obj
                0x10004b18                __wrap___aeabi_idivmod
                0x10004b18                divmod_s32s32
                0x10004b18                div_s32s32
                0x10004b18                __wrap___aeabi_idiv
                0x10004b20                divmod_s32s32_unsafe
                0x10004b4c                divmod_s32s32_savestate
 .text.__wrap___aeabi_uidiv
                0x10004b68       0x4c CMakeFiles/w6x00_loopback.dir/__/__/libraries/pico-sdk/src/rp2_common/pico_divider/divider.S.obj
                0x10004b68                __wrap___aeabi_uidiv
                0x10004b68                __wrap___aeabi_uidivmod
                0x10004b68                div_u32u32
                0x10004b68                divmod_u32u32
                0x10004b70                divmod_u32u32_unsafe
                0x10004b98                divmod_u32u32_savestate
 .text.__wrap___aeabi_ldiv
                0x10004bb4      0x434 CMakeFiles/w6x00_loopback.dir/__/__/libraries/pico-sdk/src/rp2_common/pico_divider/divider.S.obj
                0x10004bb4                div_s64s64
                0x10004bb4                divmod_s64s64
                0x10004bb4                __wrap___aeabi_ldivmod
                0x10004bec                divmod_u64u64
                0x10004bec                div_u64u64
                0x10004bec                __wrap___aeabi_uldivmod
                0x10004bfc                divmod_u64u64_savestate
                0x10004c24                divmod_s64s64_unsafe
                0x10004cac                divmod_u64u64_unsafe
 .text.__wrap___aeabi_darithmetic
                0x10004fe8       0x80 CMakeFiles/w6x00_loopback.dir/__/__/libraries/pico-sdk/src/rp2_common/pico_double/double_aeabi.S.obj
                0x10004fe8                __wrap___aeabi_drsub
                0x10004fee                __wrap___aeabi_dsub
                0x10005000                __wrap___aeabi_dadd
                0x10005012                __wrap___aeabi_ddiv
                0x1000504e                __wrap___aeabi_dmul
 .text.__wrap___aeabi_cdcmple
                0x10005068       0x6c CMakeFiles/w6x00_loopback.dir/__/__/libraries/pico-sdk/src/rp2_common/pico_double/double_aeabi.S.obj
                0x10005068                __wrap___aeabi_cdrcmple
                0x10005078                __wrap___aeabi_cdcmpeq
                0x10005078                __wrap___aeabi_cdcmple
 .text.__wrap___aeabi_dcmpeq
                0x100050d4       0x10 CMakeFiles/w6x00_loopback.dir/__/__/libraries/pico-sdk/src/rp2_common/pico_double/double_aeabi.S.obj
                0x100050d4                __wrap___aeabi_dcmpeq
 .text.__wrap___aeabi_dcmplt
                0x100050e4        0xc CMakeFiles/w6x00_loopback.dir/__/__/libraries/pico-sdk/src/rp2_common/pico_double/double_aeabi.S.obj
                0x100050e4                __wrap___aeabi_dcmplt
 .text.__wrap___aeabi_dcmple
                0x100050f0       0x10 CMakeFiles/w6x00_loopback.dir/__/__/libraries/pico-sdk/src/rp2_common/pico_double/double_aeabi.S.obj
                0x100050f0                __wrap___aeabi_dcmple
 .text.__wrap___aeabi_dcmpge
                0x10005100       0x10 CMakeFiles/w6x00_loopback.dir/__/__/libraries/pico-sdk/src/rp2_common/pico_double/double_aeabi.S.obj
                0x10005100                __wrap___aeabi_dcmpge
 .text.__wrap___aeabi_dcmpgt
                0x10005110        0xa CMakeFiles/w6x00_loopback.dir/__/__/libraries/pico-sdk/src/rp2_common/pico_double/double_aeabi.S.obj
                0x10005110                __wrap___aeabi_dcmpgt
 .text.__wrap___aeabi_dcmpun
                0x1000511a       0x1c CMakeFiles/w6x00_loopback.dir/__/__/libraries/pico-sdk/src/rp2_common/pico_double/double_aeabi.S.obj
                0x1000511a                __wrap___aeabi_dcmpun
 *fill*         0x10005136        0x2 
 .text.__wrap___aeabi_i2d
                0x10005138       0x38 CMakeFiles/w6x00_loopback.dir/__/__/libraries/pico-sdk/src/rp2_common/pico_double/double_aeabi.S.obj
                0x10005138                __wrap___aeabi_ui2d
                0x10005140                __wrap___aeabi_i2d
 .text.__wrap___aeabi_d2iz
                0x10005170       0x48 CMakeFiles/w6x00_loopback.dir/__/__/libraries/pico-sdk/src/rp2_common/pico_double/double_aeabi.S.obj
                0x10005170                double2int_z
                0x10005170                __wrap___aeabi_d2iz
 .text.__wrap___aeabi_d2uiz
                0x100051b8       0x18 CMakeFiles/w6x00_loopback.dir/__/__/libraries/pico-sdk/src/rp2_common/pico_double/double_aeabi.S.obj
                0x100051b8                __wrap___aeabi_d2uiz
                0x100051b8                double2uint
 .text.__wrap_exp
                0x100051d0       0x18 CMakeFiles/w6x00_loopback.dir/__/__/libraries/pico-sdk/src/rp2_common/pico_double/double_aeabi.S.obj
                0x100051d0                __wrap_exp
 .text.__wrap_log
                0x100051e8       0x18 CMakeFiles/w6x00_loopback.dir/__/__/libraries/pico-sdk/src/rp2_common/pico_double/double_aeabi.S.obj
                0x100051e8                __wrap_log
 .text.__aeabi_double_init
                0x10005200       0xc8 CMakeFiles/w6x00_loopback.dir/__/__/libraries/pico-sdk/src/rp2_common/pico_double/double_init_rom.c.obj
                0x10005200                __aeabi_double_init
 .text.dpow_int2
                0x100052c8       0x2c CMakeFiles/w6x00_loopback.dir/__/__/libraries/pico-sdk/src/rp2_common/pico_double/double_math.c.obj
 .text.dpow_1   0x100052f4      0x2a8 CMakeFiles/w6x00_loopback.dir/__/__/libraries/pico-sdk/src/rp2_common/pico_double/double_math.c.obj
 .text.dpow_0   0x1000559c      0x1a0 CMakeFiles/w6x00_loopback.dir/__/__/libraries/pico-sdk/src/rp2_common/pico_double/double_math.c.obj
 .text.__wrap_ldexp
                0x1000573c       0x50 CMakeFiles/w6x00_loopback.dir/__/__/libraries/pico-sdk/src/rp2_common/pico_double/double_math.c.obj
                0x1000573c                __wrap_ldexp
 .text.__wrap_round
                0x1000578c       0x9c CMakeFiles/w6x00_loopback.dir/__/__/libraries/pico-sdk/src/rp2_common/pico_double/double_math.c.obj
                0x1000578c                __wrap_round
 .text.__wrap_exp2
                0x10005828       0xcc CMakeFiles/w6x00_loopback.dir/__/__/libraries/pico-sdk/src/rp2_common/pico_double/double_math.c.obj
                0x10005828                __wrap_exp2
 .text.__wrap_pow
                0x100058f4      0x37c CMakeFiles/w6x00_loopback.dir/__/__/libraries/pico-sdk/src/rp2_common/pico_double/double_math.c.obj
                0x100058f4                __wrap_pow
 .text.double_table_shim_on_use_helper
                0x10005c70       0x34 CMakeFiles/w6x00_loopback.dir/__/__/libraries/pico-sdk/src/rp2_common/pico_double/double_v1_rom_shim.S.obj
                0x10005c70                double_table_shim_on_use_helper
 .text.__wrap___aeabi_dsub
                0x10005ca4       0x10 CMakeFiles/w6x00_loopback.dir/__/__/libraries/pico-sdk/src/rp2_common/pico_double/double_v1_rom_shim.S.obj
                0x10005ca4                drsub_shim
                0x10005caa                dsub_shim
 .text.dadd_shim
                0x10005cb4      0x15c CMakeFiles/w6x00_loopback.dir/__/__/libraries/pico-sdk/src/rp2_common/pico_double/double_v1_rom_shim.S.obj
                0x10005cb4                dadd_shim
 .text.dmul_shim
                0x10005e10      0x15c CMakeFiles/w6x00_loopback.dir/__/__/libraries/pico-sdk/src/rp2_common/pico_double/double_v1_rom_shim.S.obj
                0x10005e10                dmul_shim
 .text.ddiv_shim
                0x10005f6c      0x1b0 CMakeFiles/w6x00_loopback.dir/__/__/libraries/pico-sdk/src/rp2_common/pico_double/double_v1_rom_shim.S.obj
                0x10005f6c                ddiv_shim
 .text.double2uint_shim
                0x1000611c        0xe CMakeFiles/w6x00_loopback.dir/__/__/libraries/pico-sdk/src/rp2_common/pico_double/double_v1_rom_shim.S.obj
                0x1000611c                double2uint_shim
                0x1000611e                double2ufix_shim
 *fill*         0x1000612a        0x2 
 .text.double2uint64_shim
                0x1000612c       0x70 CMakeFiles/w6x00_loopback.dir/__/__/libraries/pico-sdk/src/rp2_common/pico_double/double_v1_rom_shim.S.obj
                0x1000612c                double2uint64_shim
                0x1000612e                double2ufix64_shim
                0x1000614e                d2fix_a
 .text.x2double_shims
                0x1000619c       0x90 CMakeFiles/w6x00_loopback.dir/__/__/libraries/pico-sdk/src/rp2_common/pico_double/double_v1_rom_shim.S.obj
                0x1000619c                uint2double_shim
                0x1000619e                ufix2double_shim
                0x100061a4                int2double_shim
                0x100061a6                fix2double_shim
                0x100061ac                uint642double_shim
                0x100061ae                ufix642double_shim
                0x100061b4                int642double_shim
                0x100061b6                fix642double_shim
 .text.dunpacks
                0x1000622c       0x3c CMakeFiles/w6x00_loopback.dir/__/__/libraries/pico-sdk/src/rp2_common/pico_double/double_v1_rom_shim.S.obj
                0x1000622c                dunpacks
 .text.dreduce  0x10006268       0x82 CMakeFiles/w6x00_loopback.dir/__/__/libraries/pico-sdk/src/rp2_common/pico_double/double_v1_rom_shim.S.obj
                0x10006268                dreduce
 *fill*         0x100062ea        0x2 
 .text.dexp_guts
                0x100062ec      0x268 CMakeFiles/w6x00_loopback.dir/__/__/libraries/pico-sdk/src/rp2_common/pico_double/double_v1_rom_shim.S.obj
                0x100062ec                dexp_shim
                0x10006388                dln_shim
 .text.__aeabi_lmul
                0x10006554       0x32 CMakeFiles/w6x00_loopback.dir/__/__/libraries/pico-sdk/src/rp2_common/pico_int64_ops/pico_int64_ops_aeabi.S.obj
                0x10006554                __wrap___aeabi_lmul
 *fill*         0x10006586        0x2 
 .text.__aeabi_float_init
                0x10006588       0xfc CMakeFiles/w6x00_loopback.dir/__/__/libraries/pico-sdk/src/rp2_common/pico_float/float_init_rom.c.obj
                0x10006588                __aeabi_float_init
 .text.float_table_shim_on_use_helper
                0x10006684       0x34 CMakeFiles/w6x00_loopback.dir/__/__/libraries/pico-sdk/src/rp2_common/pico_float/float_v1_rom_shim.S.obj
                0x10006684                float_table_shim_on_use_helper
 .text.__wrap_malloc
                0x100066b8       0x24 CMakeFiles/w6x00_loopback.dir/__/__/libraries/pico-sdk/src/rp2_common/pico_malloc/pico_malloc.c.obj
                0x100066b8                __wrap_malloc
 .text.__wrap_free
                0x100066dc        0x8 CMakeFiles/w6x00_loopback.dir/__/__/libraries/pico-sdk/src/rp2_common/pico_malloc/pico_malloc.c.obj
                0x100066dc                __wrap_free
 .text          0x100066e4       0x10 CMakeFiles/w6x00_loopback.dir/__/__/libraries/pico-sdk/src/rp2_common/pico_mem_ops/mem_ops_aeabi.S.obj
                0x100066e4                __aeabi_mem_init
 .text.memset   0x100066f4        0xc CMakeFiles/w6x00_loopback.dir/__/__/libraries/pico-sdk/src/rp2_common/pico_mem_ops/mem_ops_aeabi.S.obj
                0x100066f4                __wrap_memset
 .text.memcpy   0x10006700        0xc CMakeFiles/w6x00_loopback.dir/__/__/libraries/pico-sdk/src/rp2_common/pico_mem_ops/mem_ops_aeabi.S.obj
                0x10006700                __wrap_memcpy
                0x10006700                __wrap___aeabi_memcpy
 .text.stdio_out_chars_no_crlf
                0x1000670c        0xe CMakeFiles/w6x00_loopback.dir/__/__/libraries/pico-sdk/src/rp2_common/pico_stdio/stdio.c.obj
 *fill*         0x1000671a        0x2 
 .text.stdio_out_chars_crlf
                0x1000671c       0x80 CMakeFiles/w6x00_loopback.dir/__/__/libraries/pico-sdk/src/rp2_common/pico_stdio/stdio.c.obj
 .text.stdio_stack_buffer_flush
                0x1000679c       0x44 CMakeFiles/w6x00_loopback.dir/__/__/libraries/pico-sdk/src/rp2_common/pico_stdio/stdio.c.obj
 .text.stdio_buffered_printer
                0x100067e0       0x20 CMakeFiles/w6x00_loopback.dir/__/__/libraries/pico-sdk/src/rp2_common/pico_stdio/stdio.c.obj
 .text.stdout_serialize_begin
                0x10006800       0x30 CMakeFiles/w6x00_loopback.dir/__/__/libraries/pico-sdk/src/rp2_common/pico_stdio/stdio.c.obj
                0x10006800                stdout_serialize_begin
 .text.stdout_serialize_end
                0x10006830       0x10 CMakeFiles/w6x00_loopback.dir/__/__/libraries/pico-sdk/src/rp2_common/pico_stdio/stdio.c.obj
                0x10006830                stdout_serialize_end
 .text.stdio_put_string
                0x10006840       0x98 CMakeFiles/w6x00_loopback.dir/__/__/libraries/pico-sdk/src/rp2_common/pico_stdio/stdio.c.obj
 .text.__wrap_putchar
                0x100068d8       0x1c CMakeFiles/w6x00_loopback.dir/__/__/libraries/pico-sdk/src/rp2_common/pico_stdio/stdio.c.obj
                0x100068d8                __wrap_putchar
 .text.stdio_set_driver_enabled
                0x100068f4       0x2c CMakeFiles/w6x00_loopback.dir/__/__/libraries/pico-sdk/src/rp2_common/pico_stdio/stdio.c.obj
                0x100068f4                stdio_set_driver_enabled
 .text.stdio_flush
                0x10006920       0x20 CMakeFiles/w6x00_loopback.dir/__/__/libraries/pico-sdk/src/rp2_common/pico_stdio/stdio.c.obj
                0x10006920                stdio_flush
 .text.__wrap_puts
                0x10006940       0x1e CMakeFiles/w6x00_loopback.dir/__/__/libraries/pico-sdk/src/rp2_common/pico_stdio/stdio.c.obj
                0x10006940                __wrap_puts
 *fill*         0x1000695e        0x2 
 .text.__wrap_vprintf
                0x10006960       0x44 CMakeFiles/w6x00_loopback.dir/__/__/libraries/pico-sdk/src/rp2_common/pico_stdio/stdio.c.obj
                0x10006960                __wrap_vprintf
 .text.__wrap_printf
                0x100069a4       0x18 CMakeFiles/w6x00_loopback.dir/__/__/libraries/pico-sdk/src/rp2_common/pico_stdio/stdio.c.obj
                0x100069a4                __wrap_printf
 .text.stdio_init_all
                0x100069bc        0x8 CMakeFiles/w6x00_loopback.dir/__/__/libraries/pico-sdk/src/rp2_common/pico_stdio/stdio.c.obj
                0x100069bc                stdio_init_all
 .text.resetd_init
                0x100069c4        0x2 CMakeFiles/w6x00_loopback.dir/__/__/libraries/pico-sdk/src/rp2_common/pico_stdio_usb/reset_interface.c.obj
 *fill*         0x100069c6        0x2 
 .text.resetd_reset
                0x100069c8        0xc CMakeFiles/w6x00_loopback.dir/__/__/libraries/pico-sdk/src/rp2_common/pico_stdio_usb/reset_interface.c.obj
 .text.resetd_open
                0x100069d4       0x34 CMakeFiles/w6x00_loopback.dir/__/__/libraries/pico-sdk/src/rp2_common/pico_stdio_usb/reset_interface.c.obj
 .text.resetd_xfer_cb
                0x10006a08        0x4 CMakeFiles/w6x00_loopback.dir/__/__/libraries/pico-sdk/src/rp2_common/pico_stdio_usb/reset_interface.c.obj
 .text.reset_usb_boot
                0x10006a0c       0x18 CMakeFiles/w6x00_loopback.dir/__/__/libraries/pico-sdk/src/rp2_common/pico_stdio_usb/reset_interface.c.obj
 .text.resetd_control_xfer_cb
                0x10006a24       0x5c CMakeFiles/w6x00_loopback.dir/__/__/libraries/pico-sdk/src/rp2_common/pico_stdio_usb/reset_interface.c.obj
 .text.usbd_app_driver_get_cb
                0x10006a80        0xc CMakeFiles/w6x00_loopback.dir/__/__/libraries/pico-sdk/src/rp2_common/pico_stdio_usb/reset_interface.c.obj
                0x10006a80                usbd_app_driver_get_cb
 .text.tud_cdc_line_coding_cb
                0x10006a8c       0x28 CMakeFiles/w6x00_loopback.dir/__/__/libraries/pico-sdk/src/rp2_common/pico_stdio_usb/reset_interface.c.obj
                0x10006a8c                tud_cdc_line_coding_cb
 .text.stdio_usb_in_chars
                0x10006ab4       0x70 CMakeFiles/w6x00_loopback.dir/__/__/libraries/pico-sdk/src/rp2_common/pico_stdio_usb/stdio_usb.c.obj
                0x10006ab4                stdio_usb_in_chars
 .text.low_priority_worker_irq
                0x10006b24       0x20 CMakeFiles/w6x00_loopback.dir/__/__/libraries/pico-sdk/src/rp2_common/pico_stdio_usb/stdio_usb.c.obj
 .text.stdio_usb_out_chars
                0x10006b44       0xd4 CMakeFiles/w6x00_loopback.dir/__/__/libraries/pico-sdk/src/rp2_common/pico_stdio_usb/stdio_usb.c.obj
 .text.timer_task
                0x10006c18       0x40 CMakeFiles/w6x00_loopback.dir/__/__/libraries/pico-sdk/src/rp2_common/pico_stdio_usb/stdio_usb.c.obj
 .text.usb_irq  0x10006c58       0x10 CMakeFiles/w6x00_loopback.dir/__/__/libraries/pico-sdk/src/rp2_common/pico_stdio_usb/stdio_usb.c.obj
 .text.stdio_usb_init
                0x10006c68       0xec CMakeFiles/w6x00_loopback.dir/__/__/libraries/pico-sdk/src/rp2_common/pico_stdio_usb/stdio_usb.c.obj
                0x10006c68                stdio_usb_init
 .text.tud_descriptor_device_cb
                0x10006d54        0x8 CMakeFiles/w6x00_loopback.dir/__/__/libraries/pico-sdk/src/rp2_common/pico_stdio_usb/stdio_usb_descriptors.c.obj
                0x10006d54                tud_descriptor_device_cb
 .text.tud_descriptor_configuration_cb
                0x10006d5c        0x8 CMakeFiles/w6x00_loopback.dir/__/__/libraries/pico-sdk/src/rp2_common/pico_stdio_usb/stdio_usb_descriptors.c.obj
                0x10006d5c                tud_descriptor_configuration_cb
 .text.tud_descriptor_string_cb
                0x10006d64       0x6c CMakeFiles/w6x00_loopback.dir/__/__/libraries/pico-sdk/src/rp2_common/pico_stdio_usb/stdio_usb_descriptors.c.obj
                0x10006d64                tud_descriptor_string_cb
 .text.hw_endpoint_get_by_addr
                0x10006dd0       0x18 CMakeFiles/w6x00_loopback.dir/__/__/libraries/pico-sdk/lib/tinyusb/src/portable/raspberrypi/rp2040/dcd_rp2040.c.obj
 .text.reset_ep0_pid
                0x10006de8       0x28 CMakeFiles/w6x00_loopback.dir/__/__/libraries/pico-sdk/lib/tinyusb/src/portable/raspberrypi/rp2040/dcd_rp2040.c.obj
 .text._hw_endpoint_alloc
                0x10006e10       0x70 CMakeFiles/w6x00_loopback.dir/__/__/libraries/pico-sdk/lib/tinyusb/src/portable/raspberrypi/rp2040/dcd_rp2040.c.obj
 .text.hw_endpoint_init
                0x10006e80       0x88 CMakeFiles/w6x00_loopback.dir/__/__/libraries/pico-sdk/lib/tinyusb/src/portable/raspberrypi/rp2040/dcd_rp2040.c.obj
 .text.reset_non_control_endpoints
                0x10006f08       0x40 CMakeFiles/w6x00_loopback.dir/__/__/libraries/pico-sdk/lib/tinyusb/src/portable/raspberrypi/rp2040/dcd_rp2040.c.obj
 .text.hw_handle_buff_status
                0x10006f48       0x8c CMakeFiles/w6x00_loopback.dir/__/__/libraries/pico-sdk/lib/tinyusb/src/portable/raspberrypi/rp2040/dcd_rp2040.c.obj
 .text.dcd_rp2040_irq
                0x10006fd4       0xc0 CMakeFiles/w6x00_loopback.dir/__/__/libraries/pico-sdk/lib/tinyusb/src/portable/raspberrypi/rp2040/dcd_rp2040.c.obj
 .text.hw_endpoint_xfer
                0x10007094       0x14 CMakeFiles/w6x00_loopback.dir/__/__/libraries/pico-sdk/lib/tinyusb/src/portable/raspberrypi/rp2040/dcd_rp2040.c.obj
 .text.dcd_int_enable
                0x100070a8       0x2c CMakeFiles/w6x00_loopback.dir/__/__/libraries/pico-sdk/lib/tinyusb/src/portable/raspberrypi/rp2040/dcd_rp2040.c.obj
                0x100070a8                dcd_int_enable
 .text.dcd_set_address
                0x100070d4       0x2c CMakeFiles/w6x00_loopback.dir/__/__/libraries/pico-sdk/lib/tinyusb/src/portable/raspberrypi/rp2040/dcd_rp2040.c.obj
                0x100070d4                dcd_set_address
 .text.dcd_connect
                0x10007100       0x10 CMakeFiles/w6x00_loopback.dir/__/__/libraries/pico-sdk/lib/tinyusb/src/portable/raspberrypi/rp2040/dcd_rp2040.c.obj
                0x10007100                dcd_connect
 .text.dcd_init
                0x10007110       0x7c CMakeFiles/w6x00_loopback.dir/__/__/libraries/pico-sdk/lib/tinyusb/src/portable/raspberrypi/rp2040/dcd_rp2040.c.obj
                0x10007110                dcd_init
 .text.dcd_edpt0_status_complete
                0x1000718c       0x1c CMakeFiles/w6x00_loopback.dir/__/__/libraries/pico-sdk/lib/tinyusb/src/portable/raspberrypi/rp2040/dcd_rp2040.c.obj
                0x1000718c                dcd_edpt0_status_complete
 .text.dcd_edpt_open
                0x100071a8       0x40 CMakeFiles/w6x00_loopback.dir/__/__/libraries/pico-sdk/lib/tinyusb/src/portable/raspberrypi/rp2040/dcd_rp2040.c.obj
                0x100071a8                dcd_edpt_open
 .text.dcd_edpt_close_all
                0x100071e8        0x8 CMakeFiles/w6x00_loopback.dir/__/__/libraries/pico-sdk/lib/tinyusb/src/portable/raspberrypi/rp2040/dcd_rp2040.c.obj
                0x100071e8                dcd_edpt_close_all
 .text.dcd_edpt_xfer
                0x100071f0       0x30 CMakeFiles/w6x00_loopback.dir/__/__/libraries/pico-sdk/lib/tinyusb/src/portable/raspberrypi/rp2040/dcd_rp2040.c.obj
                0x100071f0                dcd_edpt_xfer
 .text.dcd_edpt_stall
                0x10007220       0x2c CMakeFiles/w6x00_loopback.dir/__/__/libraries/pico-sdk/lib/tinyusb/src/portable/raspberrypi/rp2040/dcd_rp2040.c.obj
                0x10007220                dcd_edpt_stall
 .text.dcd_edpt_clear_stall
                0x1000724c       0x20 CMakeFiles/w6x00_loopback.dir/__/__/libraries/pico-sdk/lib/tinyusb/src/portable/raspberrypi/rp2040/dcd_rp2040.c.obj
                0x1000724c                dcd_edpt_clear_stall
 .text.prepare_ep_buffer
                0x1000726c       0x70 CMakeFiles/w6x00_loopback.dir/__/__/libraries/pico-sdk/lib/tinyusb/src/portable/raspberrypi/rp2040/rp2040_usb.c.obj
 .text.sync_ep_buffer
                0x100072dc       0x7c CMakeFiles/w6x00_loopback.dir/__/__/libraries/pico-sdk/lib/tinyusb/src/portable/raspberrypi/rp2040/rp2040_usb.c.obj
 .text._hw_endpoint_xfer_sync
                0x10007358       0x28 CMakeFiles/w6x00_loopback.dir/__/__/libraries/pico-sdk/lib/tinyusb/src/portable/raspberrypi/rp2040/rp2040_usb.c.obj
 .text.rp2040_usb_init
                0x10007380       0x4c CMakeFiles/w6x00_loopback.dir/__/__/libraries/pico-sdk/lib/tinyusb/src/portable/raspberrypi/rp2040/rp2040_usb.c.obj
                0x10007380                rp2040_usb_init
 .text.hw_endpoint_reset_transfer
                0x100073cc        0xc CMakeFiles/w6x00_loopback.dir/__/__/libraries/pico-sdk/lib/tinyusb/src/portable/raspberrypi/rp2040/rp2040_usb.c.obj
                0x100073cc                hw_endpoint_reset_transfer
 .text._hw_endpoint_buffer_control_update32
                0x100073d8       0x58 CMakeFiles/w6x00_loopback.dir/__/__/libraries/pico-sdk/lib/tinyusb/src/portable/raspberrypi/rp2040/rp2040_usb.c.obj
                0x100073d8                _hw_endpoint_buffer_control_update32
 .text._hw_endpoint_start_next_buffer
                0x10007430       0x74 CMakeFiles/w6x00_loopback.dir/__/__/libraries/pico-sdk/lib/tinyusb/src/portable/raspberrypi/rp2040/rp2040_usb.c.obj
 .text.hw_endpoint_xfer_start
                0x100074a4       0x48 CMakeFiles/w6x00_loopback.dir/__/__/libraries/pico-sdk/lib/tinyusb/src/portable/raspberrypi/rp2040/rp2040_usb.c.obj
                0x100074a4                hw_endpoint_xfer_start
 .text.hw_endpoint_xfer_continue
                0x100074ec       0x38 CMakeFiles/w6x00_loopback.dir/__/__/libraries/pico-sdk/lib/tinyusb/src/portable/raspberrypi/rp2040/rp2040_usb.c.obj
                0x100074ec                hw_endpoint_xfer_continue
 .text.configuration_reset
                0x10007524       0x84 CMakeFiles/w6x00_loopback.dir/__/__/libraries/pico-sdk/lib/tinyusb/src/device/usbd.c.obj
 .text.usbd_reset
                0x100075a8        0xc CMakeFiles/w6x00_loopback.dir/__/__/libraries/pico-sdk/lib/tinyusb/src/device/usbd.c.obj
 .text.invoke_class_control
                0x100075b4       0x1a CMakeFiles/w6x00_loopback.dir/__/__/libraries/pico-sdk/lib/tinyusb/src/device/usbd.c.obj
 *fill*         0x100075ce        0x2 
 .text.process_set_config
                0x100075d0      0x1b0 CMakeFiles/w6x00_loopback.dir/__/__/libraries/pico-sdk/lib/tinyusb/src/device/usbd.c.obj
 .text.process_get_descriptor
                0x10007780       0xec CMakeFiles/w6x00_loopback.dir/__/__/libraries/pico-sdk/lib/tinyusb/src/device/usbd.c.obj
 .text.tud_mounted
                0x1000786c       0x10 CMakeFiles/w6x00_loopback.dir/__/__/libraries/pico-sdk/lib/tinyusb/src/device/usbd.c.obj
                0x1000786c                tud_mounted
 .text.tud_suspended
                0x1000787c       0x10 CMakeFiles/w6x00_loopback.dir/__/__/libraries/pico-sdk/lib/tinyusb/src/device/usbd.c.obj
                0x1000787c                tud_suspended
 .text.tud_inited
                0x1000788c        0xc CMakeFiles/w6x00_loopback.dir/__/__/libraries/pico-sdk/lib/tinyusb/src/device/usbd.c.obj
                0x1000788c                tud_inited
 .text.tud_init
                0x10007898       0xcc CMakeFiles/w6x00_loopback.dir/__/__/libraries/pico-sdk/lib/tinyusb/src/device/usbd.c.obj
                0x10007898                tud_init
 .text.dcd_event_handler
                0x10007964      0x1e0 CMakeFiles/w6x00_loopback.dir/__/__/libraries/pico-sdk/lib/tinyusb/src/device/usbd.c.obj
                0x10007964                dcd_event_handler
 .text.dcd_event_bus_signal
                0x10007b44       0x26 CMakeFiles/w6x00_loopback.dir/__/__/libraries/pico-sdk/lib/tinyusb/src/device/usbd.c.obj
                0x10007b44                dcd_event_bus_signal
 .text.dcd_event_bus_reset
                0x10007b6a       0x2a CMakeFiles/w6x00_loopback.dir/__/__/libraries/pico-sdk/lib/tinyusb/src/device/usbd.c.obj
                0x10007b6a                dcd_event_bus_reset
 .text.dcd_event_setup_received
                0x10007b94       0x34 CMakeFiles/w6x00_loopback.dir/__/__/libraries/pico-sdk/lib/tinyusb/src/device/usbd.c.obj
                0x10007b94                dcd_event_setup_received
 .text.dcd_event_xfer_complete
                0x10007bc8       0x44 CMakeFiles/w6x00_loopback.dir/__/__/libraries/pico-sdk/lib/tinyusb/src/device/usbd.c.obj
                0x10007bc8                dcd_event_xfer_complete
 .text.usbd_edpt_open
                0x10007c0c       0x58 CMakeFiles/w6x00_loopback.dir/__/__/libraries/pico-sdk/lib/tinyusb/src/device/usbd.c.obj
                0x10007c0c                usbd_edpt_open
 .text.usbd_open_edpt_pair
                0x10007c64       0x8c CMakeFiles/w6x00_loopback.dir/__/__/libraries/pico-sdk/lib/tinyusb/src/device/usbd.c.obj
                0x10007c64                usbd_open_edpt_pair
 .text.usbd_edpt_claim
                0x10007cf0       0x8c CMakeFiles/w6x00_loopback.dir/__/__/libraries/pico-sdk/lib/tinyusb/src/device/usbd.c.obj
                0x10007cf0                usbd_edpt_claim
 .text.usbd_edpt_release
                0x10007d7c       0x68 CMakeFiles/w6x00_loopback.dir/__/__/libraries/pico-sdk/lib/tinyusb/src/device/usbd.c.obj
                0x10007d7c                usbd_edpt_release
 .text.usbd_edpt_xfer
                0x10007de4       0x80 CMakeFiles/w6x00_loopback.dir/__/__/libraries/pico-sdk/lib/tinyusb/src/device/usbd.c.obj
                0x10007de4                usbd_edpt_xfer
 .text.usbd_edpt_stall
                0x10007e64       0x40 CMakeFiles/w6x00_loopback.dir/__/__/libraries/pico-sdk/lib/tinyusb/src/device/usbd.c.obj
                0x10007e64                usbd_edpt_stall
 .text.usbd_edpt_clear_stall
                0x10007ea4       0x40 CMakeFiles/w6x00_loopback.dir/__/__/libraries/pico-sdk/lib/tinyusb/src/device/usbd.c.obj
                0x10007ea4                usbd_edpt_clear_stall
 .text.usbd_edpt_stalled
                0x10007ee4       0x1c CMakeFiles/w6x00_loopback.dir/__/__/libraries/pico-sdk/lib/tinyusb/src/device/usbd.c.obj
                0x10007ee4                usbd_edpt_stalled
 .text.process_control_request
                0x10007f00      0x3b8 CMakeFiles/w6x00_loopback.dir/__/__/libraries/pico-sdk/lib/tinyusb/src/device/usbd.c.obj
 .text.tud_task
                0x100082b8      0x218 CMakeFiles/w6x00_loopback.dir/__/__/libraries/pico-sdk/lib/tinyusb/src/device/usbd.c.obj
                0x100082b8                tud_task
 .text._data_stage_xact
                0x100084d0       0x58 CMakeFiles/w6x00_loopback.dir/__/__/libraries/pico-sdk/lib/tinyusb/src/device/usbd_control.c.obj
 .text.tud_control_status
                0x10008528       0x38 CMakeFiles/w6x00_loopback.dir/__/__/libraries/pico-sdk/lib/tinyusb/src/device/usbd_control.c.obj
                0x10008528                tud_control_status
 .text.tud_control_xfer
                0x10008560       0xa8 CMakeFiles/w6x00_loopback.dir/__/__/libraries/pico-sdk/lib/tinyusb/src/device/usbd_control.c.obj
                0x10008560                tud_control_xfer
 .text.usbd_control_reset
                0x10008608       0x14 CMakeFiles/w6x00_loopback.dir/__/__/libraries/pico-sdk/lib/tinyusb/src/device/usbd_control.c.obj
                0x10008608                usbd_control_reset
 .text.usbd_control_set_complete_callback
                0x1000861c        0xc CMakeFiles/w6x00_loopback.dir/__/__/libraries/pico-sdk/lib/tinyusb/src/device/usbd_control.c.obj
                0x1000861c                usbd_control_set_complete_callback
 .text.usbd_control_set_request
                0x10008628       0x1c CMakeFiles/w6x00_loopback.dir/__/__/libraries/pico-sdk/lib/tinyusb/src/device/usbd_control.c.obj
                0x10008628                usbd_control_set_request
 .text.usbd_control_xfer_cb
                0x10008644       0xfc CMakeFiles/w6x00_loopback.dir/__/__/libraries/pico-sdk/lib/tinyusb/src/device/usbd_control.c.obj
                0x10008644                usbd_control_xfer_cb
 .text._prep_out_transaction
                0x10008740       0x46 CMakeFiles/w6x00_loopback.dir/__/__/libraries/pico-sdk/lib/tinyusb/src/class/cdc/cdc_device.c.obj
 *fill*         0x10008786        0x2 
 .text.tud_cdc_n_connected
                0x10008788       0x44 CMakeFiles/w6x00_loopback.dir/__/__/libraries/pico-sdk/lib/tinyusb/src/class/cdc/cdc_device.c.obj
                0x10008788                tud_cdc_n_connected
 .text.tud_cdc_n_available
                0x100087cc       0x18 CMakeFiles/w6x00_loopback.dir/__/__/libraries/pico-sdk/lib/tinyusb/src/class/cdc/cdc_device.c.obj
                0x100087cc                tud_cdc_n_available
 .text.tud_cdc_n_read
                0x100087e4       0x28 CMakeFiles/w6x00_loopback.dir/__/__/libraries/pico-sdk/lib/tinyusb/src/class/cdc/cdc_device.c.obj
                0x100087e4                tud_cdc_n_read
 .text.tud_cdc_n_write_flush
                0x1000880c       0xcc CMakeFiles/w6x00_loopback.dir/__/__/libraries/pico-sdk/lib/tinyusb/src/class/cdc/cdc_device.c.obj
                0x1000880c                tud_cdc_n_write_flush
 .text.tud_cdc_n_write
                0x100088d8       0x38 CMakeFiles/w6x00_loopback.dir/__/__/libraries/pico-sdk/lib/tinyusb/src/class/cdc/cdc_device.c.obj
                0x100088d8                tud_cdc_n_write
 .text.tud_cdc_n_write_available
                0x10008910       0x1c CMakeFiles/w6x00_loopback.dir/__/__/libraries/pico-sdk/lib/tinyusb/src/class/cdc/cdc_device.c.obj
                0x10008910                tud_cdc_n_write_available
 .text.cdcd_init
                0x1000892c       0xbc CMakeFiles/w6x00_loopback.dir/__/__/libraries/pico-sdk/lib/tinyusb/src/class/cdc/cdc_device.c.obj
                0x1000892c                cdcd_init
 .text.cdcd_reset
                0x100089e8       0x44 CMakeFiles/w6x00_loopback.dir/__/__/libraries/pico-sdk/lib/tinyusb/src/class/cdc/cdc_device.c.obj
                0x100089e8                cdcd_reset
 .text.cdcd_open
                0x10008a2c       0xf8 CMakeFiles/w6x00_loopback.dir/__/__/libraries/pico-sdk/lib/tinyusb/src/class/cdc/cdc_device.c.obj
                0x10008a2c                cdcd_open
 .text.cdcd_control_xfer_cb
                0x10008b24      0x134 CMakeFiles/w6x00_loopback.dir/__/__/libraries/pico-sdk/lib/tinyusb/src/class/cdc/cdc_device.c.obj
                0x10008b24                cdcd_control_xfer_cb
 .text.cdcd_xfer_cb
                0x10008c58      0x144 CMakeFiles/w6x00_loopback.dir/__/__/libraries/pico-sdk/lib/tinyusb/src/class/cdc/cdc_device.c.obj
                0x10008c58                cdcd_xfer_cb
 .text.tusb_init
                0x10008d9c       0x24 CMakeFiles/w6x00_loopback.dir/__/__/libraries/pico-sdk/lib/tinyusb/src/tusb.c.obj
                0x10008d9c                tusb_init
 .text.tusb_inited
                0x10008dc0        0xe CMakeFiles/w6x00_loopback.dir/__/__/libraries/pico-sdk/lib/tinyusb/src/tusb.c.obj
                0x10008dc0                tusb_inited
 *fill*         0x10008dce        0x2 
 .text.tu_edpt_validate
                0x10008dd0       0xa8 CMakeFiles/w6x00_loopback.dir/__/__/libraries/pico-sdk/lib/tinyusb/src/tusb.c.obj
                0x10008dd0                tu_edpt_validate
 .text.tu_edpt_bind_driver
                0x10008e78       0x2a CMakeFiles/w6x00_loopback.dir/__/__/libraries/pico-sdk/lib/tinyusb/src/tusb.c.obj
                0x10008e78                tu_edpt_bind_driver
 .text.advance_pointer
                0x10008ea2       0x18 CMakeFiles/w6x00_loopback.dir/__/__/libraries/pico-sdk/lib/tinyusb/src/common/tusb_fifo.c.obj
 .text.backward_pointer
                0x10008eba       0x1e CMakeFiles/w6x00_loopback.dir/__/__/libraries/pico-sdk/lib/tinyusb/src/common/tusb_fifo.c.obj
 .text.get_relative_pointer
                0x10008ed8       0x10 CMakeFiles/w6x00_loopback.dir/__/__/libraries/pico-sdk/lib/tinyusb/src/common/tusb_fifo.c.obj
 .text._tu_fifo_peek
                0x10008ee8       0x50 CMakeFiles/w6x00_loopback.dir/__/__/libraries/pico-sdk/lib/tinyusb/src/common/tusb_fifo.c.obj
 .text._ff_pull_const_addr
                0x10008f38       0x4c CMakeFiles/w6x00_loopback.dir/__/__/libraries/pico-sdk/lib/tinyusb/src/common/tusb_fifo.c.obj
 .text._ff_pull_n
                0x10008f84      0x10c CMakeFiles/w6x00_loopback.dir/__/__/libraries/pico-sdk/lib/tinyusb/src/common/tusb_fifo.c.obj
 .text._tu_fifo_peek_n
                0x10009090       0x5e CMakeFiles/w6x00_loopback.dir/__/__/libraries/pico-sdk/lib/tinyusb/src/common/tusb_fifo.c.obj
 .text._tu_fifo_read_n
                0x100090ee       0x4e CMakeFiles/w6x00_loopback.dir/__/__/libraries/pico-sdk/lib/tinyusb/src/common/tusb_fifo.c.obj
 .text._ff_push_const_addr
                0x1000913c       0x40 CMakeFiles/w6x00_loopback.dir/__/__/libraries/pico-sdk/lib/tinyusb/src/common/tusb_fifo.c.obj
 .text._ff_push_n
                0x1000917c      0x108 CMakeFiles/w6x00_loopback.dir/__/__/libraries/pico-sdk/lib/tinyusb/src/common/tusb_fifo.c.obj
 .text._tu_fifo_write_n
                0x10009284       0x9e CMakeFiles/w6x00_loopback.dir/__/__/libraries/pico-sdk/lib/tinyusb/src/common/tusb_fifo.c.obj
 .text.tu_fifo_config
                0x10009322       0x72 CMakeFiles/w6x00_loopback.dir/__/__/libraries/pico-sdk/lib/tinyusb/src/common/tusb_fifo.c.obj
                0x10009322                tu_fifo_config
 .text.tu_fifo_count
                0x10009394       0x26 CMakeFiles/w6x00_loopback.dir/__/__/libraries/pico-sdk/lib/tinyusb/src/common/tusb_fifo.c.obj
                0x10009394                tu_fifo_count
 .text.tu_fifo_empty
                0x100093ba       0x10 CMakeFiles/w6x00_loopback.dir/__/__/libraries/pico-sdk/lib/tinyusb/src/common/tusb_fifo.c.obj
                0x100093ba                tu_fifo_empty
 .text.tu_fifo_remaining
                0x100093ca       0x20 CMakeFiles/w6x00_loopback.dir/__/__/libraries/pico-sdk/lib/tinyusb/src/common/tusb_fifo.c.obj
                0x100093ca                tu_fifo_remaining
 .text.tu_fifo_read
                0x100093ea       0x42 CMakeFiles/w6x00_loopback.dir/__/__/libraries/pico-sdk/lib/tinyusb/src/common/tusb_fifo.c.obj
                0x100093ea                tu_fifo_read
 .text.tu_fifo_read_n
                0x1000942c        0xa CMakeFiles/w6x00_loopback.dir/__/__/libraries/pico-sdk/lib/tinyusb/src/common/tusb_fifo.c.obj
                0x1000942c                tu_fifo_read_n
 .text.tu_fifo_write
                0x10009436       0x6c CMakeFiles/w6x00_loopback.dir/__/__/libraries/pico-sdk/lib/tinyusb/src/common/tusb_fifo.c.obj
                0x10009436                tu_fifo_write
 .text.tu_fifo_write_n
                0x100094a2        0xa CMakeFiles/w6x00_loopback.dir/__/__/libraries/pico-sdk/lib/tinyusb/src/common/tusb_fifo.c.obj
                0x100094a2                tu_fifo_write_n
 .text.tu_fifo_clear
                0x100094ac       0x4c CMakeFiles/w6x00_loopback.dir/__/__/libraries/pico-sdk/lib/tinyusb/src/common/tusb_fifo.c.obj
                0x100094ac                tu_fifo_clear
 .text.tu_fifo_set_overwritable
                0x100094f8       0x3c CMakeFiles/w6x00_loopback.dir/__/__/libraries/pico-sdk/lib/tinyusb/src/common/tusb_fifo.c.obj
                0x100094f8                tu_fifo_set_overwritable
 .text._retrieve_unique_id_on_boot
                0x10009534       0x10 CMakeFiles/w6x00_loopback.dir/__/__/libraries/pico-sdk/src/rp2_common/pico_unique_id/unique_id.c.obj
 .text.pico_get_unique_board_id_string
                0x10009544       0x60 CMakeFiles/w6x00_loopback.dir/__/__/libraries/pico-sdk/src/rp2_common/pico_unique_id/unique_id.c.obj
                0x10009544                pico_get_unique_board_id_string
 .text.flash_get_unique_id
                0x100095a4       0x46 CMakeFiles/w6x00_loopback.dir/__/__/libraries/pico-sdk/src/rp2_common/hardware_flash/flash.c.obj
                0x100095a4                flash_get_unique_id
 .text.spi_set_baudrate
                0x100095ea       0x92 CMakeFiles/w6x00_loopback.dir/__/__/libraries/pico-sdk/src/rp2_common/hardware_spi/spi.c.obj
                0x100095ea                spi_set_baudrate
 .text.spi_init
                0x1000967c       0x68 CMakeFiles/w6x00_loopback.dir/__/__/libraries/pico-sdk/src/rp2_common/hardware_spi/spi.c.obj
                0x1000967c                spi_init
 .text.close    0x100096e4       0x80 CMakeFiles/w6x00_loopback.dir/__/__/libraries/io6Library/Ethernet/socket.c.obj
                0x100096e4                close
 .text.socket   0x10009764      0x214 CMakeFiles/w6x00_loopback.dir/__/__/libraries/io6Library/Ethernet/socket.c.obj
                0x10009764                socket
 .text.listen   0x10009978       0x5e CMakeFiles/w6x00_loopback.dir/__/__/libraries/io6Library/Ethernet/socket.c.obj
                0x10009978                listen
 *fill*         0x100099d6        0x2 
 .text.disconnect
                0x100099d8       0x90 CMakeFiles/w6x00_loopback.dir/__/__/libraries/io6Library/Ethernet/socket.c.obj
                0x100099d8                disconnect
 .text.send     0x10009a68      0x10c CMakeFiles/w6x00_loopback.dir/__/__/libraries/io6Library/Ethernet/socket.c.obj
                0x10009a68                send
 .text.recv     0x10009b74       0x94 CMakeFiles/w6x00_loopback.dir/__/__/libraries/io6Library/Ethernet/socket.c.obj
                0x10009b74                recv
 .text.ctlsocket
                0x10009c08      0x150 CMakeFiles/w6x00_loopback.dir/__/__/libraries/io6Library/Ethernet/socket.c.obj
                0x10009c08                ctlsocket
 .text.getsockopt
                0x10009d58      0x24c CMakeFiles/w6x00_loopback.dir/__/__/libraries/io6Library/Ethernet/socket.c.obj
                0x10009d58                getsockopt
 .text.wizchip_cris_enter
                0x10009fa4        0x2 CMakeFiles/w6x00_loopback.dir/__/__/libraries/io6Library/Ethernet/wizchip_conf.c.obj
                0x10009fa4                wizchip_cris_enter
 .text.wizchip_cris_exit
                0x10009fa6        0x2 CMakeFiles/w6x00_loopback.dir/__/__/libraries/io6Library/Ethernet/wizchip_conf.c.obj
                0x10009fa6                wizchip_cris_exit
 .text.wizchip_cs_select
                0x10009fa8        0x2 CMakeFiles/w6x00_loopback.dir/__/__/libraries/io6Library/Ethernet/wizchip_conf.c.obj
                0x10009fa8                wizchip_cs_select
 .text.wizchip_cs_deselect
                0x10009faa        0x2 CMakeFiles/w6x00_loopback.dir/__/__/libraries/io6Library/Ethernet/wizchip_conf.c.obj
                0x10009faa                wizchip_cs_deselect
 .text.wizchip_spi_read
                0x10009fac        0x4 CMakeFiles/w6x00_loopback.dir/__/__/libraries/io6Library/Ethernet/wizchip_conf.c.obj
                0x10009fac                wizchip_spi_read
 .text.wizchip_spi_write
                0x10009fb0        0x2 CMakeFiles/w6x00_loopback.dir/__/__/libraries/io6Library/Ethernet/wizchip_conf.c.obj
                0x10009fb0                wizchip_spi_write
 *fill*         0x10009fb2        0x2 
 .text.wizchip_spi_read_buf
                0x10009fb4       0x24 CMakeFiles/w6x00_loopback.dir/__/__/libraries/io6Library/Ethernet/wizchip_conf.c.obj
                0x10009fb4                wizchip_spi_read_buf
 .text.wizchip_spi_write_buf
                0x10009fd8       0x24 CMakeFiles/w6x00_loopback.dir/__/__/libraries/io6Library/Ethernet/wizchip_conf.c.obj
                0x10009fd8                wizchip_spi_write_buf
 .text.reg_wizchip_cris_cbfunc
                0x10009ffc       0x30 CMakeFiles/w6x00_loopback.dir/__/__/libraries/io6Library/Ethernet/wizchip_conf.c.obj
                0x10009ffc                reg_wizchip_cris_cbfunc
 .text.reg_wizchip_cs_cbfunc
                0x1000a02c       0x30 CMakeFiles/w6x00_loopback.dir/__/__/libraries/io6Library/Ethernet/wizchip_conf.c.obj
                0x1000a02c                reg_wizchip_cs_cbfunc
 .text.reg_wizchip_spi_cbfunc
                0x1000a05c       0x60 CMakeFiles/w6x00_loopback.dir/__/__/libraries/io6Library/Ethernet/wizchip_conf.c.obj
                0x1000a05c                reg_wizchip_spi_cbfunc
 .text.wizchip_sw_reset
                0x1000a0bc      0x144 CMakeFiles/w6x00_loopback.dir/__/__/libraries/io6Library/Ethernet/wizchip_conf.c.obj
                0x1000a0bc                wizchip_sw_reset
 .text.wizchip_init
                0x1000a200       0x96 CMakeFiles/w6x00_loopback.dir/__/__/libraries/io6Library/Ethernet/wizchip_conf.c.obj
                0x1000a200                wizchip_init
 *fill*         0x1000a296        0x2 
 .text.wizchip_clrinterrupt
                0x1000a298       0x4c CMakeFiles/w6x00_loopback.dir/__/__/libraries/io6Library/Ethernet/wizchip_conf.c.obj
                0x1000a298                wizchip_clrinterrupt
 .text.wizchip_getinterrupt
                0x1000a2e4       0x28 CMakeFiles/w6x00_loopback.dir/__/__/libraries/io6Library/Ethernet/wizchip_conf.c.obj
                0x1000a2e4                wizchip_getinterrupt
 .text.wizchip_setinterruptmask
                0x1000a30c       0x30 CMakeFiles/w6x00_loopback.dir/__/__/libraries/io6Library/Ethernet/wizchip_conf.c.obj
                0x1000a30c                wizchip_setinterruptmask
 .text.wizchip_getinterruptmask
                0x1000a33c       0x2c CMakeFiles/w6x00_loopback.dir/__/__/libraries/io6Library/Ethernet/wizchip_conf.c.obj
                0x1000a33c                wizchip_getinterruptmask
 .text.wizphy_getphylink
                0x1000a368       0x12 CMakeFiles/w6x00_loopback.dir/__/__/libraries/io6Library/Ethernet/wizchip_conf.c.obj
                0x1000a368                wizphy_getphylink
 *fill*         0x1000a37a        0x2 
 .text.wizphy_reset
                0x1000a37c       0x34 CMakeFiles/w6x00_loopback.dir/__/__/libraries/io6Library/Ethernet/wizchip_conf.c.obj
                0x1000a37c                wizphy_reset
 .text.wizphy_setphyconf
                0x1000a3b0       0x68 CMakeFiles/w6x00_loopback.dir/__/__/libraries/io6Library/Ethernet/wizchip_conf.c.obj
                0x1000a3b0                wizphy_setphyconf
 .text.wizphy_getphyconf
                0x1000a418       0x44 CMakeFiles/w6x00_loopback.dir/__/__/libraries/io6Library/Ethernet/wizchip_conf.c.obj
                0x1000a418                wizphy_getphyconf
 .text.wizphy_getphystatus
                0x1000a45c       0x44 CMakeFiles/w6x00_loopback.dir/__/__/libraries/io6Library/Ethernet/wizchip_conf.c.obj
                0x1000a45c                wizphy_getphystatus
 .text.wizphy_setphypmode
                0x1000a4a0       0x2c CMakeFiles/w6x00_loopback.dir/__/__/libraries/io6Library/Ethernet/wizchip_conf.c.obj
                0x1000a4a0                wizphy_setphypmode
 .text.wizphy_getphypmode
                0x1000a4cc       0x18 CMakeFiles/w6x00_loopback.dir/__/__/libraries/io6Library/Ethernet/wizchip_conf.c.obj
                0x1000a4cc                wizphy_getphypmode
 .text.ctlwizchip
                0x1000a4e4      0x22c CMakeFiles/w6x00_loopback.dir/__/__/libraries/io6Library/Ethernet/wizchip_conf.c.obj
                0x1000a4e4                ctlwizchip
 .text.wizchip_setnetinfo
                0x1000a710       0xc4 CMakeFiles/w6x00_loopback.dir/__/__/libraries/io6Library/Ethernet/wizchip_conf.c.obj
                0x1000a710                wizchip_setnetinfo
 .text.wizchip_getnetinfo
                0x1000a7d4       0xc4 CMakeFiles/w6x00_loopback.dir/__/__/libraries/io6Library/Ethernet/wizchip_conf.c.obj
                0x1000a7d4                wizchip_getnetinfo
 .text.wizchip_setnetmode
                0x1000a898       0x38 CMakeFiles/w6x00_loopback.dir/__/__/libraries/io6Library/Ethernet/wizchip_conf.c.obj
                0x1000a898                wizchip_setnetmode
 .text.wizchip_getnetmode
                0x1000a8d0       0x30 CMakeFiles/w6x00_loopback.dir/__/__/libraries/io6Library/Ethernet/wizchip_conf.c.obj
                0x1000a8d0                wizchip_getnetmode
 .text.wizchip_settimeout
                0x1000a900       0x50 CMakeFiles/w6x00_loopback.dir/__/__/libraries/io6Library/Ethernet/wizchip_conf.c.obj
                0x1000a900                wizchip_settimeout
 .text.wizchip_gettimeout
                0x1000a950       0x5c CMakeFiles/w6x00_loopback.dir/__/__/libraries/io6Library/Ethernet/wizchip_conf.c.obj
                0x1000a950                wizchip_gettimeout
 .text.ctlnetwork
                0x1000a9ac       0x74 CMakeFiles/w6x00_loopback.dir/__/__/libraries/io6Library/Ethernet/wizchip_conf.c.obj
                0x1000a9ac                ctlnetwork
 .text.WIZCHIP_WRITE
                0x1000aa20       0x3c CMakeFiles/w6x00_loopback.dir/__/__/libraries/io6Library/Ethernet/W6100/w6100.c.obj
                0x1000aa20                WIZCHIP_WRITE
 .text.WIZCHIP_READ
                0x1000aa5c       0x3c CMakeFiles/w6x00_loopback.dir/__/__/libraries/io6Library/Ethernet/W6100/w6100.c.obj
                0x1000aa5c                WIZCHIP_READ
 .text.WIZCHIP_WRITE_BUF
                0x1000aa98       0x48 CMakeFiles/w6x00_loopback.dir/__/__/libraries/io6Library/Ethernet/W6100/w6100.c.obj
                0x1000aa98                WIZCHIP_WRITE_BUF
 .text.WIZCHIP_READ_BUF
                0x1000aae0       0x40 CMakeFiles/w6x00_loopback.dir/__/__/libraries/io6Library/Ethernet/W6100/w6100.c.obj
                0x1000aae0                WIZCHIP_READ_BUF
 .text.getSn_TX_FSR
                0x1000ab20       0x38 CMakeFiles/w6x00_loopback.dir/__/__/libraries/io6Library/Ethernet/W6100/w6100.c.obj
                0x1000ab20                getSn_TX_FSR
 .text.getSn_RX_RSR
                0x1000ab58       0x38 CMakeFiles/w6x00_loopback.dir/__/__/libraries/io6Library/Ethernet/W6100/w6100.c.obj
                0x1000ab58                getSn_RX_RSR
 .text.wiz_send_data
                0x1000ab90       0x70 CMakeFiles/w6x00_loopback.dir/__/__/libraries/io6Library/Ethernet/W6100/w6100.c.obj
                0x1000ab90                wiz_send_data
 .text.wiz_recv_data
                0x1000ac00       0x74 CMakeFiles/w6x00_loopback.dir/__/__/libraries/io6Library/Ethernet/W6100/w6100.c.obj
                0x1000ac00                wiz_recv_data
 .text.wizchip_select
                0x1000ac74        0xc CMakeFiles/w6x00_loopback.dir/__/__/port/io6Library/src/w6x00_spi.c.obj
 .text.wizchip_deselect
                0x1000ac80        0xc CMakeFiles/w6x00_loopback.dir/__/__/port/io6Library/src/w6x00_spi.c.obj
 .text.wizchip_critical_section_unlock
                0x1000ac8c       0x18 CMakeFiles/w6x00_loopback.dir/__/__/port/io6Library/src/w6x00_spi.c.obj
 .text.wizchip_critical_section_lock
                0x1000aca4       0x20 CMakeFiles/w6x00_loopback.dir/__/__/port/io6Library/src/w6x00_spi.c.obj
 .text.wizchip_write_buf
                0x1000acc4       0x14 CMakeFiles/w6x00_loopback.dir/__/__/port/io6Library/src/w6x00_spi.c.obj
 .text.wizchip_write
                0x1000acd8       0x1c CMakeFiles/w6x00_loopback.dir/__/__/port/io6Library/src/w6x00_spi.c.obj
 .text.wizchip_read_buf
                0x1000acf4       0x14 CMakeFiles/w6x00_loopback.dir/__/__/port/io6Library/src/w6x00_spi.c.obj
 .text.wizchip_read
                0x1000ad08       0x24 CMakeFiles/w6x00_loopback.dir/__/__/port/io6Library/src/w6x00_spi.c.obj
 .text.wizchip_reset
                0x1000ad2c       0x1e CMakeFiles/w6x00_loopback.dir/__/__/port/io6Library/src/w6x00_spi.c.obj
                0x1000ad2c                wizchip_reset
 *fill*         0x1000ad4a        0x2 
 .text.wizchip_spi_initialize
                0x1000ad4c       0x40 CMakeFiles/w6x00_loopback.dir/__/__/port/io6Library/src/w6x00_spi.c.obj
                0x1000ad4c                wizchip_spi_initialize
 .text.wizchip_cris_initialize
                0x1000ad8c       0x20 CMakeFiles/w6x00_loopback.dir/__/__/port/io6Library/src/w6x00_spi.c.obj
                0x1000ad8c                wizchip_cris_initialize
 .text.wizchip_initialize
                0x1000adac       0x8c CMakeFiles/w6x00_loopback.dir/__/__/port/io6Library/src/w6x00_spi.c.obj
                0x1000adac                wizchip_initialize
 .text.wizchip_check
                0x1000ae38       0x3c CMakeFiles/w6x00_loopback.dir/__/__/port/io6Library/src/w6x00_spi.c.obj
                0x1000ae38                wizchip_check
 .text.network_initialize
                0x1000ae74       0x2c CMakeFiles/w6x00_loopback.dir/__/__/port/io6Library/src/w6x00_spi.c.obj
                0x1000ae74                network_initialize
 .text.print_ipv6_addr
                0x1000aea0       0x78 CMakeFiles/w6x00_loopback.dir/__/__/port/io6Library/src/w6x00_spi.c.obj
                0x1000aea0                print_ipv6_addr
 .text.print_network_information
                0x1000af18      0x124 CMakeFiles/w6x00_loopback.dir/__/__/port/io6Library/src/w6x00_spi.c.obj
                0x1000af18                print_network_information
 .text.wizchip_1ms_timer_callback
                0x1000b03c       0x14 CMakeFiles/w6x00_loopback.dir/__/__/port/timer/timer.c.obj
                0x1000b03c                wizchip_1ms_timer_callback
 .text.wizchip_1ms_timer_initialize
                0x1000b050       0x38 CMakeFiles/w6x00_loopback.dir/__/__/port/timer/timer.c.obj
                0x1000b050                wizchip_1ms_timer_initialize
 .text.cJSON_strcasecmp
                0x1000b088       0x58 CMakeFiles/w6x00_loopback.dir/__/__/libraries/cJSON/cJSON.c.obj
 .text.parse_hex4
                0x1000b0e0       0xd2 CMakeFiles/w6x00_loopback.dir/__/__/libraries/cJSON/cJSON.c.obj
 *fill*         0x1000b1b2        0x2 
 .text.parse_string
                0x1000b1b4      0x1c4 CMakeFiles/w6x00_loopback.dir/__/__/libraries/cJSON/cJSON.c.obj
 .text.skip     0x1000b378       0x14 CMakeFiles/w6x00_loopback.dir/__/__/libraries/cJSON/cJSON.c.obj
 .text.cJSON_New_Item
                0x1000b38c       0x20 CMakeFiles/w6x00_loopback.dir/__/__/libraries/cJSON/cJSON.c.obj
 .text.parse_number
                0x1000b3ac      0x1b0 CMakeFiles/w6x00_loopback.dir/__/__/libraries/cJSON/cJSON.c.obj
 .text.parse_value
                0x1000b55c       0xac CMakeFiles/w6x00_loopback.dir/__/__/libraries/cJSON/cJSON.c.obj
 .text.parse_array
                0x1000b608       0x98 CMakeFiles/w6x00_loopback.dir/__/__/libraries/cJSON/cJSON.c.obj
 .text.parse_object
                0x1000b6a0       0xf4 CMakeFiles/w6x00_loopback.dir/__/__/libraries/cJSON/cJSON.c.obj
 .text.cJSON_GetErrorPtr
                0x1000b794        0xc CMakeFiles/w6x00_loopback.dir/__/__/libraries/cJSON/cJSON.c.obj
                0x1000b794                cJSON_GetErrorPtr
 .text.cJSON_Delete
                0x1000b7a0       0x54 CMakeFiles/w6x00_loopback.dir/__/__/libraries/cJSON/cJSON.c.obj
                0x1000b7a0                cJSON_Delete
 .text.cJSON_ParseWithOpts
                0x1000b7f4       0x60 CMakeFiles/w6x00_loopback.dir/__/__/libraries/cJSON/cJSON.c.obj
                0x1000b7f4                cJSON_ParseWithOpts
 .text.cJSON_Parse
                0x1000b854        0xc CMakeFiles/w6x00_loopback.dir/__/__/libraries/cJSON/cJSON.c.obj
                0x1000b854                cJSON_Parse
 .text.cJSON_GetObjectItem
                0x1000b860       0x1e CMakeFiles/w6x00_loopback.dir/__/__/libraries/cJSON/cJSON.c.obj
                0x1000b860                cJSON_GetObjectItem
 *fill*         0x1000b87e        0x2 
 .text.malloc   0x1000b880       0x14 c:/progra~1/raspbe~1/picosd~1.1/gcc-ar~1/bin/../lib/gcc/arm-none-eabi/10.3.1/../../../../arm-none-eabi/lib/thumb/v6-m/nofp\libg.a(lib_a-malloc.o)
                0x1000b880                malloc
 .text.free     0x1000b894       0x14 c:/progra~1/raspbe~1/picosd~1.1/gcc-ar~1/bin/../lib/gcc/arm-none-eabi/10.3.1/../../../../arm-none-eabi/lib/thumb/v6-m/nofp\libg.a(lib_a-malloc.o)
                0x1000b894                free
 .text._malloc_r
                0x1000b8a8      0x584 c:/progra~1/raspbe~1/picosd~1.1/gcc-ar~1/bin/../lib/gcc/arm-none-eabi/10.3.1/../../../../arm-none-eabi/lib/thumb/v6-m/nofp\libg.a(lib_a-mallocr.o)
                0x1000b8a8                _malloc_r
 .text.__malloc_lock
                0x1000be2c       0x10 c:/progra~1/raspbe~1/picosd~1.1/gcc-ar~1/bin/../lib/gcc/arm-none-eabi/10.3.1/../../../../arm-none-eabi/lib/thumb/v6-m/nofp\libg.a(lib_a-mlock.o)
                0x1000be2c                __malloc_lock
 .text.__malloc_unlock
                0x1000be3c       0x10 c:/progra~1/raspbe~1/picosd~1.1/gcc-ar~1/bin/../lib/gcc/arm-none-eabi/10.3.1/../../../../arm-none-eabi/lib/thumb/v6-m/nofp\libg.a(lib_a-mlock.o)
                0x1000be3c                __malloc_unlock
 .text._sbrk_r  0x1000be4c       0x24 c:/progra~1/raspbe~1/picosd~1.1/gcc-ar~1/bin/../lib/gcc/arm-none-eabi/10.3.1/../../../../arm-none-eabi/lib/thumb/v6-m/nofp\libg.a(lib_a-sbrkr.o)
                0x1000be4c                _sbrk_r
 .text          0x1000be70       0x88 c:/progra~1/raspbe~1/picosd~1.1/gcc-ar~1/bin/../lib/gcc/arm-none-eabi/10.3.1/../../../../arm-none-eabi/lib/thumb/v6-m/nofp\libg.a(lib_a-strcmp.o)
                0x1000be70                strcmp
 .text.strcpy   0x1000bef8       0x10 c:/progra~1/raspbe~1/picosd~1.1/gcc-ar~1/bin/../lib/gcc/arm-none-eabi/10.3.1/../../../../arm-none-eabi/lib/thumb/v6-m/nofp\libg.a(lib_a-strcpy.o)
                0x1000bef8                strcpy
 .text.strlen   0x1000bf08       0x5c c:/progra~1/raspbe~1/picosd~1.1/gcc-ar~1/bin/../lib/gcc/arm-none-eabi/10.3.1/../../../../arm-none-eabi/lib/thumb/v6-m/nofp\libg.a(lib_a-strlen-stub.o)
                0x1000bf08                strlen
 .text.strncmp  0x1000bf64       0x74 c:/progra~1/raspbe~1/picosd~1.1/gcc-ar~1/bin/../lib/gcc/arm-none-eabi/10.3.1/../../../../arm-none-eabi/lib/thumb/v6-m/nofp\libg.a(lib_a-strncmp.o)
                0x1000bf64                strncmp
 .text._malloc_trim_r
                0x1000bfd8       0x9c c:/progra~1/raspbe~1/picosd~1.1/gcc-ar~1/bin/../lib/gcc/arm-none-eabi/10.3.1/../../../../arm-none-eabi/lib/thumb/v6-m/nofp\libg.a(lib_a-freer.o)
                0x1000bfd8                _malloc_trim_r
 .text._free_r  0x1000c074      0x1c4 c:/progra~1/raspbe~1/picosd~1.1/gcc-ar~1/bin/../lib/gcc/arm-none-eabi/10.3.1/../../../../arm-none-eabi/lib/thumb/v6-m/nofp\libg.a(lib_a-freer.o)
                0x1000c074                _free_r
 .text.__retarget_lock_acquire_recursive
                0x1000c238        0x4 c:/progra~1/raspbe~1/picosd~1.1/gcc-ar~1/bin/../lib/gcc/arm-none-eabi/10.3.1/../../../../arm-none-eabi/lib/thumb/v6-m/nofp\libg.a(lib_a-lock.o)
                0x1000c238                __retarget_lock_acquire_recursive
 .text.__retarget_lock_release_recursive
                0x1000c23c        0x4 c:/progra~1/raspbe~1/picosd~1.1/gcc-ar~1/bin/../lib/gcc/arm-none-eabi/10.3.1/../../../../arm-none-eabi/lib/thumb/v6-m/nofp\libg.a(lib_a-lock.o)
                0x1000c23c                __retarget_lock_release_recursive
 *(.fini)
 .fini          0x1000c240        0x4 c:/progra~1/raspbe~1/picosd~1.1/gcc-ar~1/bin/../lib/gcc/arm-none-eabi/10.3.1/thumb/v6-m/nofp/crti.o
                0x1000c240                _fini
 *fill*         0x1000c244        0x4 
 .fini.__stub   0x1000c248       0xb0 linker stubs
 *crtbegin.o(.ctors)
 *crtbegin?.o(.ctors)
 *(EXCLUDE_FILE(*crtend.o *crtend?.o) .ctors)
 *(SORT_BY_NAME(.ctors.*))
 *(.ctors)
 *crtbegin.o(.dtors)
 *crtbegin?.o(.dtors)
 *(EXCLUDE_FILE(*crtend.o *crtend?.o) .dtors)
 *(SORT_BY_NAME(.dtors.*))
 *(.dtors)
 *(.eh_frame*)
 .eh_frame      0x1000c2f8        0x0 c:/progra~1/raspbe~1/picosd~1.1/gcc-ar~1/bin/../lib/gcc/arm-none-eabi/10.3.1/thumb/v6-m/nofp/crtbegin.o
                0x1000c2f8                . = ALIGN (0x4)

.glue_7         0x1000c2f8        0x0
 .glue_7        0x1000c2f8        0x0 linker stubs

.glue_7t        0x1000c2f8        0x0
 .glue_7t       0x1000c2f8        0x0 linker stubs

.vfp11_veneer   0x1000c2f8        0x0
 .vfp11_veneer  0x1000c2f8        0x0 linker stubs

.v4_bx          0x1000c2f8        0x0
 .v4_bx         0x1000c2f8        0x0 linker stubs

.iplt           0x1000c2f8        0x0
 .iplt          0x1000c2f8        0x0 c:/progra~1/raspbe~1/picosd~1.1/gcc-ar~1/bin/../lib/gcc/arm-none-eabi/10.3.1/thumb/v6-m/nofp/crtbegin.o

.rodata         0x1000c2f8     0x284c
 *(EXCLUDE_FILE(*libm.a: *libc.a:*lib_a-mem*.o *libgcc.a:) .rodata*)
 .rodata.button_fade_command.str1.4
                0x1000c2f8       0x38 CMakeFiles/w6x00_loopback.dir/w6x00_loopback.c.obj
 .rodata.handle_command2.str1.4
                0x1000c330       0x12 CMakeFiles/w6x00_loopback.dir/w6x00_loopback.c.obj
 *fill*         0x1000c342        0x2 
 .rodata.set_clock_khz.str1.4
                0x1000c344       0x32 CMakeFiles/w6x00_loopback.dir/w6x00_loopback.c.obj
 *fill*         0x1000c376        0x2 
 .rodata.settingsInput.str1.4
                0x1000c378       0x41 CMakeFiles/w6x00_loopback.dir/w6x00_loopback.c.obj
 *fill*         0x1000c3b9        0x3 
 .rodata.change_disconnect_timer_menu.str1.4
                0x1000c3bc       0xc9 CMakeFiles/w6x00_loopback.dir/w6x00_loopback.c.obj
 *fill*         0x1000c485        0x3 
 .rodata.change_baudrate_menu.str1.4
                0x1000c488       0xc0 CMakeFiles/w6x00_loopback.dir/w6x00_loopback.c.obj
 .rodata.change_ip_menu.str1.4
                0x1000c548       0xb2 CMakeFiles/w6x00_loopback.dir/w6x00_loopback.c.obj
 *fill*         0x1000c5fa        0x2 
 .rodata.hexToTelnet.str1.4
                0x1000c5fc        0x7 CMakeFiles/w6x00_loopback.dir/w6x00_loopback.c.obj
 *fill*         0x1000c603        0x1 
 .rodata.printMenus.str1.4
                0x1000c604      0x22f CMakeFiles/w6x00_loopback.dir/w6x00_loopback.c.obj
 *fill*         0x1000c833        0x1 
 .rodata.mainMenu.str1.4
                0x1000c834       0x4a CMakeFiles/w6x00_loopback.dir/w6x00_loopback.c.obj
 *fill*         0x1000c87e        0x2 
 .rodata.intToString.str1.4
                0x1000c880        0x3 CMakeFiles/w6x00_loopback.dir/w6x00_loopback.c.obj
 *fill*         0x1000c883        0x1 
 .rodata.combineIntegersToString.str1.4
                0x1000c884        0xd CMakeFiles/w6x00_loopback.dir/w6x00_loopback.c.obj
 *fill*         0x1000c891        0x3 
 .rodata.networkingMenu.str1.4
                0x1000c894       0x69 CMakeFiles/w6x00_loopback.dir/w6x00_loopback.c.obj
 *fill*         0x1000c8fd        0x3 
 .rodata.applicationMenu.str1.4
                0x1000c900       0xbb CMakeFiles/w6x00_loopback.dir/w6x00_loopback.c.obj
 *fill*         0x1000c9bb        0x1 
 .rodata.monitoringMenu.str1.4
                0x1000c9bc       0x75 CMakeFiles/w6x00_loopback.dir/w6x00_loopback.c.obj
 *fill*         0x1000ca31        0x3 
 .rodata.init_server_socket.str1.4
                0x1000ca34      0x127 CMakeFiles/w6x00_loopback.dir/w6x00_loopback.c.obj
 *fill*         0x1000cb5b        0x1 
 .rodata.handle_unknown_command.str1.4
                0x1000cb5c       0x10 CMakeFiles/w6x00_loopback.dir/w6x00_loopback.c.obj
 .rodata.api_socket_behaviour.str1.4
                0x1000cb6c       0x5a CMakeFiles/w6x00_loopback.dir/w6x00_loopback.c.obj
 *fill*         0x1000cbc6        0x2 
 .rodata.init_api_socket.str1.4
                0x1000cbc8        0xd CMakeFiles/w6x00_loopback.dir/w6x00_loopback.c.obj
 *fill*         0x1000cbd5        0x3 
 .rodata.socket_behaviour.str1.4
                0x1000cbd8       0x54 CMakeFiles/w6x00_loopback.dir/w6x00_loopback.c.obj
 .rodata.main.str1.4
                0x1000cc2c      0x10e CMakeFiles/w6x00_loopback.dir/w6x00_loopback.c.obj
 *fill*         0x1000cd3a        0x2 
 .rodata.str1.4
                0x1000cd3c       0x11 CMakeFiles/w6x00_loopback.dir/w6x00_loopback.c.obj
 *fill*         0x1000cd4d        0x3 
 .rodata        0x1000cd50       0x40 CMakeFiles/w6x00_loopback.dir/w6x00_loopback.c.obj
 .rodata.g_net_info
                0x1000cd90       0x67 CMakeFiles/w6x00_loopback.dir/w6x00_loopback.c.obj
 *fill*         0x1000cdf7        0x1 
 .rodata.spin_lock_claim_unused.str1.4
                0x1000cdf8       0x1b CMakeFiles/w6x00_loopback.dir/__/__/libraries/pico-sdk/src/rp2_common/hardware_sync/sync.c.obj
 *fill*         0x1000ce13        0x1 
 .rodata.make_branch.str1.4
                0x1000ce14       0x80 CMakeFiles/w6x00_loopback.dir/__/__/libraries/pico-sdk/src/rp2_common/hardware_irq/irq.c.obj
 .rodata.insert_branch_and_link.str1.4
                0x1000ce94       0x10 CMakeFiles/w6x00_loopback.dir/__/__/libraries/pico-sdk/src/rp2_common/hardware_irq/irq.c.obj
 .rodata.irq_set_exclusive_handler.str1.4
                0x1000cea4       0x36 CMakeFiles/w6x00_loopback.dir/__/__/libraries/pico-sdk/src/rp2_common/hardware_irq/irq.c.obj
 *fill*         0x1000ceda        0x2 
 .rodata.irq_add_shared_handler.str1.4
                0x1000cedc       0xd9 CMakeFiles/w6x00_loopback.dir/__/__/libraries/pico-sdk/src/rp2_common/hardware_irq/irq.c.obj
 *fill*         0x1000cfb5        0x3 
 .rodata.irq_remove_handler.str1.4
                0x1000cfb8       0x2a CMakeFiles/w6x00_loopback.dir/__/__/libraries/pico-sdk/src/rp2_common/hardware_irq/irq.c.obj
 *fill*         0x1000cfe2        0x2 
 .rodata.irq_add_tail_to_free_list.str1.4
                0x1000cfe4       0x3a CMakeFiles/w6x00_loopback.dir/__/__/libraries/pico-sdk/src/rp2_common/hardware_irq/irq.c.obj
 *fill*         0x1000d01e        0x2 
 .rodata.user_irq_claim_unused.str1.4