Archive member included to satisfy reference by file (symbol)

c:/progra~1/raspbe~1/picosd~1.1/gcc-ar~1/bin/../lib/gcc/arm-none-eabi/10.3.1/thumb/v6-m/nofp\libgcc.a(_dvmd_tls.o)
                              CMakeFiles/w6x00_loopback.dir/__/__/libraries/pico-sdk/src/rp2_common/pico_divider/divider.S.obj (__aeabi_idiv0)
c:/progra~1/raspbe~1/picosd~1.1/gcc-ar~1/bin/../lib/gcc/arm-none-eabi/10.3.1/../../../../arm-none-eabi/lib/thumb/v6-m/nofp\libg.a(lib_a-calloc.o)
                              CMakeFiles/w6x00_loopback.dir/__/__/libraries/pico-sdk/src/rp2_common/pico_malloc/pico_malloc.c.obj (calloc)
c:/progra~1/raspbe~1/picosd~1.1/gcc-ar~1/bin/../lib/gcc/arm-none-eabi/10.3.1/../../../../arm-none-eabi/lib/thumb/v6-m/nofp\libg.a(lib_a-callocr.o)
                              c:/progra~1/raspbe~1/picosd~1.1/gcc-ar~1/bin/../lib/gcc/arm-none-eabi/10.3.1/../../../../arm-none-eabi/lib/thumb/v6-m/nofp\libg.a(lib_a-calloc.o) (_calloc_r)
c:/progra~1/raspbe~1/picosd~1.1/gcc-ar~1/bin/../lib/gcc/arm-none-eabi/10.3.1/../../../../arm-none-eabi/lib/thumb/v6-m/nofp\libg.a(lib_a-ctype_.o)
                              CMakeFiles/w6x00_loopback.dir/__/__/libraries/pico-sdk/lib/tinyusb/src/tusb.c.obj (_ctype_)
c:/progra~1/raspbe~1/picosd~1.1/gcc-ar~1/bin/../lib/gcc/arm-none-eabi/10.3.1/../../../../arm-none-eabi/lib/thumb/v6-m/nofp\libg.a(lib_a-errno.o)
                              c:/progra~1/raspbe~1/picosd~1.1/gcc-ar~1/bin/../lib/gcc/arm-none-eabi/10.3.1/../../../../arm-none-eabi/lib/thumb/v6-m/nofp\libg.a(lib_a-callocr.o) (__errno)
c:/progra~1/raspbe~1/picosd~1.1/gcc-ar~1/bin/../lib/gcc/arm-none-eabi/10.3.1/../../../../arm-none-eabi/lib/thumb/v6-m/nofp\libg.a(lib_a-impure.o)
                              c:/progra~1/raspbe~1/picosd~1.1/gcc-ar~1/bin/../lib/gcc/arm-none-eabi/10.3.1/../../../../arm-none-eabi/lib/thumb/v6-m/nofp\libg.a(lib_a-calloc.o) (_impure_ptr)
c:/progra~1/raspbe~1/picosd~1.1/gcc-ar~1/bin/../lib/gcc/arm-none-eabi/10.3.1/../../../../arm-none-eabi/lib/thumb/v6-m/nofp\libg.a(lib_a-init.o)
                              c:/progra~1/raspbe~1/picosd~1.1/gcc-ar~1/bin/../lib/gcc/arm-none-eabi/10.3.1/../../../../arm-none-eabi/lib/thumb/v6-m/nofp/crt0.o (__libc_init_array)
c:/progra~1/raspbe~1/picosd~1.1/gcc-ar~1/bin/../lib/gcc/arm-none-eabi/10.3.1/../../../../arm-none-eabi/lib/thumb/v6-m/nofp\libg.a(lib_a-malloc.o)
                              CMakeFiles/w6x00_loopback.dir/__/__/libraries/pico-sdk/src/rp2_common/pico_malloc/pico_malloc.c.obj (malloc)
c:/progra~1/raspbe~1/picosd~1.1/gcc-ar~1/bin/../lib/gcc/arm-none-eabi/10.3.1/../../../../arm-none-eabi/lib/thumb/v6-m/nofp\libg.a(lib_a-mallocr.o)
                              c:/progra~1/raspbe~1/picosd~1.1/gcc-ar~1/bin/../lib/gcc/arm-none-eabi/10.3.1/../../../../arm-none-eabi/lib/thumb/v6-m/nofp\libg.a(lib_a-callocr.o) (_malloc_r)
c:/progra~1/raspbe~1/picosd~1.1/gcc-ar~1/bin/../lib/gcc/arm-none-eabi/10.3.1/../../../../arm-none-eabi/lib/thumb/v6-m/nofp\libg.a(lib_a-mlock.o)
                              c:/progra~1/raspbe~1/picosd~1.1/gcc-ar~1/bin/../lib/gcc/arm-none-eabi/10.3.1/../../../../arm-none-eabi/lib/thumb/v6-m/nofp\libg.a(lib_a-mallocr.o) (__malloc_lock)
c:/progra~1/raspbe~1/picosd~1.1/gcc-ar~1/bin/../lib/gcc/arm-none-eabi/10.3.1/../../../../arm-none-eabi/lib/thumb/v6-m/nofp\libg.a(lib_a-realloc.o)
                              CMakeFiles/w6x00_loopback.dir/__/__/libraries/pico-sdk/src/rp2_common/pico_malloc/pico_malloc.c.obj (realloc)
c:/progra~1/raspbe~1/picosd~1.1/gcc-ar~1/bin/../lib/gcc/arm-none-eabi/10.3.1/../../../../arm-none-eabi/lib/thumb/v6-m/nofp\libg.a(lib_a-reallocr.o)
                              c:/progra~1/raspbe~1/picosd~1.1/gcc-ar~1/bin/../lib/gcc/arm-none-eabi/10.3.1/../../../../arm-none-eabi/lib/thumb/v6-m/nofp\libg.a(lib_a-realloc.o) (_realloc_r)
c:/progra~1/raspbe~1/picosd~1.1/gcc-ar~1/bin/../lib/gcc/arm-none-eabi/10.3.1/../../../../arm-none-eabi/lib/thumb/v6-m/nofp\libg.a(lib_a-sbrkr.o)
                              c:/progra~1/raspbe~1/picosd~1.1/gcc-ar~1/bin/../lib/gcc/arm-none-eabi/10.3.1/../../../../arm-none-eabi/lib/thumb/v6-m/nofp\libg.a(lib_a-mallocr.o) (_sbrk_r)
c:/progra~1/raspbe~1/picosd~1.1/gcc-ar~1/bin/../lib/gcc/arm-none-eabi/10.3.1/../../../../arm-none-eabi/lib/thumb/v6-m/nofp\libg.a(lib_a-strcpy.o)
                              CMakeFiles/w6x00_loopback.dir/w6x00_loopback.c.obj (strcpy)
c:/progra~1/raspbe~1/picosd~1.1/gcc-ar~1/bin/../lib/gcc/arm-none-eabi/10.3.1/../../../../arm-none-eabi/lib/thumb/v6-m/nofp\libg.a(lib_a-strlen-stub.o)
                              CMakeFiles/w6x00_loopback.dir/__/__/libraries/pico-sdk/src/rp2_common/pico_stdio/stdio.c.obj (strlen)
c:/progra~1/raspbe~1/picosd~1.1/gcc-ar~1/bin/../lib/gcc/arm-none-eabi/10.3.1/../../../../arm-none-eabi/lib/thumb/v6-m/nofp\libg.a(lib_a-freer.o)
                              c:/progra~1/raspbe~1/picosd~1.1/gcc-ar~1/bin/../lib/gcc/arm-none-eabi/10.3.1/../../../../arm-none-eabi/lib/thumb/v6-m/nofp\libg.a(lib_a-malloc.o) (_free_r)
[...]
Memory Configuration

Name             Origin             Length             Attributes
FLASH            0x10000000         0x00200000         xr
RAM              0x20000000         0x00040000         xrw
SCRATCH_X        0x20040000         0x00001000         xrw
SCRATCH_Y        0x20041000         0x00001000         xrw
*default*        0x00000000         0xffffffff

Linker script and memory map

LOAD c:/progra~1/raspbe~1/picosd~1.1/gcc-ar~1/bin/../lib/gcc/arm-none-eabi/10.3.1/thumb/v6-m/nofp/crti.o
LOAD c:/progra~1/raspbe~1/picosd~1.1/gcc-ar~1/bin/../lib/gcc/arm-none-eabi/10.3.1/thumb/v6-m/nofp/crtbegin.o
LOAD c:/progra~1/raspbe~1/picosd~1.1/gcc-ar~1/bin/../lib/gcc/arm-none-eabi/10.3.1/../../../../arm-none-eabi/lib/thumb/v6-m/nofp/crt0.o

.flash_begin    0x10000000        0x0
                0x10000000                __flash_binary_start = .

.boot2          0x10000000      0x100
                0x10000000                __boot2_start__ = .
 *(.boot2)
 .boot2         0x10000000      0x100 C:\Users\dupon\AppData\Local\Temp\cc24SCio.o
                0x10000100                __boot2_end__ = .
                0x00000001                ASSERT (((__boot2_end__ - __boot2_start__) == 0x100), ERROR: Pico second stage bootloader must be 256 bytes in size)

.text           0x10000100     0xa998
                0x10000100                __logical_binary_start = .
 *(.vectors)
 .vectors       0x10000100       0xd4 CMakeFiles/w6x00_loopback.dir/__/__/libraries/pico-sdk/src/rp2_common/pico_standard_link/crt0.S.obj
                0x10000100                __VECTOR_TABLE
                0x10000100                __vectors
                0x100001c0                isr_invalid
                0x100001c0                __default_isrs_start
                0x100001c2                isr_nmi
                0x100001c4                isr_hardfault
                0x100001c6                isr_svcall
                0x100001c8                isr_pendsv
                0x100001ca                isr_systick
                0x100001cc                isr_irq23
                0x100001cc                isr_irq18
                0x100001cc                isr_irq11
                0x100001cc                isr_irq28
                0x100001cc                isr_irq19
                0x100001cc                isr_irq0
                0x100001cc                isr_irq6
                0x100001cc                isr_irq5
                0x100001cc                isr_irq12
                0x100001cc                isr_irq22
                0x100001cc                isr_irq31
                0x100001cc                isr_irq17
                0x100001cc                isr_irq27
                0x100001cc                isr_irq30
                0x100001cc                isr_irq2
                0x100001cc                isr_irq10
                0x100001cc                isr_irq8
                0x100001cc                isr_irq24
                0x100001cc                isr_irq1
                0x100001cc                isr_irq7
                0x100001cc                isr_irq21
                0x100001cc                isr_irq20
                0x100001cc                isr_irq15
                0x100001cc                isr_irq25
                0x100001cc                isr_irq13
                0x100001cc                __unhandled_user_irq
                0x100001cc                isr_irq4
                0x100001cc                isr_irq16
                0x100001cc                isr_irq29
                0x100001cc                isr_irq26
                0x100001cc                __default_isrs_end
                0x100001cc                isr_irq3
                0x100001cc                isr_irq14
                0x100001cc                isr_irq9
                0x100001d2                unhandled_user_irq_num_in_r0
 *(.binary_info_header)
 .binary_info_header
                0x100001d4       0x14 CMakeFiles/w6x00_loopback.dir/__/__/libraries/pico-sdk/src/rp2_common/pico_standard_link/crt0.S.obj
                0x100001e8                __binary_info_header_end = .
 *(.reset)
 .reset         0x100001e8       0xa8 CMakeFiles/w6x00_loopback.dir/__/__/libraries/pico-sdk/src/rp2_common/pico_standard_link/crt0.S.obj
                0x100001e8                _entry_point
                0x10000266                __get_current_exception
 .reset         0x10000290       0x30 CMakeFiles/w6x00_loopback.dir/__/__/libraries/pico-sdk/src/rp2_common/pico_standard_link/binary_info.c.obj
 *(.init)
 .init          0x100002c0        0x4 c:/progra~1/raspbe~1/picosd~1.1/gcc-ar~1/bin/../lib/gcc/arm-none-eabi/10.3.1/thumb/v6-m/nofp/crti.o
                0x100002c0                _init
 *(EXCLUDE_FILE(*libm.a: *libc.a:*lib_a-mem*.o *libgcc.a:) .text*)
 .text          0x100002c4       0x48 c:/progra~1/raspbe~1/picosd~1.1/gcc-ar~1/bin/../lib/gcc/arm-none-eabi/10.3.1/thumb/v6-m/nofp/crtbegin.o
 .text.repeating_timer_callback
                0x1000030c       0x28 CMakeFiles/w6x00_loopback.dir/w6x00_loopback.c.obj
 .text.set_clock_khz
                0x10000334       0x44 CMakeFiles/w6x00_loopback.dir/w6x00_loopback.c.obj
 .text.init_uart
                0x10000378       0x4c CMakeFiles/w6x00_loopback.dir/w6x00_loopback.c.obj
                0x10000378                init_uart
 .text.hardware_UART_send_data
                0x100003c4       0x94 CMakeFiles/w6x00_loopback.dir/w6x00_loopback.c.obj
                0x100003c4                hardware_UART_send_data
 .text.delay_us
                0x10000458        0xa CMakeFiles/w6x00_loopback.dir/w6x00_loopback.c.obj
                0x10000458                delay_us
 .text.uart_transmit_command
                0x10000462       0x4c CMakeFiles/w6x00_loopback.dir/w6x00_loopback.c.obj
                0x10000462                uart_transmit_command
 *fill*         0x100004ae        0x2 
 .text.UART_receiveData
                0x100004b0       0xb4 CMakeFiles/w6x00_loopback.dir/w6x00_loopback.c.obj
                0x100004b0                UART_receiveData
 .text.print_debug_console
                0x10000564       0x22 CMakeFiles/w6x00_loopback.dir/w6x00_loopback.c.obj
                0x10000564                print_debug_console
 *fill*         0x10000586        0x2 
 .text.settingsInput
                0x10000588       0x94 CMakeFiles/w6x00_loopback.dir/w6x00_loopback.c.obj
                0x10000588                settingsInput
 .text.change_disconnect_timer_menu
                0x1000061c       0xd4 CMakeFiles/w6x00_loopback.dir/w6x00_loopback.c.obj
                0x1000061c                change_disconnect_timer_menu
 .text.change_bautrate_menu
                0x100006f0      0x124 CMakeFiles/w6x00_loopback.dir/w6x00_loopback.c.obj
                0x100006f0                change_bautrate_menu
 .text.combineChars
                0x10000814       0x1c CMakeFiles/w6x00_loopback.dir/w6x00_loopback.c.obj
                0x10000814                combineChars
 .text.change_ip_menu
                0x10000830      0x134 CMakeFiles/w6x00_loopback.dir/w6x00_loopback.c.obj
                0x10000830                change_ip_menu
 .text.transmitHexCommand
                0x10000964       0x38 CMakeFiles/w6x00_loopback.dir/w6x00_loopback.c.obj
                0x10000964                transmitHexCommand
 .text.assignTelnetSuffix
                0x1000099c       0x2a CMakeFiles/w6x00_loopback.dir/w6x00_loopback.c.obj
                0x1000099c                assignTelnetSuffix
 *fill*         0x100009c6        0x2 
 .text.hexToTelnet
                0x100009c8       0x84 CMakeFiles/w6x00_loopback.dir/w6x00_loopback.c.obj
                0x100009c8                hexToTelnet
 .text.copyToSerial
                0x10000a4c       0x2c CMakeFiles/w6x00_loopback.dir/w6x00_loopback.c.obj
                0x10000a4c                copyToSerial
 .text.printMenus
                0x10000a78       0x48 CMakeFiles/w6x00_loopback.dir/w6x00_loopback.c.obj
                0x10000a78                printMenus
 .text.mainMenu
                0x10000ac0       0x78 CMakeFiles/w6x00_loopback.dir/w6x00_loopback.c.obj
                0x10000ac0                mainMenu
 .text.intToString
                0x10000b38       0x30 CMakeFiles/w6x00_loopback.dir/w6x00_loopback.c.obj
                0x10000b38                intToString
 .text.combineIntegersToString
                0x10000b68       0x8c CMakeFiles/w6x00_loopback.dir/w6x00_loopback.c.obj
                0x10000b68                combineIntegersToString
 .text.networkingMenu
                0x10000bf4       0x80 CMakeFiles/w6x00_loopback.dir/w6x00_loopback.c.obj
                0x10000bf4                networkingMenu
 .text.applicationMenu
                0x10000c74       0x5c CMakeFiles/w6x00_loopback.dir/w6x00_loopback.c.obj
                0x10000c74                applicationMenu
 .text.monitoringMenu
                0x10000cd0       0x88 CMakeFiles/w6x00_loopback.dir/w6x00_loopback.c.obj
                0x10000cd0                monitoringMenu
 .text.debug_socket_behaviour
                0x10000d58       0xb0 CMakeFiles/w6x00_loopback.dir/w6x00_loopback.c.obj
                0x10000d58                debug_socket_behaviour
 .text.init_server_socket
                0x10000e08      0x208 CMakeFiles/w6x00_loopback.dir/w6x00_loopback.c.obj
                0x10000e08                init_server_socket
 .text.readCharFromFlash
                0x10001010        0x8 CMakeFiles/w6x00_loopback.dir/w6x00_loopback.c.obj
                0x10001010                readCharFromFlash
 .text.socket_behaviour
                0x10001018       0x70 CMakeFiles/w6x00_loopback.dir/w6x00_loopback.c.obj
                0x10001018                socket_behaviour
 .text.main     0x10001088      0x298 CMakeFiles/w6x00_loopback.dir/w6x00_loopback.c.obj
                0x10001088                main
 .text.set_sys_clock_pll
                0x10001320       0x78 CMakeFiles/w6x00_loopback.dir/__/__/libraries/pico-sdk/src/rp2_common/pico_stdlib/stdlib.c.obj
                0x10001320                set_sys_clock_pll
 .text.check_sys_clock_khz
                0x10001398       0xb0 CMakeFiles/w6x00_loopback.dir/__/__/libraries/pico-sdk/src/rp2_common/pico_stdlib/stdlib.c.obj
                0x10001398                check_sys_clock_khz
 .text.gpio_set_function
                0x10001448       0x30 CMakeFiles/w6x00_loopback.dir/__/__/libraries/pico-sdk/src/rp2_common/hardware_gpio/gpio.c.obj
                0x10001448                gpio_set_function
 .text.gpio_set_pulls
                0x10001478       0x34 CMakeFiles/w6x00_loopback.dir/__/__/libraries/pico-sdk/src/rp2_common/hardware_gpio/gpio.c.obj
                0x10001478                gpio_set_pulls
 .text.gpio_init
                0x100014ac       0x16 CMakeFiles/w6x00_loopback.dir/__/__/libraries/pico-sdk/src/rp2_common/hardware_gpio/gpio.c.obj
                0x100014ac                gpio_init
 *fill*         0x100014c2        0x2 
 .text.hw_claim_lock
                0x100014c4       0x18 CMakeFiles/w6x00_loopback.dir/__/__/libraries/pico-sdk/src/rp2_common/hardware_claim/claim.c.obj
                0x100014c4                hw_claim_lock
 .text.hw_claim_unlock
                0x100014dc       0x14 CMakeFiles/w6x00_loopback.dir/__/__/libraries/pico-sdk/src/rp2_common/hardware_claim/claim.c.obj
                0x100014dc                hw_claim_unlock
 .text.hw_claim_or_assert
                0x100014f0       0x32 CMakeFiles/w6x00_loopback.dir/__/__/libraries/pico-sdk/src/rp2_common/hardware_claim/claim.c.obj
                0x100014f0                hw_claim_or_assert
 .text.hw_claim_unused_from_range
                0x10001522       0x50 CMakeFiles/w6x00_loopback.dir/__/__/libraries/pico-sdk/src/rp2_common/hardware_claim/claim.c.obj
                0x10001522                hw_claim_unused_from_range
 *fill*         0x10001572        0x2 
 .text.running_on_fpga
                0x10001574       0x14 CMakeFiles/w6x00_loopback.dir/__/__/libraries/pico-sdk/src/rp2_common/pico_platform/platform.c.obj
                0x10001574                running_on_fpga
 .text.spin_locks_reset
                0x10001588       0x20 CMakeFiles/w6x00_loopback.dir/__/__/libraries/pico-sdk/src/rp2_common/hardware_sync/sync.c.obj
                0x10001588                spin_locks_reset
 .text.next_striped_spin_lock_num
                0x100015a8       0x1c CMakeFiles/w6x00_loopback.dir/__/__/libraries/pico-sdk/src/rp2_common/hardware_sync/sync.c.obj
                0x100015a8                next_striped_spin_lock_num
 .text.spin_lock_claim_unused
                0x100015c4       0x20 CMakeFiles/w6x00_loopback.dir/__/__/libraries/pico-sdk/src/rp2_common/hardware_sync/sync.c.obj
                0x100015c4                spin_lock_claim_unused
 .text.set_raw_irq_handler_and_unlock
                0x100015e4       0x28 CMakeFiles/w6x00_loopback.dir/__/__/libraries/pico-sdk/src/rp2_common/hardware_irq/irq.c.obj
 .text.make_branch
                0x1000160c       0x48 CMakeFiles/w6x00_loopback.dir/__/__/libraries/pico-sdk/src/rp2_common/hardware_irq/irq.c.obj
 .text.insert_branch_and_link
                0x10001654       0x40 CMakeFiles/w6x00_loopback.dir/__/__/libraries/pico-sdk/src/rp2_common/hardware_irq/irq.c.obj
 .text.irq_is_enabled
                0x10001694       0x18 CMakeFiles/w6x00_loopback.dir/__/__/libraries/pico-sdk/src/rp2_common/hardware_irq/irq.c.obj
                0x10001694                irq_is_enabled
 .text.irq_set_mask_enabled
                0x100016ac       0x20 CMakeFiles/w6x00_loopback.dir/__/__/libraries/pico-sdk/src/rp2_common/hardware_irq/irq.c.obj
                0x100016ac                irq_set_mask_enabled
 .text.irq_set_enabled
                0x100016cc        0xe CMakeFiles/w6x00_loopback.dir/__/__/libraries/pico-sdk/src/rp2_common/hardware_irq/irq.c.obj
                0x100016cc                irq_set_enabled
 *fill*         0x100016da        0x2 
 .text.irq_set_pending
                0x100016dc       0x10 CMakeFiles/w6x00_loopback.dir/__/__/libraries/pico-sdk/src/rp2_common/hardware_irq/irq.c.obj
                0x100016dc                irq_set_pending
 .text.irq_get_vtable_handler
                0x100016ec       0x10 CMakeFiles/w6x00_loopback.dir/__/__/libraries/pico-sdk/src/rp2_common/hardware_irq/irq.c.obj
                0x100016ec                irq_get_vtable_handler
 .text.irq_has_shared_handler
                0x100016fc       0x24 CMakeFiles/w6x00_loopback.dir/__/__/libraries/pico-sdk/src/rp2_common/hardware_irq/irq.c.obj
                0x100016fc                irq_has_shared_handler
 .text.irq_set_exclusive_handler
                0x10001720       0x54 CMakeFiles/w6x00_loopback.dir/__/__/libraries/pico-sdk/src/rp2_common/hardware_irq/irq.c.obj
                0x10001720                irq_set_exclusive_handler
 .text.irq_add_shared_handler
                0x10001774      0x230 CMakeFiles/w6x00_loopback.dir/__/__/libraries/pico-sdk/src/rp2_common/hardware_irq/irq.c.obj
                0x10001774                irq_add_shared_handler
 .text.irq_remove_handler
                0x100019a4      0x1a8 CMakeFiles/w6x00_loopback.dir/__/__/libraries/pico-sdk/src/rp2_common/hardware_irq/irq.c.obj
                0x100019a4                irq_remove_handler
 .text.irq_add_tail_to_free_list
                0x10001b4c       0xf0 CMakeFiles/w6x00_loopback.dir/__/__/libraries/pico-sdk/src/rp2_common/hardware_irq/irq.c.obj
                0x10001b4c                irq_add_tail_to_free_list
 .text.irq_init_priorities
                0x10001c3c       0x1c CMakeFiles/w6x00_loopback.dir/__/__/libraries/pico-sdk/src/rp2_common/hardware_irq/irq.c.obj
                0x10001c3c                irq_init_priorities
 .text.user_irq_claim_unused
                0x10001c58       0x30 CMakeFiles/w6x00_loopback.dir/__/__/libraries/pico-sdk/src/rp2_common/hardware_irq/irq.c.obj
                0x10001c58                user_irq_claim_unused
 .text.lock_init
                0x10001c88       0x10 CMakeFiles/w6x00_loopback.dir/__/__/libraries/pico-sdk/src/common/pico_sync/lock_core.c.obj
                0x10001c88                lock_init
 .text.repeating_timer_callback
                0x10001c98       0x40 CMakeFiles/w6x00_loopback.dir/__/__/libraries/pico-sdk/src/common/pico_time/time.c.obj
 .text.alarm_pool_post_alloc_init
                0x10001cd8       0x40 CMakeFiles/w6x00_loopback.dir/__/__/libraries/pico-sdk/src/common/pico_time/time.c.obj
 .text.sleep_until_callback
                0x10001d18       0x30 CMakeFiles/w6x00_loopback.dir/__/__/libraries/pico-sdk/src/common/pico_time/time.c.obj
 .text.timer_pool_entry_comparator
                0x10001d48       0x7c CMakeFiles/w6x00_loopback.dir/__/__/libraries/pico-sdk/src/common/pico_time/time.c.obj
                0x10001d48                timer_pool_entry_comparator
 .text.ph_add_child_node
                0x10001dc4       0xa4 CMakeFiles/w6x00_loopback.dir/__/__/libraries/pico-sdk/src/common/pico_time/time.c.obj
 .text.ph_merge_nodes
                0x10001e68       0x3e CMakeFiles/w6x00_loopback.dir/__/__/libraries/pico-sdk/src/common/pico_time/time.c.obj
 *fill*         0x10001ea6        0x2 
 .text.add_alarm_under_lock
                0x10001ea8      0x174 CMakeFiles/w6x00_loopback.dir/__/__/libraries/pico-sdk/src/common/pico_time/time.c.obj
 .text.alarm_pool_alarm_callback
                0x1000201c      0x328 CMakeFiles/w6x00_loopback.dir/__/__/libraries/pico-sdk/src/common/pico_time/time.c.obj
 .text.alarm_pool_init_default
                0x10002344       0x38 CMakeFiles/w6x00_loopback.dir/__/__/libraries/pico-sdk/src/common/pico_time/time.c.obj
                0x10002344                alarm_pool_init_default
 .text.alarm_pool_get_default
                0x1000237c       0x2c CMakeFiles/w6x00_loopback.dir/__/__/libraries/pico-sdk/src/common/pico_time/time.c.obj
                0x1000237c                alarm_pool_get_default
 .text.alarm_pool_add_alarm_at
                0x100023a8      0x170 CMakeFiles/w6x00_loopback.dir/__/__/libraries/pico-sdk/src/common/pico_time/time.c.obj
                0x100023a8                alarm_pool_add_alarm_at
 .text.alarm_pool_cancel_alarm
                0x10002518       0xf0 CMakeFiles/w6x00_loopback.dir/__/__/libraries/pico-sdk/src/common/pico_time/time.c.obj
                0x10002518                alarm_pool_cancel_alarm
 .text.alarm_pool_add_repeating_timer_us
                0x10002608       0x9c CMakeFiles/w6x00_loopback.dir/__/__/libraries/pico-sdk/src/common/pico_time/time.c.obj
                0x10002608                alarm_pool_add_repeating_timer_us
 .text.sleep_until
                0x100026a4       0xfc CMakeFiles/w6x00_loopback.dir/__/__/libraries/pico-sdk/src/common/pico_time/time.c.obj
                0x100026a4                sleep_until
 .text.sleep_us
                0x100027a0       0x58 CMakeFiles/w6x00_loopback.dir/__/__/libraries/pico-sdk/src/common/pico_time/time.c.obj
                0x100027a0                sleep_us
 .text.sleep_ms
                0x100027f8       0x14 CMakeFiles/w6x00_loopback.dir/__/__/libraries/pico-sdk/src/common/pico_time/time.c.obj
                0x100027f8                sleep_ms
 .text.best_effort_wfe_or_timeout
                0x1000280c       0x80 CMakeFiles/w6x00_loopback.dir/__/__/libraries/pico-sdk/src/common/pico_time/time.c.obj
                0x1000280c                best_effort_wfe_or_timeout
 .text.hardware_alarm_irq_handler
                0x1000288c       0x8c CMakeFiles/w6x00_loopback.dir/__/__/libraries/pico-sdk/src/rp2_common/hardware_timer/timer.c.obj
 .text.hardware_alarm_claim
                0x10002918       0x18 CMakeFiles/w6x00_loopback.dir/__/__/libraries/pico-sdk/src/rp2_common/hardware_timer/timer.c.obj
                0x10002918                hardware_alarm_claim
 .text.time_us_64
                0x10002930       0x18 CMakeFiles/w6x00_loopback.dir/__/__/libraries/pico-sdk/src/rp2_common/hardware_timer/timer.c.obj
                0x10002930                time_us_64
 .text.busy_wait_until
                0x10002948       0x28 CMakeFiles/w6x00_loopback.dir/__/__/libraries/pico-sdk/src/rp2_common/hardware_timer/timer.c.obj
                0x10002948                busy_wait_until
 .text.busy_wait_us
                0x10002970       0x48 CMakeFiles/w6x00_loopback.dir/__/__/libraries/pico-sdk/src/rp2_common/hardware_timer/timer.c.obj
                0x10002970                busy_wait_us
 .text.hardware_alarm_set_callback
                0x100029b8       0x90 CMakeFiles/w6x00_loopback.dir/__/__/libraries/pico-sdk/src/rp2_common/hardware_timer/timer.c.obj
                0x100029b8                hardware_alarm_set_callback
 .text.hardware_alarm_set_target
                0x10002a48       0xe8 CMakeFiles/w6x00_loopback.dir/__/__/libraries/pico-sdk/src/rp2_common/hardware_timer/timer.c.obj
                0x10002a48                hardware_alarm_set_target
 .text.hardware_alarm_cancel
                0x10002b30       0x40 CMakeFiles/w6x00_loopback.dir/__/__/libraries/pico-sdk/src/rp2_common/hardware_timer/timer.c.obj
                0x10002b30                hardware_alarm_cancel
 .text.ph_add_child_node
                0x10002b70       0xa4 CMakeFiles/w6x00_loopback.dir/__/__/libraries/pico-sdk/src/common/pico_util/pheap.c.obj
 .text.ph_merge_nodes
                0x10002c14       0x3e CMakeFiles/w6x00_loopback.dir/__/__/libraries/pico-sdk/src/common/pico_util/pheap.c.obj
 *fill*         0x10002c52        0x2 
 .text.ph_clear
                0x10002c54       0x70 CMakeFiles/w6x00_loopback.dir/__/__/libraries/pico-sdk/src/common/pico_util/pheap.c.obj
                0x10002c54                ph_clear
 .text.ph_post_alloc_init
                0x10002cc4        0xe CMakeFiles/w6x00_loopback.dir/__/__/libraries/pico-sdk/src/common/pico_util/pheap.c.obj
                0x10002cc4                ph_post_alloc_init
 *fill*         0x10002cd2        0x2 
 .text.ph_merge_two_pass
                0x10002cd4       0xa8 CMakeFiles/w6x00_loopback.dir/__/__/libraries/pico-sdk/src/common/pico_util/pheap.c.obj
                0x10002cd4                ph_merge_two_pass
 .text.ph_remove_any_head
                0x10002d7c      0x108 CMakeFiles/w6x00_loopback.dir/__/__/libraries/pico-sdk/src/common/pico_util/pheap.c.obj
 .text.ph_remove_head
                0x10002e84       0x14 CMakeFiles/w6x00_loopback.dir/__/__/libraries/pico-sdk/src/common/pico_util/pheap.c.obj
                0x10002e84                ph_remove_head
 .text.ph_remove_and_free_node
                0x10002e98       0xf8 CMakeFiles/w6x00_loopback.dir/__/__/libraries/pico-sdk/src/common/pico_util/pheap.c.obj
                0x10002e98                ph_remove_and_free_node
 .text.mutex_init
                0x10002f90       0x1a CMakeFiles/w6x00_loopback.dir/__/__/libraries/pico-sdk/src/common/pico_sync/mutex.c.obj
                0x10002f90                mutex_init
 .text.recursive_mutex_init
                0x10002faa       0x1e CMakeFiles/w6x00_loopback.dir/__/__/libraries/pico-sdk/src/common/pico_sync/mutex.c.obj
                0x10002faa                recursive_mutex_init
 .text.critical_section_init_with_lock_num
                0x10002fc8       0x14 CMakeFiles/w6x00_loopback.dir/__/__/libraries/pico-sdk/src/common/pico_sync/critical_section.c.obj
                0x10002fc8                critical_section_init_with_lock_num
 .text.critical_section_init
                0x10002fdc       0x14 CMakeFiles/w6x00_loopback.dir/__/__/libraries/pico-sdk/src/common/pico_sync/critical_section.c.obj
                0x10002fdc                critical_section_init
 .text.uart_set_baudrate
                0x10002ff0       0x5c CMakeFiles/w6x00_loopback.dir/__/__/libraries/pico-sdk/src/rp2_common/hardware_uart/uart.c.obj
                0x10002ff0                uart_set_baudrate
 .text.uart_set_translate_crlf
                0x1000304c       0x28 CMakeFiles/w6x00_loopback.dir/__/__/libraries/pico-sdk/src/rp2_common/hardware_uart/uart.c.obj
                0x1000304c                uart_set_translate_crlf
 .text.uart_init
                0x10003074       0x80 CMakeFiles/w6x00_loopback.dir/__/__/libraries/pico-sdk/src/rp2_common/hardware_uart/uart.c.obj
                0x10003074                uart_init
 .text._exit    0x100030f4        0x4 CMakeFiles/w6x00_loopback.dir/__/__/libraries/pico-sdk/src/rp2_common/pico_runtime/runtime.c.obj
                0x100030f4                _exit
 .text._sbrk    0x100030f8       0x38 CMakeFiles/w6x00_loopback.dir/__/__/libraries/pico-sdk/src/rp2_common/pico_runtime/runtime.c.obj
                0x100030f8                _sbrk
 .text.exit     0x10003130        0x6 CMakeFiles/w6x00_loopback.dir/__/__/libraries/pico-sdk/src/rp2_common/pico_runtime/runtime.c.obj
                0x10003130                exit
 *fill*         0x10003136        0x2 
 .text.__assert_func
                0x10003138       0x3c CMakeFiles/w6x00_loopback.dir/__/__/libraries/pico-sdk/src/rp2_common/pico_runtime/runtime.c.obj
                0x10003138                __assert_func
 .text.runtime_init
                0x10003174       0xf8 CMakeFiles/w6x00_loopback.dir/__/__/libraries/pico-sdk/src/rp2_common/pico_runtime/runtime.c.obj
                0x10003174                runtime_init
 .text.panic    0x1000326c       0x30 CMakeFiles/w6x00_loopback.dir/__/__/libraries/pico-sdk/src/rp2_common/pico_runtime/runtime.c.obj
                0x1000326c                panic
 .text.clock_configure
                0x1000329c      0x104 CMakeFiles/w6x00_loopback.dir/__/__/libraries/pico-sdk/src/rp2_common/hardware_clocks/clocks.c.obj
                0x1000329c                clock_configure
 .text.clocks_init
                0x100033a0      0x100 CMakeFiles/w6x00_loopback.dir/__/__/libraries/pico-sdk/src/rp2_common/hardware_clocks/clocks.c.obj
                0x100033a0                clocks_init
 .text.clock_get_hz
                0x100034a0        0xc CMakeFiles/w6x00_loopback.dir/__/__/libraries/pico-sdk/src/rp2_common/hardware_clocks/clocks.c.obj
                0x100034a0                clock_get_hz
 .text.pll_init
                0x100034ac      0x140 CMakeFiles/w6x00_loopback.dir/__/__/libraries/pico-sdk/src/rp2_common/hardware_pll/pll.c.obj
                0x100034ac                pll_init
 .text.watchdog_start_tick
                0x100035ec       0x10 CMakeFiles/w6x00_loopback.dir/__/__/libraries/pico-sdk/src/rp2_common/hardware_watchdog/watchdog.c.obj
                0x100035ec                watchdog_start_tick
 .text.watchdog_update
                0x100035fc       0x14 CMakeFiles/w6x00_loopback.dir/__/__/libraries/pico-sdk/src/rp2_common/hardware_watchdog/watchdog.c.obj
                0x100035fc                watchdog_update
 .text._watchdog_enable
                0x10003610       0x78 CMakeFiles/w6x00_loopback.dir/__/__/libraries/pico-sdk/src/rp2_common/hardware_watchdog/watchdog.c.obj
                0x10003610                _watchdog_enable
 .text.watchdog_enable
                0x10003688       0x18 CMakeFiles/w6x00_loopback.dir/__/__/libraries/pico-sdk/src/rp2_common/hardware_watchdog/watchdog.c.obj
                0x10003688                watchdog_enable
 .text.watchdog_reboot
                0x100036a0       0x48 CMakeFiles/w6x00_loopback.dir/__/__/libraries/pico-sdk/src/rp2_common/hardware_watchdog/watchdog.c.obj
                0x100036a0                watchdog_reboot
 .text.xosc_init
                0x100036e8       0x28 CMakeFiles/w6x00_loopback.dir/__/__/libraries/pico-sdk/src/rp2_common/hardware_xosc/xosc.c.obj
                0x100036e8                xosc_init
 .text._out_buffer
                0x10003710        0x8 CMakeFiles/w6x00_loopback.dir/__/__/libraries/pico-sdk/src/rp2_common/pico_printf/printf.c.obj
 .text._out_null
                0x10003718        0x2 CMakeFiles/w6x00_loopback.dir/__/__/libraries/pico-sdk/src/rp2_common/pico_printf/printf.c.obj
 .text._out_fct
                0x1000371a        0xe CMakeFiles/w6x00_loopback.dir/__/__/libraries/pico-sdk/src/rp2_common/pico_printf/printf.c.obj
 .text._atoi    0x10003728       0x24 CMakeFiles/w6x00_loopback.dir/__/__/libraries/pico-sdk/src/rp2_common/pico_printf/printf.c.obj
 .text._out_rev
                0x1000374c       0xae CMakeFiles/w6x00_loopback.dir/__/__/libraries/pico-sdk/src/rp2_common/pico_printf/printf.c.obj
 .text._ntoa_format
                0x100037fa      0x112 CMakeFiles/w6x00_loopback.dir/__/__/libraries/pico-sdk/src/rp2_common/pico_printf/printf.c.obj
 .text._ntoa_long
                0x1000390c       0xbc CMakeFiles/w6x00_loopback.dir/__/__/libraries/pico-sdk/src/rp2_common/pico_printf/printf.c.obj
 .text._ntoa_long_long
                0x100039c8       0xe2 CMakeFiles/w6x00_loopback.dir/__/__/libraries/pico-sdk/src/rp2_common/pico_printf/printf.c.obj
 *fill*         0x10003aaa        0x2 
 .text._etoa    0x10003aac      0x414 CMakeFiles/w6x00_loopback.dir/__/__/libraries/pico-sdk/src/rp2_common/pico_printf/printf.c.obj
 .text._ftoa    0x10003ec0      0x354 CMakeFiles/w6x00_loopback.dir/__/__/libraries/pico-sdk/src/rp2_common/pico_printf/printf.c.obj
 .text._vsnprintf
                0x10004214      0x624 CMakeFiles/w6x00_loopback.dir/__/__/libraries/pico-sdk/src/rp2_common/pico_printf/printf.c.obj
 .text.__wrap_sprintf
                0x10004838       0x28 CMakeFiles/w6x00_loopback.dir/__/__/libraries/pico-sdk/src/rp2_common/pico_printf/printf.c.obj
                0x10004838                __wrap_sprintf
 .text.__wrap_snprintf
                0x10004860       0x28 CMakeFiles/w6x00_loopback.dir/__/__/libraries/pico-sdk/src/rp2_common/pico_printf/printf.c.obj
                0x10004860                __wrap_snprintf
 .text.vfctprintf
                0x10004888       0x20 CMakeFiles/w6x00_loopback.dir/__/__/libraries/pico-sdk/src/rp2_common/pico_printf/printf.c.obj
                0x10004888                vfctprintf
 .text          0x100048a8       0x10 CMakeFiles/w6x00_loopback.dir/__/__/libraries/pico-sdk/src/rp2_common/pico_bit_ops/bit_ops_aeabi.S.obj
 .text.rom_func_lookup
                0x100048b8       0x10 CMakeFiles/w6x00_loopback.dir/__/__/libraries/pico-sdk/src/rp2_common/pico_bootrom/bootrom.c.obj
                0x100048b8                rom_func_lookup
 .text.rom_data_lookup
                0x100048c8       0x10 CMakeFiles/w6x00_loopback.dir/__/__/libraries/pico-sdk/src/rp2_common/pico_bootrom/bootrom.c.obj
                0x100048c8                rom_data_lookup
 .text.rom_funcs_lookup
                0x100048d8       0x36 CMakeFiles/w6x00_loopback.dir/__/__/libraries/pico-sdk/src/rp2_common/pico_bootrom/bootrom.c.obj
                0x100048d8                rom_funcs_lookup
 *fill*         0x1000490e        0x2 
 .text.__wrap___aeabi_idiv
                0x10004910       0x50 CMakeFiles/w6x00_loopback.dir/__/__/libraries/pico-sdk/src/rp2_common/pico_divider/divider.S.obj
                0x10004910                __wrap___aeabi_idivmod
                0x10004910                divmod_s32s32
                0x10004910                div_s32s32
                0x10004910                __wrap___aeabi_idiv
                0x10004918                divmod_s32s32_unsafe
                0x10004944                divmod_s32s32_savestate
 .text.__wrap___aeabi_uidiv
                0x10004960       0x4c CMakeFiles/w6x00_loopback.dir/__/__/libraries/pico-sdk/src/rp2_common/pico_divider/divider.S.obj
                0x10004960                __wrap___aeabi_uidiv
                0x10004960                __wrap___aeabi_uidivmod
                0x10004960                div_u32u32
                0x10004960                divmod_u32u32
                0x10004968                divmod_u32u32_unsafe
                0x10004990                divmod_u32u32_savestate
 .text.__wrap___aeabi_ldiv
                0x100049ac      0x434 CMakeFiles/w6x00_loopback.dir/__/__/libraries/pico-sdk/src/rp2_common/pico_divider/divider.S.obj
                0x100049ac                div_s64s64
                0x100049ac                divmod_s64s64
                0x100049ac                __wrap___aeabi_ldivmod
                0x100049e4                divmod_u64u64
                0x100049e4                div_u64u64
                0x100049e4                __wrap___aeabi_uldivmod
                0x100049f4                divmod_u64u64_savestate
                0x10004a1c                divmod_s64s64_unsafe
                0x10004aa4                divmod_u64u64_unsafe
 .text.__wrap___aeabi_darithmetic
                0x10004de0       0x80 CMakeFiles/w6x00_loopback.dir/__/__/libraries/pico-sdk/src/rp2_common/pico_double/double_aeabi.S.obj
                0x10004de0                __wrap___aeabi_drsub
                0x10004de6                __wrap___aeabi_dsub
                0x10004df8                __wrap___aeabi_dadd
                0x10004e0a                __wrap___aeabi_ddiv
                0x10004e46                __wrap___aeabi_dmul
 .text.__wrap___aeabi_cdcmple
                0x10004e60       0x6c CMakeFiles/w6x00_loopback.dir/__/__/libraries/pico-sdk/src/rp2_common/pico_double/double_aeabi.S.obj
                0x10004e60                __wrap___aeabi_cdrcmple
                0x10004e70                __wrap___aeabi_cdcmpeq
                0x10004e70                __wrap___aeabi_cdcmple
 .text.__wrap___aeabi_dcmplt
                0x10004ecc        0xc CMakeFiles/w6x00_loopback.dir/__/__/libraries/pico-sdk/src/rp2_common/pico_double/double_aeabi.S.obj
                0x10004ecc                __wrap___aeabi_dcmplt
 .text.__wrap___aeabi_dcmple
                0x10004ed8       0x10 CMakeFiles/w6x00_loopback.dir/__/__/libraries/pico-sdk/src/rp2_common/pico_double/double_aeabi.S.obj
                0x10004ed8                __wrap___aeabi_dcmple
 .text.__wrap___aeabi_dcmpge
                0x10004ee8       0x10 CMakeFiles/w6x00_loopback.dir/__/__/libraries/pico-sdk/src/rp2_common/pico_double/double_aeabi.S.obj
                0x10004ee8                __wrap___aeabi_dcmpge
 .text.__wrap___aeabi_dcmpgt
                0x10004ef8        0xa CMakeFiles/w6x00_loopback.dir/__/__/libraries/pico-sdk/src/rp2_common/pico_double/double_aeabi.S.obj
                0x10004ef8                __wrap___aeabi_dcmpgt
 .text.__wrap___aeabi_dcmpun
                0x10004f02       0x1c CMakeFiles/w6x00_loopback.dir/__/__/libraries/pico-sdk/src/rp2_common/pico_double/double_aeabi.S.obj
                0x10004f02                __wrap___aeabi_dcmpun
 *fill*         0x10004f1e        0x2 
 .text.__wrap___aeabi_i2d
                0x10004f20       0x38 CMakeFiles/w6x00_loopback.dir/__/__/libraries/pico-sdk/src/rp2_common/pico_double/double_aeabi.S.obj
                0x10004f20                __wrap___aeabi_ui2d
                0x10004f28                __wrap___aeabi_i2d
 .text.__wrap___aeabi_d2iz
                0x10004f58       0x48 CMakeFiles/w6x00_loopback.dir/__/__/libraries/pico-sdk/src/rp2_common/pico_double/double_aeabi.S.obj
                0x10004f58                double2int_z
                0x10004f58                __wrap___aeabi_d2iz
 .text.__wrap___aeabi_d2uiz
                0x10004fa0       0x18 CMakeFiles/w6x00_loopback.dir/__/__/libraries/pico-sdk/src/rp2_common/pico_double/double_aeabi.S.obj
                0x10004fa0                __wrap___aeabi_d2uiz
                0x10004fa0                double2uint
 .text.__aeabi_double_init
                0x10004fb8       0xc8 CMakeFiles/w6x00_loopback.dir/__/__/libraries/pico-sdk/src/rp2_common/pico_double/double_init_rom.c.obj
                0x10004fb8                __aeabi_double_init
 .text.double_table_shim_on_use_helper
                0x10005080       0x34 CMakeFiles/w6x00_loopback.dir/__/__/libraries/pico-sdk/src/rp2_common/pico_double/double_v1_rom_shim.S.obj
                0x10005080                double_table_shim_on_use_helper
 .text.__wrap___aeabi_dsub
                0x100050b4       0x10 CMakeFiles/w6x00_loopback.dir/__/__/libraries/pico-sdk/src/rp2_common/pico_double/double_v1_rom_shim.S.obj
                0x100050b4                drsub_shim
                0x100050ba                dsub_shim
 .text.dadd_shim
                0x100050c4      0x15c CMakeFiles/w6x00_loopback.dir/__/__/libraries/pico-sdk/src/rp2_common/pico_double/double_v1_rom_shim.S.obj
                0x100050c4                dadd_shim
 .text.dmul_shim
                0x10005220      0x15c CMakeFiles/w6x00_loopback.dir/__/__/libraries/pico-sdk/src/rp2_common/pico_double/double_v1_rom_shim.S.obj
                0x10005220                dmul_shim
 .text.ddiv_shim
                0x1000537c      0x1b0 CMakeFiles/w6x00_loopback.dir/__/__/libraries/pico-sdk/src/rp2_common/pico_double/double_v1_rom_shim.S.obj
                0x1000537c                ddiv_shim
 .text.double2uint_shim
                0x1000552c        0xe CMakeFiles/w6x00_loopback.dir/__/__/libraries/pico-sdk/src/rp2_common/pico_double/double_v1_rom_shim.S.obj
                0x1000552c                double2uint_shim
                0x1000552e                double2ufix_shim
 *fill*         0x1000553a        0x2 
 .text.double2uint64_shim
                0x1000553c       0x70 CMakeFiles/w6x00_loopback.dir/__/__/libraries/pico-sdk/src/rp2_common/pico_double/double_v1_rom_shim.S.obj
                0x1000553c                double2uint64_shim
                0x1000553e                double2ufix64_shim
                0x1000555e                d2fix_a
 .text.dunpacks
                0x100055ac       0x3c CMakeFiles/w6x00_loopback.dir/__/__/libraries/pico-sdk/src/rp2_common/pico_double/double_v1_rom_shim.S.obj
                0x100055ac                dunpacks
 .text.__aeabi_lmul
                0x100055e8       0x32 CMakeFiles/w6x00_loopback.dir/__/__/libraries/pico-sdk/src/rp2_common/pico_int64_ops/pico_int64_ops_aeabi.S.obj
                0x100055e8                __wrap___aeabi_lmul
 *fill*         0x1000561a        0x2 
 .text.__aeabi_float_init
                0x1000561c       0xfc CMakeFiles/w6x00_loopback.dir/__/__/libraries/pico-sdk/src/rp2_common/pico_float/float_init_rom.c.obj
                0x1000561c                __aeabi_float_init
 .text.float_table_shim_on_use_helper
                0x10005718       0x34 CMakeFiles/w6x00_loopback.dir/__/__/libraries/pico-sdk/src/rp2_common/pico_float/float_v1_rom_shim.S.obj
                0x10005718                float_table_shim_on_use_helper
 .text.__wrap_malloc
                0x1000574c       0x24 CMakeFiles/w6x00_loopback.dir/__/__/libraries/pico-sdk/src/rp2_common/pico_malloc/pico_malloc.c.obj
                0x1000574c                __wrap_malloc
 .text.__wrap_free
                0x10005770        0x8 CMakeFiles/w6x00_loopback.dir/__/__/libraries/pico-sdk/src/rp2_common/pico_malloc/pico_malloc.c.obj
                0x10005770                __wrap_free
 .text          0x10005778       0x10 CMakeFiles/w6x00_loopback.dir/__/__/libraries/pico-sdk/src/rp2_common/pico_mem_ops/mem_ops_aeabi.S.obj
                0x10005778                __aeabi_mem_init
 .text.memset   0x10005788        0xc CMakeFiles/w6x00_loopback.dir/__/__/libraries/pico-sdk/src/rp2_common/pico_mem_ops/mem_ops_aeabi.S.obj
                0x10005788                __wrap_memset
 .text.memcpy   0x10005794        0xc CMakeFiles/w6x00_loopback.dir/__/__/libraries/pico-sdk/src/rp2_common/pico_mem_ops/mem_ops_aeabi.S.obj
                0x10005794                __wrap_memcpy
                0x10005794                __wrap___aeabi_memcpy
 .text.stdio_out_chars_no_crlf
                0x100057a0        0xe CMakeFiles/w6x00_loopback.dir/__/__/libraries/pico-sdk/src/rp2_common/pico_stdio/stdio.c.obj
 *fill*         0x100057ae        0x2 
 .text.stdio_out_chars_crlf
                0x100057b0       0x80 CMakeFiles/w6x00_loopback.dir/__/__/libraries/pico-sdk/src/rp2_common/pico_stdio/stdio.c.obj
 .text.stdio_stack_buffer_flush
                0x10005830       0x44 CMakeFiles/w6x00_loopback.dir/__/__/libraries/pico-sdk/src/rp2_common/pico_stdio/stdio.c.obj
 .text.stdio_buffered_printer
                0x10005874       0x20 CMakeFiles/w6x00_loopback.dir/__/__/libraries/pico-sdk/src/rp2_common/pico_stdio/stdio.c.obj
 .text.stdout_serialize_begin
                0x10005894       0x30 CMakeFiles/w6x00_loopback.dir/__/__/libraries/pico-sdk/src/rp2_common/pico_stdio/stdio.c.obj
                0x10005894                stdout_serialize_begin
 .text.stdout_serialize_end
                0x100058c4       0x10 CMakeFiles/w6x00_loopback.dir/__/__/libraries/pico-sdk/src/rp2_common/pico_stdio/stdio.c.obj
                0x100058c4                stdout_serialize_end
 .text.stdio_put_string
                0x100058d4       0x98 CMakeFiles/w6x00_loopback.dir/__/__/libraries/pico-sdk/src/rp2_common/pico_stdio/stdio.c.obj
 .text.__wrap_putchar
                0x1000596c       0x1c CMakeFiles/w6x00_loopback.dir/__/__/libraries/pico-sdk/src/rp2_common/pico_stdio/stdio.c.obj
                0x1000596c                __wrap_putchar
 .text.stdio_set_driver_enabled
                0x10005988       0x2c CMakeFiles/w6x00_loopback.dir/__/__/libraries/pico-sdk/src/rp2_common/pico_stdio/stdio.c.obj
                0x10005988                stdio_set_driver_enabled
 .text.stdio_flush
                0x100059b4       0x20 CMakeFiles/w6x00_loopback.dir/__/__/libraries/pico-sdk/src/rp2_common/pico_stdio/stdio.c.obj
                0x100059b4                stdio_flush
 .text.__wrap_puts
                0x100059d4       0x1e CMakeFiles/w6x00_loopback.dir/__/__/libraries/pico-sdk/src/rp2_common/pico_stdio/stdio.c.obj
                0x100059d4                __wrap_puts
 *fill*         0x100059f2        0x2 
 .text.__wrap_vprintf
                0x100059f4       0x44 CMakeFiles/w6x00_loopback.dir/__/__/libraries/pico-sdk/src/rp2_common/pico_stdio/stdio.c.obj
                0x100059f4                __wrap_vprintf
 .text.__wrap_printf
                0x10005a38       0x18 CMakeFiles/w6x00_loopback.dir/__/__/libraries/pico-sdk/src/rp2_common/pico_stdio/stdio.c.obj
                0x10005a38                __wrap_printf
 .text.stdio_init_all
                0x10005a50        0x8 CMakeFiles/w6x00_loopback.dir/__/__/libraries/pico-sdk/src/rp2_common/pico_stdio/stdio.c.obj
                0x10005a50                stdio_init_all
 .text.resetd_init
                0x10005a58        0x2 CMakeFiles/w6x00_loopback.dir/__/__/libraries/pico-sdk/src/rp2_common/pico_stdio_usb/reset_interface.c.obj
 *fill*         0x10005a5a        0x2 
 .text.resetd_reset
                0x10005a5c        0xc CMakeFiles/w6x00_loopback.dir/__/__/libraries/pico-sdk/src/rp2_common/pico_stdio_usb/reset_interface.c.obj
 .text.resetd_open
                0x10005a68       0x34 CMakeFiles/w6x00_loopback.dir/__/__/libraries/pico-sdk/src/rp2_common/pico_stdio_usb/reset_interface.c.obj
 .text.resetd_xfer_cb
                0x10005a9c        0x4 CMakeFiles/w6x00_loopback.dir/__/__/libraries/pico-sdk/src/rp2_common/pico_stdio_usb/reset_interface.c.obj
 .text.reset_usb_boot
                0x10005aa0       0x18 CMakeFiles/w6x00_loopback.dir/__/__/libraries/pico-sdk/src/rp2_common/pico_stdio_usb/reset_interface.c.obj
 .text.resetd_control_xfer_cb
                0x10005ab8       0x5c CMakeFiles/w6x00_loopback.dir/__/__/libraries/pico-sdk/src/rp2_common/pico_stdio_usb/reset_interface.c.obj
 .text.usbd_app_driver_get_cb
                0x10005b14        0xc CMakeFiles/w6x00_loopback.dir/__/__/libraries/pico-sdk/src/rp2_common/pico_stdio_usb/reset_interface.c.obj
                0x10005b14                usbd_app_driver_get_cb
 .text.tud_cdc_line_coding_cb
                0x10005b20       0x28 CMakeFiles/w6x00_loopback.dir/__/__/libraries/pico-sdk/src/rp2_common/pico_stdio_usb/reset_interface.c.obj
                0x10005b20                tud_cdc_line_coding_cb
 .text.stdio_usb_in_chars
                0x10005b48       0x70 CMakeFiles/w6x00_loopback.dir/__/__/libraries/pico-sdk/src/rp2_common/pico_stdio_usb/stdio_usb.c.obj
                0x10005b48                stdio_usb_in_chars
 .text.low_priority_worker_irq
                0x10005bb8       0x20 CMakeFiles/w6x00_loopback.dir/__/__/libraries/pico-sdk/src/rp2_common/pico_stdio_usb/stdio_usb.c.obj
 .text.stdio_usb_out_chars
                0x10005bd8       0xd4 CMakeFiles/w6x00_loopback.dir/__/__/libraries/pico-sdk/src/rp2_common/pico_stdio_usb/stdio_usb.c.obj
 .text.timer_task
                0x10005cac       0x40 CMakeFiles/w6x00_loopback.dir/__/__/libraries/pico-sdk/src/rp2_common/pico_stdio_usb/stdio_usb.c.obj
 .text.usb_irq  0x10005cec       0x10 CMakeFiles/w6x00_loopback.dir/__/__/libraries/pico-sdk/src/rp2_common/pico_stdio_usb/stdio_usb.c.obj
 .text.stdio_usb_init
                0x10005cfc       0xec CMakeFiles/w6x00_loopback.dir/__/__/libraries/pico-sdk/src/rp2_common/pico_stdio_usb/stdio_usb.c.obj
                0x10005cfc                stdio_usb_init
 .text.tud_descriptor_device_cb
                0x10005de8        0x8 CMakeFiles/w6x00_loopback.dir/__/__/libraries/pico-sdk/src/rp2_common/pico_stdio_usb/stdio_usb_descriptors.c.obj
                0x10005de8                tud_descriptor_device_cb
 .text.tud_descriptor_configuration_cb
                0x10005df0        0x8 CMakeFiles/w6x00_loopback.dir/__/__/libraries/pico-sdk/src/rp2_common/pico_stdio_usb/stdio_usb_descriptors.c.obj
                0x10005df0                tud_descriptor_configuration_cb
 .text.tud_descriptor_string_cb
                0x10005df8       0x6c CMakeFiles/w6x00_loopback.dir/__/__/libraries/pico-sdk/src/rp2_common/pico_stdio_usb/stdio_usb_descriptors.c.obj
                0x10005df8                tud_descriptor_string_cb
 .text.hw_endpoint_get_by_addr
                0x10005e64       0x18 CMakeFiles/w6x00_loopback.dir/__/__/libraries/pico-sdk/lib/tinyusb/src/portable/raspberrypi/rp2040/dcd_rp2040.c.obj
 .text.reset_ep0_pid
                0x10005e7c       0x28 CMakeFiles/w6x00_loopback.dir/__/__/libraries/pico-sdk/lib/tinyusb/src/portable/raspberrypi/rp2040/dcd_rp2040.c.obj
 .text._hw_endpoint_alloc
                0x10005ea4       0x70 CMakeFiles/w6x00_loopback.dir/__/__/libraries/pico-sdk/lib/tinyusb/src/portable/raspberrypi/rp2040/dcd_rp2040.c.obj
 .text.hw_endpoint_init
                0x10005f14       0x88 CMakeFiles/w6x00_loopback.dir/__/__/libraries/pico-sdk/lib/tinyusb/src/portable/raspberrypi/rp2040/dcd_rp2040.c.obj
 .text.reset_non_control_endpoints
                0x10005f9c       0x40 CMakeFiles/w6x00_loopback.dir/__/__/libraries/pico-sdk/lib/tinyusb/src/portable/raspberrypi/rp2040/dcd_rp2040.c.obj
 .text.hw_handle_buff_status
                0x10005fdc       0x8c CMakeFiles/w6x00_loopback.dir/__/__/libraries/pico-sdk/lib/tinyusb/src/portable/raspberrypi/rp2040/dcd_rp2040.c.obj
 .text.dcd_rp2040_irq
                0x10006068       0xc0 CMakeFiles/w6x00_loopback.dir/__/__/libraries/pico-sdk/lib/tinyusb/src/portable/raspberrypi/rp2040/dcd_rp2040.c.obj
 .text.hw_endpoint_xfer
                0x10006128       0x14 CMakeFiles/w6x00_loopback.dir/__/__/libraries/pico-sdk/lib/tinyusb/src/portable/raspberrypi/rp2040/dcd_rp2040.c.obj
 .text.dcd_int_enable
                0x1000613c       0x2c CMakeFiles/w6x00_loopback.dir/__/__/libraries/pico-sdk/lib/tinyusb/src/portable/raspberrypi/rp2040/dcd_rp2040.c.obj
                0x1000613c                dcd_int_enable
 .text.dcd_set_address
                0x10006168       0x2c CMakeFiles/w6x00_loopback.dir/__/__/libraries/pico-sdk/lib/tinyusb/src/portable/raspberrypi/rp2040/dcd_rp2040.c.obj
                0x10006168                dcd_set_address
 .text.dcd_connect
                0x10006194       0x10 CMakeFiles/w6x00_loopback.dir/__/__/libraries/pico-sdk/lib/tinyusb/src/portable/raspberrypi/rp2040/dcd_rp2040.c.obj
                0x10006194                dcd_connect
 .text.dcd_init
                0x100061a4       0x7c CMakeFiles/w6x00_loopback.dir/__/__/libraries/pico-sdk/lib/tinyusb/src/portable/raspberrypi/rp2040/dcd_rp2040.c.obj
                0x100061a4                dcd_init
 .text.dcd_edpt0_status_complete
                0x10006220       0x1c CMakeFiles/w6x00_loopback.dir/__/__/libraries/pico-sdk/lib/tinyusb/src/portable/raspberrypi/rp2040/dcd_rp2040.c.obj
                0x10006220                dcd_edpt0_status_complete
 .text.dcd_edpt_open
                0x1000623c       0x40 CMakeFiles/w6x00_loopback.dir/__/__/libraries/pico-sdk/lib/tinyusb/src/portable/raspberrypi/rp2040/dcd_rp2040.c.obj
                0x1000623c                dcd_edpt_open
 .text.dcd_edpt_close_all
                0x1000627c        0x8 CMakeFiles/w6x00_loopback.dir/__/__/libraries/pico-sdk/lib/tinyusb/src/portable/raspberrypi/rp2040/dcd_rp2040.c.obj
                0x1000627c                dcd_edpt_close_all
 .text.dcd_edpt_xfer
                0x10006284       0x30 CMakeFiles/w6x00_loopback.dir/__/__/libraries/pico-sdk/lib/tinyusb/src/portable/raspberrypi/rp2040/dcd_rp2040.c.obj
                0x10006284                dcd_edpt_xfer
 .text.dcd_edpt_stall
                0x100062b4       0x2c CMakeFiles/w6x00_loopback.dir/__/__/libraries/pico-sdk/lib/tinyusb/src/portable/raspberrypi/rp2040/dcd_rp2040.c.obj
                0x100062b4                dcd_edpt_stall
 .text.dcd_edpt_clear_stall
                0x100062e0       0x20 CMakeFiles/w6x00_loopback.dir/__/__/libraries/pico-sdk/lib/tinyusb/src/portable/raspberrypi/rp2040/dcd_rp2040.c.obj
                0x100062e0                dcd_edpt_clear_stall
 .text.prepare_ep_buffer
                0x10006300       0x70 CMakeFiles/w6x00_loopback.dir/__/__/libraries/pico-sdk/lib/tinyusb/src/portable/raspberrypi/rp2040/rp2040_usb.c.obj
 .text.sync_ep_buffer
                0x10006370       0x7c CMakeFiles/w6x00_loopback.dir/__/__/libraries/pico-sdk/lib/tinyusb/src/portable/raspberrypi/rp2040/rp2040_usb.c.obj
 .text._hw_endpoint_xfer_sync
                0x100063ec       0x28 CMakeFiles/w6x00_loopback.dir/__/__/libraries/pico-sdk/lib/tinyusb/src/portable/raspberrypi/rp2040/rp2040_usb.c.obj
 .text.rp2040_usb_init
                0x10006414       0x4c CMakeFiles/w6x00_loopback.dir/__/__/libraries/pico-sdk/lib/tinyusb/src/portable/raspberrypi/rp2040/rp2040_usb.c.obj
                0x10006414                rp2040_usb_init
 .text.hw_endpoint_reset_transfer
                0x10006460        0xc CMakeFiles/w6x00_loopback.dir/__/__/libraries/pico-sdk/lib/tinyusb/src/portable/raspberrypi/rp2040/rp2040_usb.c.obj
                0x10006460                hw_endpoint_reset_transfer
 .text._hw_endpoint_buffer_control_update32
                0x1000646c       0x58 CMakeFiles/w6x00_loopback.dir/__/__/libraries/pico-sdk/lib/tinyusb/src/portable/raspberrypi/rp2040/rp2040_usb.c.obj
                0x1000646c                _hw_endpoint_buffer_control_update32
 .text._hw_endpoint_start_next_buffer
                0x100064c4       0x74 CMakeFiles/w6x00_loopback.dir/__/__/libraries/pico-sdk/lib/tinyusb/src/portable/raspberrypi/rp2040/rp2040_usb.c.obj
 .text.hw_endpoint_xfer_start
                0x10006538       0x48 CMakeFiles/w6x00_loopback.dir/__/__/libraries/pico-sdk/lib/tinyusb/src/portable/raspberrypi/rp2040/rp2040_usb.c.obj
                0x10006538                hw_endpoint_xfer_start
 .text.hw_endpoint_xfer_continue
                0x10006580       0x38 CMakeFiles/w6x00_loopback.dir/__/__/libraries/pico-sdk/lib/tinyusb/src/portable/raspberrypi/rp2040/rp2040_usb.c.obj
                0x10006580                hw_endpoint_xfer_continue
 .text.configuration_reset
                0x100065b8       0x84 CMakeFiles/w6x00_loopback.dir/__/__/libraries/pico-sdk/lib/tinyusb/src/device/usbd.c.obj
 .text.usbd_reset
                0x1000663c        0xc CMakeFiles/w6x00_loopback.dir/__/__/libraries/pico-sdk/lib/tinyusb/src/device/usbd.c.obj
 .text.invoke_class_control
                0x10006648       0x1a CMakeFiles/w6x00_loopback.dir/__/__/libraries/pico-sdk/lib/tinyusb/src/device/usbd.c.obj
 *fill*         0x10006662        0x2 
 .text.process_set_config
                0x10006664      0x1b0 CMakeFiles/w6x00_loopback.dir/__/__/libraries/pico-sdk/lib/tinyusb/src/device/usbd.c.obj
 .text.process_get_descriptor
                0x10006814       0xec CMakeFiles/w6x00_loopback.dir/__/__/libraries/pico-sdk/lib/tinyusb/src/device/usbd.c.obj
 .text.tud_mounted
                0x10006900       0x10 CMakeFiles/w6x00_loopback.dir/__/__/libraries/pico-sdk/lib/tinyusb/src/device/usbd.c.obj
                0x10006900                tud_mounted
 .text.tud_suspended
                0x10006910       0x10 CMakeFiles/w6x00_loopback.dir/__/__/libraries/pico-sdk/lib/tinyusb/src/device/usbd.c.obj
                0x10006910                tud_suspended
 .text.tud_inited
                0x10006920        0xc CMakeFiles/w6x00_loopback.dir/__/__/libraries/pico-sdk/lib/tinyusb/src/device/usbd.c.obj
                0x10006920                tud_inited
 .text.tud_init
                0x1000692c       0xcc CMakeFiles/w6x00_loopback.dir/__/__/libraries/pico-sdk/lib/tinyusb/src/device/usbd.c.obj
                0x1000692c                tud_init
 .text.dcd_event_handler
                0x100069f8      0x1e0 CMakeFiles/w6x00_loopback.dir/__/__/libraries/pico-sdk/lib/tinyusb/src/device/usbd.c.obj
                0x100069f8                dcd_event_handler
 .text.dcd_event_bus_signal
                0x10006bd8       0x26 CMakeFiles/w6x00_loopback.dir/__/__/libraries/pico-sdk/lib/tinyusb/src/device/usbd.c.obj
                0x10006bd8                dcd_event_bus_signal
 .text.dcd_event_bus_reset
                0x10006bfe       0x2a CMakeFiles/w6x00_loopback.dir/__/__/libraries/pico-sdk/lib/tinyusb/src/device/usbd.c.obj
                0x10006bfe                dcd_event_bus_reset
 .text.dcd_event_setup_received
                0x10006c28       0x34 CMakeFiles/w6x00_loopback.dir/__/__/libraries/pico-sdk/lib/tinyusb/src/device/usbd.c.obj
                0x10006c28                dcd_event_setup_received
 .text.dcd_event_xfer_complete
                0x10006c5c       0x44 CMakeFiles/w6x00_loopback.dir/__/__/libraries/pico-sdk/lib/tinyusb/src/device/usbd.c.obj
                0x10006c5c                dcd_event_xfer_complete
 .text.usbd_edpt_open
                0x10006ca0       0x58 CMakeFiles/w6x00_loopback.dir/__/__/libraries/pico-sdk/lib/tinyusb/src/device/usbd.c.obj
                0x10006ca0                usbd_edpt_open
 .text.usbd_open_edpt_pair
                0x10006cf8       0x8c CMakeFiles/w6x00_loopback.dir/__/__/libraries/pico-sdk/lib/tinyusb/src/device/usbd.c.obj
                0x10006cf8                usbd_open_edpt_pair
 .text.usbd_edpt_claim
                0x10006d84       0x8c CMakeFiles/w6x00_loopback.dir/__/__/libraries/pico-sdk/lib/tinyusb/src/device/usbd.c.obj
                0x10006d84                usbd_edpt_claim
 .text.usbd_edpt_release
                0x10006e10       0x68 CMakeFiles/w6x00_loopback.dir/__/__/libraries/pico-sdk/lib/tinyusb/src/device/usbd.c.obj
                0x10006e10                usbd_edpt_release
 .text.usbd_edpt_xfer
                0x10006e78       0x80 CMakeFiles/w6x00_loopback.dir/__/__/libraries/pico-sdk/lib/tinyusb/src/device/usbd.c.obj
                0x10006e78                usbd_edpt_xfer
 .text.usbd_edpt_stall
                0x10006ef8       0x40 CMakeFiles/w6x00_loopback.dir/__/__/libraries/pico-sdk/lib/tinyusb/src/device/usbd.c.obj
                0x10006ef8                usbd_edpt_stall
 .text.usbd_edpt_clear_stall
                0x10006f38       0x40 CMakeFiles/w6x00_loopback.dir/__/__/libraries/pico-sdk/lib/tinyusb/src/device/usbd.c.obj
                0x10006f38                usbd_edpt_clear_stall
 .text.usbd_edpt_stalled
                0x10006f78       0x1c CMakeFiles/w6x00_loopback.dir/__/__/libraries/pico-sdk/lib/tinyusb/src/device/usbd.c.obj
                0x10006f78                usbd_edpt_stalled
 .text.process_control_request
                0x10006f94      0x3b8 CMakeFiles/w6x00_loopback.dir/__/__/libraries/pico-sdk/lib/tinyusb/src/device/usbd.c.obj
 .text.tud_task
                0x1000734c      0x218 CMakeFiles/w6x00_loopback.dir/__/__/libraries/pico-sdk/lib/tinyusb/src/device/usbd.c.obj
                0x1000734c                tud_task
 .text._data_stage_xact
                0x10007564       0x58 CMakeFiles/w6x00_loopback.dir/__/__/libraries/pico-sdk/lib/tinyusb/src/device/usbd_control.c.obj
 .text.tud_control_status
                0x100075bc       0x38 CMakeFiles/w6x00_loopback.dir/__/__/libraries/pico-sdk/lib/tinyusb/src/device/usbd_control.c.obj
                0x100075bc                tud_control_status
 .text.tud_control_xfer
                0x100075f4       0xa8 CMakeFiles/w6x00_loopback.dir/__/__/libraries/pico-sdk/lib/tinyusb/src/device/usbd_control.c.obj
                0x100075f4                tud_control_xfer
 .text.usbd_control_reset
                0x1000769c       0x14 CMakeFiles/w6x00_loopback.dir/__/__/libraries/pico-sdk/lib/tinyusb/src/device/usbd_control.c.obj
                0x1000769c                usbd_control_reset
 .text.usbd_control_set_complete_callback
                0x100076b0        0xc CMakeFiles/w6x00_loopback.dir/__/__/libraries/pico-sdk/lib/tinyusb/src/device/usbd_control.c.obj
                0x100076b0                usbd_control_set_complete_callback
 .text.usbd_control_set_request
                0x100076bc       0x1c CMakeFiles/w6x00_loopback.dir/__/__/libraries/pico-sdk/lib/tinyusb/src/device/usbd_control.c.obj
                0x100076bc                usbd_control_set_request
 .text.usbd_control_xfer_cb
                0x100076d8       0xfc CMakeFiles/w6x00_loopback.dir/__/__/libraries/pico-sdk/lib/tinyusb/src/device/usbd_control.c.obj
                0x100076d8                usbd_control_xfer_cb
 .text._prep_out_transaction
                0x100077d4       0x46 CMakeFiles/w6x00_loopback.dir/__/__/libraries/pico-sdk/lib/tinyusb/src/class/cdc/cdc_device.c.obj
 *fill*         0x1000781a        0x2 
 .text.tud_cdc_n_connected
                0x1000781c       0x44 CMakeFiles/w6x00_loopback.dir/__/__/libraries/pico-sdk/lib/tinyusb/src/class/cdc/cdc_device.c.obj
                0x1000781c                tud_cdc_n_connected
 .text.tud_cdc_n_available
                0x10007860       0x18 CMakeFiles/w6x00_loopback.dir/__/__/libraries/pico-sdk/lib/tinyusb/src/class/cdc/cdc_device.c.obj
                0x10007860                tud_cdc_n_available
 .text.tud_cdc_n_read
                0x10007878       0x28 CMakeFiles/w6x00_loopback.dir/__/__/libraries/pico-sdk/lib/tinyusb/src/class/cdc/cdc_device.c.obj
                0x10007878                tud_cdc_n_read
 .text.tud_cdc_n_write_flush
                0x100078a0       0xcc CMakeFiles/w6x00_loopback.dir/__/__/libraries/pico-sdk/lib/tinyusb/src/class/cdc/cdc_device.c.obj
                0x100078a0                tud_cdc_n_write_flush
 .text.tud_cdc_n_write
                0x1000796c       0x38 CMakeFiles/w6x00_loopback.dir/__/__/libraries/pico-sdk/lib/tinyusb/src/class/cdc/cdc_device.c.obj
                0x1000796c                tud_cdc_n_write
 .text.tud_cdc_n_write_available
                0x100079a4       0x1c CMakeFiles/w6x00_loopback.dir/__/__/libraries/pico-sdk/lib/tinyusb/src/class/cdc/cdc_device.c.obj
                0x100079a4                tud_cdc_n_write_available
 .text.cdcd_init
                0x100079c0       0xbc CMakeFiles/w6x00_loopback.dir/__/__/libraries/pico-sdk/lib/tinyusb/src/class/cdc/cdc_device.c.obj
                0x100079c0                cdcd_init
 .text.cdcd_reset
                0x10007a7c       0x44 CMakeFiles/w6x00_loopback.dir/__/__/libraries/pico-sdk/lib/tinyusb/src/class/cdc/cdc_device.c.obj
                0x10007a7c                cdcd_reset
 .text.cdcd_open
                0x10007ac0       0xf8 CMakeFiles/w6x00_loopback.dir/__/__/libraries/pico-sdk/lib/tinyusb/src/class/cdc/cdc_device.c.obj
                0x10007ac0                cdcd_open
 .text.cdcd_control_xfer_cb
                0x10007bb8      0x134 CMakeFiles/w6x00_loopback.dir/__/__/libraries/pico-sdk/lib/tinyusb/src/class/cdc/cdc_device.c.obj
                0x10007bb8                cdcd_control_xfer_cb
 .text.cdcd_xfer_cb
                0x10007cec      0x144 CMakeFiles/w6x00_loopback.dir/__/__/libraries/pico-sdk/lib/tinyusb/src/class/cdc/cdc_device.c.obj
                0x10007cec                cdcd_xfer_cb
 .text.tusb_init
                0x10007e30       0x24 CMakeFiles/w6x00_loopback.dir/__/__/libraries/pico-sdk/lib/tinyusb/src/tusb.c.obj
                0x10007e30                tusb_init
 .text.tusb_inited
                0x10007e54        0xe CMakeFiles/w6x00_loopback.dir/__/__/libraries/pico-sdk/lib/tinyusb/src/tusb.c.obj
                0x10007e54                tusb_inited
 *fill*         0x10007e62        0x2 
 .text.tu_edpt_validate
                0x10007e64       0xa8 CMakeFiles/w6x00_loopback.dir/__/__/libraries/pico-sdk/lib/tinyusb/src/tusb.c.obj
                0x10007e64                tu_edpt_validate
 .text.tu_edpt_bind_driver
                0x10007f0c       0x2a CMakeFiles/w6x00_loopback.dir/__/__/libraries/pico-sdk/lib/tinyusb/src/tusb.c.obj
                0x10007f0c                tu_edpt_bind_driver
 .text.advance_pointer
                0x10007f36       0x18 CMakeFiles/w6x00_loopback.dir/__/__/libraries/pico-sdk/lib/tinyusb/src/common/tusb_fifo.c.obj
 .text.backward_pointer
                0x10007f4e       0x1e CMakeFiles/w6x00_loopback.dir/__/__/libraries/pico-sdk/lib/tinyusb/src/common/tusb_fifo.c.obj
 .text.get_relative_pointer
                0x10007f6c       0x10 CMakeFiles/w6x00_loopback.dir/__/__/libraries/pico-sdk/lib/tinyusb/src/common/tusb_fifo.c.obj
 .text._tu_fifo_peek
                0x10007f7c       0x50 CMakeFiles/w6x00_loopback.dir/__/__/libraries/pico-sdk/lib/tinyusb/src/common/tusb_fifo.c.obj
 .text._ff_pull_const_addr
                0x10007fcc       0x4c CMakeFiles/w6x00_loopback.dir/__/__/libraries/pico-sdk/lib/tinyusb/src/common/tusb_fifo.c.obj
 .text._ff_pull_n
                0x10008018      0x10c CMakeFiles/w6x00_loopback.dir/__/__/libraries/pico-sdk/lib/tinyusb/src/common/tusb_fifo.c.obj
 .text._tu_fifo_peek_n
                0x10008124       0x5e CMakeFiles/w6x00_loopback.dir/__/__/libraries/pico-sdk/lib/tinyusb/src/common/tusb_fifo.c.obj
 .text._tu_fifo_read_n
                0x10008182       0x4e CMakeFiles/w6x00_loopback.dir/__/__/libraries/pico-sdk/lib/tinyusb/src/common/tusb_fifo.c.obj
 .text._ff_push_const_addr
                0x100081d0       0x40 CMakeFiles/w6x00_loopback.dir/__/__/libraries/pico-sdk/lib/tinyusb/src/common/tusb_fifo.c.obj
 .text._ff_push_n
                0x10008210      0x108 CMakeFiles/w6x00_loopback.dir/__/__/libraries/pico-sdk/lib/tinyusb/src/common/tusb_fifo.c.obj
 .text._tu_fifo_write_n
                0x10008318       0x9e CMakeFiles/w6x00_loopback.dir/__/__/libraries/pico-sdk/lib/tinyusb/src/common/tusb_fifo.c.obj
 .text.tu_fifo_config
                0x100083b6       0x72 CMakeFiles/w6x00_loopback.dir/__/__/libraries/pico-sdk/lib/tinyusb/src/common/tusb_fifo.c.obj
                0x100083b6                tu_fifo_config
 .text.tu_fifo_count
                0x10008428       0x26 CMakeFiles/w6x00_loopback.dir/__/__/libraries/pico-sdk/lib/tinyusb/src/common/tusb_fifo.c.obj
                0x10008428                tu_fifo_count
 .text.tu_fifo_empty
                0x1000844e       0x10 CMakeFiles/w6x00_loopback.dir/__/__/libraries/pico-sdk/lib/tinyusb/src/common/tusb_fifo.c.obj
                0x1000844e                tu_fifo_empty
 .text.tu_fifo_remaining
                0x1000845e       0x20 CMakeFiles/w6x00_loopback.dir/__/__/libraries/pico-sdk/lib/tinyusb/src/common/tusb_fifo.c.obj
                0x1000845e                tu_fifo_remaining
 .text.tu_fifo_read
                0x1000847e       0x42 CMakeFiles/w6x00_loopback.dir/__/__/libraries/pico-sdk/lib/tinyusb/src/common/tusb_fifo.c.obj
                0x1000847e                tu_fifo_read
 .text.tu_fifo_read_n
                0x100084c0        0xa CMakeFiles/w6x00_loopback.dir/__/__/libraries/pico-sdk/lib/tinyusb/src/common/tusb_fifo.c.obj
                0x100084c0                tu_fifo_read_n
 .text.tu_fifo_write
                0x100084ca       0x6c CMakeFiles/w6x00_loopback.dir/__/__/libraries/pico-sdk/lib/tinyusb/src/common/tusb_fifo.c.obj
                0x100084ca                tu_fifo_write
 .text.tu_fifo_write_n
                0x10008536        0xa CMakeFiles/w6x00_loopback.dir/__/__/libraries/pico-sdk/lib/tinyusb/src/common/tusb_fifo.c.obj
                0x10008536                tu_fifo_write_n
 .text.tu_fifo_clear
                0x10008540       0x4c CMakeFiles/w6x00_loopback.dir/__/__/libraries/pico-sdk/lib/tinyusb/src/common/tusb_fifo.c.obj
                0x10008540                tu_fifo_clear
 .text.tu_fifo_set_overwritable
                0x1000858c       0x3c CMakeFiles/w6x00_loopback.dir/__/__/libraries/pico-sdk/lib/tinyusb/src/common/tusb_fifo.c.obj
                0x1000858c                tu_fifo_set_overwritable
 .text._retrieve_unique_id_on_boot
                0x100085c8       0x10 CMakeFiles/w6x00_loopback.dir/__/__/libraries/pico-sdk/src/rp2_common/pico_unique_id/unique_id.c.obj
 .text.pico_get_unique_board_id_string
                0x100085d8       0x60 CMakeFiles/w6x00_loopback.dir/__/__/libraries/pico-sdk/src/rp2_common/pico_unique_id/unique_id.c.obj
                0x100085d8                pico_get_unique_board_id_string
 .text.flash_get_unique_id
                0x10008638       0x46 CMakeFiles/w6x00_loopback.dir/__/__/libraries/pico-sdk/src/rp2_common/hardware_flash/flash.c.obj
                0x10008638                flash_get_unique_id
 .text.spi_set_baudrate
                0x1000867e       0x92 CMakeFiles/w6x00_loopback.dir/__/__/libraries/pico-sdk/src/rp2_common/hardware_spi/spi.c.obj
                0x1000867e                spi_set_baudrate
 .text.spi_init
                0x10008710       0x68 CMakeFiles/w6x00_loopback.dir/__/__/libraries/pico-sdk/src/rp2_common/hardware_spi/spi.c.obj
                0x10008710                spi_init
 .text.close    0x10008778       0x80 CMakeFiles/w6x00_loopback.dir/__/__/libraries/io6Library/Ethernet/socket.c.obj
                0x10008778                close
 .text.socket   0x100087f8      0x214 CMakeFiles/w6x00_loopback.dir/__/__/libraries/io6Library/Ethernet/socket.c.obj
                0x100087f8                socket
 .text.listen   0x10008a0c       0x5e CMakeFiles/w6x00_loopback.dir/__/__/libraries/io6Library/Ethernet/socket.c.obj
                0x10008a0c                listen
 *fill*         0x10008a6a        0x2 
 .text.disconnect
                0x10008a6c       0x90 CMakeFiles/w6x00_loopback.dir/__/__/libraries/io6Library/Ethernet/socket.c.obj
                0x10008a6c                disconnect
 .text.send     0x10008afc      0x10c CMakeFiles/w6x00_loopback.dir/__/__/libraries/io6Library/Ethernet/socket.c.obj
                0x10008afc                send
 .text.recv     0x10008c08       0x94 CMakeFiles/w6x00_loopback.dir/__/__/libraries/io6Library/Ethernet/socket.c.obj
                0x10008c08                recv
 .text.ctlsocket
                0x10008c9c      0x150 CMakeFiles/w6x00_loopback.dir/__/__/libraries/io6Library/Ethernet/socket.c.obj
                0x10008c9c                ctlsocket
 .text.getsockopt
                0x10008dec      0x24c CMakeFiles/w6x00_loopback.dir/__/__/libraries/io6Library/Ethernet/socket.c.obj
                0x10008dec                getsockopt
 .text.wizchip_cris_enter
                0x10009038        0x2 CMakeFiles/w6x00_loopback.dir/__/__/libraries/io6Library/Ethernet/wizchip_conf.c.obj
                0x10009038                wizchip_cris_enter
 .text.wizchip_cris_exit
                0x1000903a        0x2 CMakeFiles/w6x00_loopback.dir/__/__/libraries/io6Library/Ethernet/wizchip_conf.c.obj
                0x1000903a                wizchip_cris_exit
 .text.wizchip_cs_select
                0x1000903c        0x2 CMakeFiles/w6x00_loopback.dir/__/__/libraries/io6Library/Ethernet/wizchip_conf.c.obj
                0x1000903c                wizchip_cs_select
 .text.wizchip_cs_deselect
                0x1000903e        0x2 CMakeFiles/w6x00_loopback.dir/__/__/libraries/io6Library/Ethernet/wizchip_conf.c.obj
                0x1000903e                wizchip_cs_deselect
 .text.wizchip_spi_read
                0x10009040        0x4 CMakeFiles/w6x00_loopback.dir/__/__/libraries/io6Library/Ethernet/wizchip_conf.c.obj
                0x10009040                wizchip_spi_read
 .text.wizchip_spi_write
                0x10009044        0x2 CMakeFiles/w6x00_loopback.dir/__/__/libraries/io6Library/Ethernet/wizchip_conf.c.obj
                0x10009044                wizchip_spi_write
 *fill*         0x10009046        0x2 
 .text.wizchip_spi_read_buf
                0x10009048       0x24 CMakeFiles/w6x00_loopback.dir/__/__/libraries/io6Library/Ethernet/wizchip_conf.c.obj
                0x10009048                wizchip_spi_read_buf
 .text.wizchip_spi_write_buf
                0x1000906c       0x24 CMakeFiles/w6x00_loopback.dir/__/__/libraries/io6Library/Ethernet/wizchip_conf.c.obj
                0x1000906c                wizchip_spi_write_buf
 .text.reg_wizchip_cris_cbfunc
                0x10009090       0x30 CMakeFiles/w6x00_loopback.dir/__/__/libraries/io6Library/Ethernet/wizchip_conf.c.obj
                0x10009090                reg_wizchip_cris_cbfunc
 .text.reg_wizchip_cs_cbfunc
                0x100090c0       0x30 CMakeFiles/w6x00_loopback.dir/__/__/libraries/io6Library/Ethernet/wizchip_conf.c.obj
                0x100090c0                reg_wizchip_cs_cbfunc
 .text.reg_wizchip_spi_cbfunc
                0x100090f0       0x60 CMakeFiles/w6x00_loopback.dir/__/__/libraries/io6Library/Ethernet/wizchip_conf.c.obj
                0x100090f0                reg_wizchip_spi_cbfunc
 .text.wizchip_sw_reset
                0x10009150      0x144 CMakeFiles/w6x00_loopback.dir/__/__/libraries/io6Library/Ethernet/wizchip_conf.c.obj
                0x10009150                wizchip_sw_reset
 .text.wizchip_init
                0x10009294       0x96 CMakeFiles/w6x00_loopback.dir/__/__/libraries/io6Library/Ethernet/wizchip_conf.c.obj
                0x10009294                wizchip_init
 *fill*         0x1000932a        0x2 
 .text.wizchip_clrinterrupt
                0x1000932c       0x4c CMakeFiles/w6x00_loopback.dir/__/__/libraries/io6Library/Ethernet/wizchip_conf.c.obj
                0x1000932c                wizchip_clrinterrupt
 .text.wizchip_getinterrupt
                0x10009378       0x28 CMakeFiles/w6x00_loopback.dir/__/__/libraries/io6Library/Ethernet/wizchip_conf.c.obj
                0x10009378                wizchip_getinterrupt
 .text.wizchip_setinterruptmask
                0x100093a0       0x30 CMakeFiles/w6x00_loopback.dir/__/__/libraries/io6Library/Ethernet/wizchip_conf.c.obj
                0x100093a0                wizchip_setinterruptmask
 .text.wizchip_getinterruptmask
                0x100093d0       0x2c CMakeFiles/w6x00_loopback.dir/__/__/libraries/io6Library/Ethernet/wizchip_conf.c.obj
                0x100093d0                wizchip_getinterruptmask
 .text.wizphy_getphylink
                0x100093fc       0x12 CMakeFiles/w6x00_loopback.dir/__/__/libraries/io6Library/Ethernet/wizchip_conf.c.obj
                0x100093fc                wizphy_getphylink
 *fill*         0x1000940e        0x2 
 .text.wizphy_reset
                0x10009410       0x34 CMakeFiles/w6x00_loopback.dir/__/__/libraries/io6Library/Ethernet/wizchip_conf.c.obj
                0x10009410                wizphy_reset
 .text.wizphy_setphyconf
                0x10009444       0x68 CMakeFiles/w6x00_loopback.dir/__/__/libraries/io6Library/Ethernet/wizchip_conf.c.obj
                0x10009444                wizphy_setphyconf
 .text.wizphy_getphyconf
                0x100094ac       0x44 CMakeFiles/w6x00_loopback.dir/__/__/libraries/io6Library/Ethernet/wizchip_conf.c.obj
                0x100094ac                wizphy_getphyconf
 .text.wizphy_getphystatus
                0x100094f0       0x44 CMakeFiles/w6x00_loopback.dir/__/__/libraries/io6Library/Ethernet/wizchip_conf.c.obj
                0x100094f0                wizphy_getphystatus
 .text.wizphy_setphypmode
                0x10009534       0x2c CMakeFiles/w6x00_loopback.dir/__/__/libraries/io6Library/Ethernet/wizchip_conf.c.obj
                0x10009534                wizphy_setphypmode
 .text.wizphy_getphypmode
                0x10009560       0x18 CMakeFiles/w6x00_loopback.dir/__/__/libraries/io6Library/Ethernet/wizchip_conf.c.obj
                0x10009560                wizphy_getphypmode
 .text.ctlwizchip
                0x10009578      0x22c CMakeFiles/w6x00_loopback.dir/__/__/libraries/io6Library/Ethernet/wizchip_conf.c.obj
                0x10009578                ctlwizchip
 .text.wizchip_setnetinfo
                0x100097a4       0xc4 CMakeFiles/w6x00_loopback.dir/__/__/libraries/io6Library/Ethernet/wizchip_conf.c.obj
                0x100097a4                wizchip_setnetinfo
 .text.wizchip_getnetinfo
                0x10009868       0xc4 CMakeFiles/w6x00_loopback.dir/__/__/libraries/io6Library/Ethernet/wizchip_conf.c.obj
                0x10009868                wizchip_getnetinfo
 .text.wizchip_setnetmode
                0x1000992c       0x38 CMakeFiles/w6x00_loopback.dir/__/__/libraries/io6Library/Ethernet/wizchip_conf.c.obj
                0x1000992c                wizchip_setnetmode
 .text.wizchip_getnetmode
                0x10009964       0x30 CMakeFiles/w6x00_loopback.dir/__/__/libraries/io6Library/Ethernet/wizchip_conf.c.obj
                0x10009964                wizchip_getnetmode
 .text.wizchip_settimeout
                0x10009994       0x50 CMakeFiles/w6x00_loopback.dir/__/__/libraries/io6Library/Ethernet/wizchip_conf.c.obj
                0x10009994                wizchip_settimeout
 .text.wizchip_gettimeout
                0x100099e4       0x5c CMakeFiles/w6x00_loopback.dir/__/__/libraries/io6Library/Ethernet/wizchip_conf.c.obj
                0x100099e4                wizchip_gettimeout
 .text.ctlnetwork
                0x10009a40       0x74 CMakeFiles/w6x00_loopback.dir/__/__/libraries/io6Library/Ethernet/wizchip_conf.c.obj
                0x10009a40                ctlnetwork
 .text.WIZCHIP_WRITE
                0x10009ab4       0x3c CMakeFiles/w6x00_loopback.dir/__/__/libraries/io6Library/Ethernet/W6100/w6100.c.obj
                0x10009ab4                WIZCHIP_WRITE
 .text.WIZCHIP_READ
                0x10009af0       0x3c CMakeFiles/w6x00_loopback.dir/__/__/libraries/io6Library/Ethernet/W6100/w6100.c.obj
                0x10009af0                WIZCHIP_READ
 .text.WIZCHIP_WRITE_BUF
                0x10009b2c       0x48 CMakeFiles/w6x00_loopback.dir/__/__/libraries/io6Library/Ethernet/W6100/w6100.c.obj
                0x10009b2c                WIZCHIP_WRITE_BUF
 .text.WIZCHIP_READ_BUF
                0x10009b74       0x40 CMakeFiles/w6x00_loopback.dir/__/__/libraries/io6Library/Ethernet/W6100/w6100.c.obj
                0x10009b74                WIZCHIP_READ_BUF
 .text.getSn_TX_FSR
                0x10009bb4       0x38 CMakeFiles/w6x00_loopback.dir/__/__/libraries/io6Library/Ethernet/W6100/w6100.c.obj
                0x10009bb4                getSn_TX_FSR
 .text.getSn_RX_RSR
                0x10009bec       0x38 CMakeFiles/w6x00_loopback.dir/__/__/libraries/io6Library/Ethernet/W6100/w6100.c.obj
                0x10009bec                getSn_RX_RSR
 .text.wiz_send_data
                0x10009c24       0x70 CMakeFiles/w6x00_loopback.dir/__/__/libraries/io6Library/Ethernet/W6100/w6100.c.obj
                0x10009c24                wiz_send_data
 .text.wiz_recv_data
                0x10009c94       0x74 CMakeFiles/w6x00_loopback.dir/__/__/libraries/io6Library/Ethernet/W6100/w6100.c.obj
                0x10009c94                wiz_recv_data
 .text.wizchip_select
                0x10009d08        0xc CMakeFiles/w6x00_loopback.dir/__/__/port/io6Library/src/w6x00_spi.c.obj
 .text.wizchip_deselect
                0x10009d14        0xc CMakeFiles/w6x00_loopback.dir/__/__/port/io6Library/src/w6x00_spi.c.obj
 .text.wizchip_critical_section_unlock
                0x10009d20       0x18 CMakeFiles/w6x00_loopback.dir/__/__/port/io6Library/src/w6x00_spi.c.obj
 .text.wizchip_critical_section_lock
                0x10009d38       0x20 CMakeFiles/w6x00_loopback.dir/__/__/port/io6Library/src/w6x00_spi.c.obj
 .text.wizchip_write_buf
                0x10009d58       0x14 CMakeFiles/w6x00_loopback.dir/__/__/port/io6Library/src/w6x00_spi.c.obj
 .text.wizchip_write
                0x10009d6c       0x1c CMakeFiles/w6x00_loopback.dir/__/__/port/io6Library/src/w6x00_spi.c.obj
 .text.wizchip_read_buf
                0x10009d88       0x14 CMakeFiles/w6x00_loopback.dir/__/__/port/io6Library/src/w6x00_spi.c.obj
 .text.wizchip_read
                0x10009d9c       0x24 CMakeFiles/w6x00_loopback.dir/__/__/port/io6Library/src/w6x00_spi.c.obj
 .text.wizchip_reset
                0x10009dc0       0x1e CMakeFiles/w6x00_loopback.dir/__/__/port/io6Library/src/w6x00_spi.c.obj
                0x10009dc0                wizchip_reset
 *fill*         0x10009dde        0x2 
 .text.wizchip_spi_initialize
                0x10009de0       0x40 CMakeFiles/w6x00_loopback.dir/__/__/port/io6Library/src/w6x00_spi.c.obj
                0x10009de0                wizchip_spi_initialize
 .text.wizchip_cris_initialize
                0x10009e20       0x20 CMakeFiles/w6x00_loopback.dir/__/__/port/io6Library/src/w6x00_spi.c.obj
                0x10009e20                wizchip_cris_initialize
 .text.wizchip_initialize
                0x10009e40       0x8c CMakeFiles/w6x00_loopback.dir/__/__/port/io6Library/src/w6x00_spi.c.obj
                0x10009e40                wizchip_initialize
 .text.wizchip_check
                0x10009ecc       0x3c CMakeFiles/w6x00_loopback.dir/__/__/port/io6Library/src/w6x00_spi.c.obj
                0x10009ecc                wizchip_check
 .text.network_initialize
                0x10009f08       0x2c CMakeFiles/w6x00_loopback.dir/__/__/port/io6Library/src/w6x00_spi.c.obj
                0x10009f08                network_initialize
 .text.print_ipv6_addr
                0x10009f34       0x78 CMakeFiles/w6x00_loopback.dir/__/__/port/io6Library/src/w6x00_spi.c.obj
                0x10009f34                print_ipv6_addr
 .text.print_network_information
                0x10009fac      0x124 CMakeFiles/w6x00_loopback.dir/__/__/port/io6Library/src/w6x00_spi.c.obj
                0x10009fac                print_network_information
 .text.wizchip_1ms_timer_callback
                0x1000a0d0       0x14 CMakeFiles/w6x00_loopback.dir/__/__/port/timer/timer.c.obj
                0x1000a0d0                wizchip_1ms_timer_callback
 .text.wizchip_1ms_timer_initialize
                0x1000a0e4       0x38 CMakeFiles/w6x00_loopback.dir/__/__/port/timer/timer.c.obj
                0x1000a0e4                wizchip_1ms_timer_initialize
 .text.malloc   0x1000a11c       0x14 c:/progra~1/raspbe~1/picosd~1.1/gcc-ar~1/bin/../lib/gcc/arm-none-eabi/10.3.1/../../../../arm-none-eabi/lib/thumb/v6-m/nofp\libg.a(lib_a-malloc.o)
                0x1000a11c                malloc
 .text.free     0x1000a130       0x14 c:/progra~1/raspbe~1/picosd~1.1/gcc-ar~1/bin/../lib/gcc/arm-none-eabi/10.3.1/../../../../arm-none-eabi/lib/thumb/v6-m/nofp\libg.a(lib_a-malloc.o)
                0x1000a130                free
 .text._malloc_r
                0x1000a144      0x584 c:/progra~1/raspbe~1/picosd~1.1/gcc-ar~1/bin/../lib/gcc/arm-none-eabi/10.3.1/../../../../arm-none-eabi/lib/thumb/v6-m/nofp\libg.a(lib_a-mallocr.o)
                0x1000a144                _malloc_r
 .text.__malloc_lock
                0x1000a6c8       0x10 c:/progra~1/raspbe~1/picosd~1.1/gcc-ar~1/bin/../lib/gcc/arm-none-eabi/10.3.1/../../../../arm-none-eabi/lib/thumb/v6-m/nofp\libg.a(lib_a-mlock.o)
                0x1000a6c8                __malloc_lock
 .text.__malloc_unlock
                0x1000a6d8       0x10 c:/progra~1/raspbe~1/picosd~1.1/gcc-ar~1/bin/../lib/gcc/arm-none-eabi/10.3.1/../../../../arm-none-eabi/lib/thumb/v6-m/nofp\libg.a(lib_a-mlock.o)
                0x1000a6d8                __malloc_unlock
 .text._sbrk_r  0x1000a6e8       0x24 c:/progra~1/raspbe~1/picosd~1.1/gcc-ar~1/bin/../lib/gcc/arm-none-eabi/10.3.1/../../../../arm-none-eabi/lib/thumb/v6-m/nofp\libg.a(lib_a-sbrkr.o)
                0x1000a6e8                _sbrk_r
 .text.strcpy   0x1000a70c       0x10 c:/progra~1/raspbe~1/picosd~1.1/gcc-ar~1/bin/../lib/gcc/arm-none-eabi/10.3.1/../../../../arm-none-eabi/lib/thumb/v6-m/nofp\libg.a(lib_a-strcpy.o)
                0x1000a70c                strcpy
 .text.strlen   0x1000a71c       0x5c c:/progra~1/raspbe~1/picosd~1.1/gcc-ar~1/bin/../lib/gcc/arm-none-eabi/10.3.1/../../../../arm-none-eabi/lib/thumb/v6-m/nofp\libg.a(lib_a-strlen-stub.o)
                0x1000a71c                strlen
 .text._malloc_trim_r
                0x1000a778       0x9c c:/progra~1/raspbe~1/picosd~1.1/gcc-ar~1/bin/../lib/gcc/arm-none-eabi/10.3.1/../../../../arm-none-eabi/lib/thumb/v6-m/nofp\libg.a(lib_a-freer.o)
                0x1000a778                _malloc_trim_r
 .text._free_r  0x1000a814      0x1c4 c:/progra~1/raspbe~1/picosd~1.1/gcc-ar~1/bin/../lib/gcc/arm-none-eabi/10.3.1/../../../../arm-none-eabi/lib/thumb/v6-m/nofp\libg.a(lib_a-freer.o)
                0x1000a814                _free_r
 .text.__retarget_lock_acquire_recursive
                0x1000a9d8        0x4 c:/progra~1/raspbe~1/picosd~1.1/gcc-ar~1/bin/../lib/gcc/arm-none-eabi/10.3.1/../../../../arm-none-eabi/lib/thumb/v6-m/nofp\libg.a(lib_a-lock.o)
                0x1000a9d8                __retarget_lock_acquire_recursive
 .text.__retarget_lock_release_recursive
                0x1000a9dc        0x4 c:/progra~1/raspbe~1/picosd~1.1/gcc-ar~1/bin/../lib/gcc/arm-none-eabi/10.3.1/../../../../arm-none-eabi/lib/thumb/v6-m/nofp\libg.a(lib_a-lock.o)
                0x1000a9dc                __retarget_lock_release_recursive
 *(.fini)
 .fini          0x1000a9e0        0x4 c:/progra~1/raspbe~1/picosd~1.1/gcc-ar~1/bin/../lib/gcc/arm-none-eabi/10.3.1/thumb/v6-m/nofp/crti.o
                0x1000a9e0                _fini
 *fill*         0x1000a9e4        0x4 
 .fini.__stub   0x1000a9e8       0xb0 linker stubs
 *crtbegin.o(.ctors)
 *crtbegin?.o(.ctors)
 *(EXCLUDE_FILE(*crtend.o *crtend?.o) .ctors)
 *(SORT_BY_NAME(.ctors.*))
 *(.ctors)
 *crtbegin.o(.dtors)
 *crtbegin?.o(.dtors)
 *(EXCLUDE_FILE(*crtend.o *crtend?.o) .dtors)
 *(SORT_BY_NAME(.dtors.*))
 *(.dtors)
 *(.eh_frame*)
 .eh_frame      0x1000aa98        0x0 c:/progra~1/raspbe~1/picosd~1.1/gcc-ar~1/bin/../lib/gcc/arm-none-eabi/10.3.1/thumb/v6-m/nofp/crtbegin.o
                0x1000aa98                . = ALIGN (0x4)

.glue_7         0x1000aa98        0x0
 .glue_7        0x1000aa98        0x0 linker stubs

.glue_7t        0x1000aa98        0x0
 .glue_7t       0x1000aa98        0x0 linker stubs

.vfp11_veneer   0x1000aa98        0x0
 .vfp11_veneer  0x1000aa98        0x0 linker stubs

.v4_bx          0x1000aa98        0x0
 .v4_bx         0x1000aa98        0x0 linker stubs

.iplt           0x1000aa98        0x0
 .iplt          0x1000aa98        0x0 c:/progra~1/raspbe~1/picosd~1.1/gcc-ar~1/bin/../lib/gcc/arm-none-eabi/10.3.1/thumb/v6-m/nofp/crtbegin.o

.rodata         0x1000aa98     0x2618
 *(EXCLUDE_FILE(*libm.a: *libc.a:*lib_a-mem*.o *libgcc.a:) .rodata*)
 .rodata.set_clock_khz.str1.4
                0x1000aa98       0x32 CMakeFiles/w6x00_loopback.dir/w6x00_loopback.c.obj
 *fill*         0x1000aaca        0x2 
 .rodata.settingsInput.str1.4
                0x1000aacc       0x41 CMakeFiles/w6x00_loopback.dir/w6x00_loopback.c.obj
 *fill*         0x1000ab0d        0x3 
 .rodata.change_disconnect_timer_menu.str1.4
                0x1000ab10       0xc9 CMakeFiles/w6x00_loopback.dir/w6x00_loopback.c.obj
 *fill*         0x1000abd9        0x3 
 .rodata.change_bautrate_menu.str1.4
                0x1000abdc       0xc0 CMakeFiles/w6x00_loopback.dir/w6x00_loopback.c.obj
 .rodata.change_ip_menu.str1.4
                0x1000ac9c       0xb2 CMakeFiles/w6x00_loopback.dir/w6x00_loopback.c.obj
 *fill*         0x1000ad4e        0x2 
 .rodata.hexToTelnet.str1.4
                0x1000ad50        0x7 CMakeFiles/w6x00_loopback.dir/w6x00_loopback.c.obj
 *fill*         0x1000ad57        0x1 
 .rodata.printMenus.str1.4
                0x1000ad58      0x22f CMakeFiles/w6x00_loopback.dir/w6x00_loopback.c.obj
 *fill*         0x1000af87        0x1 
 .rodata.mainMenu.str1.4
                0x1000af88       0x4a CMakeFiles/w6x00_loopback.dir/w6x00_loopback.c.obj
 *fill*         0x1000afd2        0x2 
 .rodata.intToString.str1.4
                0x1000afd4        0x3 CMakeFiles/w6x00_loopback.dir/w6x00_loopback.c.obj
 *fill*         0x1000afd7        0x1 
 .rodata.combineIntegersToString.str1.4
                0x1000afd8        0xd CMakeFiles/w6x00_loopback.dir/w6x00_loopback.c.obj
 *fill*         0x1000afe5        0x3 
 .rodata.networkingMenu.str1.4
                0x1000afe8       0x69 CMakeFiles/w6x00_loopback.dir/w6x00_loopback.c.obj
 *fill*         0x1000b051        0x3 
 .rodata.applicationMenu.str1.4
                0x1000b054       0xbb CMakeFiles/w6x00_loopback.dir/w6x00_loopback.c.obj
 *fill*         0x1000b10f        0x1 
 .rodata.monitoringMenu.str1.4
                0x1000b110       0x75 CMakeFiles/w6x00_loopback.dir/w6x00_loopback.c.obj
 *fill*         0x1000b185        0x3 
 .rodata.init_server_socket.str1.4
                0x1000b188      0x127 CMakeFiles/w6x00_loopback.dir/w6x00_loopback.c.obj
 *fill*         0x1000b2af        0x1 
 .rodata.socket_behaviour.str1.4
                0x1000b2b0       0x54 CMakeFiles/w6x00_loopback.dir/w6x00_loopback.c.obj
 .rodata.main.str1.4
                0x1000b304      0x122 CMakeFiles/w6x00_loopback.dir/w6x00_loopback.c.obj
 *fill*         0x1000b426        0x2 
 .rodata        0x1000b428       0x40 CMakeFiles/w6x00_loopback.dir/w6x00_loopback.c.obj
 .rodata.g_net_info
                0x1000b468       0x67 CMakeFiles/w6x00_loopback.dir/w6x00_loopback.c.obj
 *fill*         0x1000b4cf        0x1 
 .rodata.spin_lock_claim_unused.str1.4
                0x1000b4d0       0x1b CMakeFiles/w6x00_loopback.dir/__/__/libraries/pico-sdk/src/rp2_common/hardware_sync/sync.c.obj
 *fill*         0x1000b4eb        0x1 
 .rodata.make_branch.str1.4
                0x1000b4ec       0x80 CMakeFiles/w6x00_loopback.dir/__/__/libraries/pico-sdk/src/rp2_common/hardware_irq/irq.c.obj
 .rodata.insert_branch_and_link.str1.4
                0x1000b56c       0x10 CMakeFiles/w6x00_loopback.dir/__/__/libraries/pico-sdk/src/rp2_common/hardware_irq/irq.c.obj
 .rodata.irq_set_exclusive_handler.str1.4
                0x1000b57c       0x36 CMakeFiles/w6x00_loopback.dir/__/__/libraries/pico-sdk/src/rp2_common/hardware_irq/irq.c.obj
 *fill*         0x1000b5b2        0x2 
 .rodata.irq_add_shared_handler.str1.4
                0x1000b5b4       0xd9 CMakeFiles/w6x00_loopback.dir/__/__/libraries/pico-sdk/src/rp2_common/hardware_irq/irq.c.obj
 *fill*         0x1000b68d        0x3 
 .rodata.irq_remove_handler.str1.4
                0x1000b690       0x2a CMakeFiles/w6x00_loopback.dir/__/__/libraries/pico-sdk/src/rp2_common/hardware_irq/irq.c.obj
 *fill*         0x1000b6ba        0x2 
 .rodata.irq_add_tail_to_free_list.str1.4
                0x1000b6bc       0x3a CMakeFiles/w6x00_loopback.dir/__/__/libraries/pico-sdk/src/rp2_common/hardware_irq/irq.c.obj
 *fill*         0x1000b6f6        0x2 
 .rodata.user_irq_claim_unused.str1.4
                0x1000b6f8       0x1b CMakeFiles/w6x00_loopback.dir/__/__/libraries/pico-sdk/src/rp2_common/hardware_irq/irq.c.obj
 *fill*         0x1000b713        0x1 
 .rodata.__func__.0
                0x1000b714       0x1a CMakeFiles/w6x00_loopback.dir/__/__/libraries/pico-sdk/src/rp2_common/hardware_irq/irq.c.obj
 *fill*         0x1000b72e        0x2 
 .rodata.__func__.1
                0x1000b730       0x17 CMakeFiles/w6x00_loopback.dir/__/__/libraries/pico-sdk/src/rp2_common/hardware_irq/irq.c.obj
 *fill*         0x1000b747        0x1 
 .rodata.__func__.2
                0x1000b748       0x13 CMakeFiles/w6x00_loopback.dir/__/__/libraries/pico-sdk/src/rp2_common/hardware_irq/irq.c.obj
 *fill*         0x1000b75b        0x1 
 .rodata.__func__.3
                0x1000b75c        0xc CMakeFiles/w6x00_loopback.dir/__/__/libraries/pico-sdk/src/rp2_common/hardware_irq/irq.c.obj
 .rodata.__func__.4
                0x1000b768        0xf CMakeFiles/w6x00_loopback.dir/__/__/libraries/pico-sdk/src/rp2_common/hardware_irq/irq.c.obj
 *fill*         0x1000b777        0x1 
 .rodata.__func__.5
                0x1000b778       0x17 CMakeFiles/w6x00_loopback.dir/__/__/libraries/pico-sdk/src/rp2_common/hardware_irq/irq.c.obj
 *fill*         0x1000b78f        0x1 
 .rodata.__func__.6
                0x1000b790       0x1a CMakeFiles/w6x00_loopback.dir/__/__/libraries/pico-sdk/src/rp2_common/hardware_irq/irq.c.obj
 *fill*         0x1000b7aa        0x2 
 .rodata.repeating_timer_callback.str1.4
                0x1000b7ac       0x5e CMakeFiles/w6x00_loopback.dir/__/__/libraries/pico-sdk/src/common/pico_time/time.c.obj
 *fill*         0x1000b80a        0x2 
 .rodata.alarm_pool_dump_key.str1.4
                0x1000b80c       0x33 CMakeFiles/w6x00_loopback.dir/__/__/libraries/pico-sdk/src/common/pico_time/time.c.obj
 *fill*         0x1000b83f        0x1 
 .rodata.ph_add_child_node.str1.4
                0x1000b840       0xaa CMakeFiles/w6x00_loopback.dir/__/__/libraries/pico-sdk/src/common/pico_time/time.c.obj
 *fill*         0x1000b8ea        0x2 
 .rodata.add_alarm_under_lock.str1.4
                0x1000b8ec       0x28 CMakeFiles/w6x00_loopback.dir/__/__/libraries/pico-sdk/src/common/pico_time/time.c.obj
                                 0x2b (size before relaxing)
 .rodata.alarm_pool_alarm_callback.str1.4
                0x1000b914       0xf6 CMakeFiles/w6x00_loopback.dir/__/__/libraries/pico-sdk/src/common/pico_time/time.c.obj
 *fill*         0x1000ba0a        0x2 
 .rodata.alarm_pool_get_default.str1.4
                0x1000ba0c       0x21 CMakeFiles/w6x00_loopback.dir/__/__/libraries/pico-sdk/src/common/pico_time/time.c.obj
 *fill*         0x1000ba2d        0x3 
 .rodata.alarm_pool_cancel_alarm.str1.4
                0x1000ba30       0x27 CMakeFiles/w6x00_loopback.dir/__/__/libraries/pico-sdk/src/common/pico_time/time.c.obj
 *fill*         0x1000ba57        0x1 
 .rodata.sleep_until.str1.4
                0x1000ba58       0x4d CMakeFiles/w6x00_loopback.dir/__/__/libraries/pico-sdk/src/common/pico_time/time.c.obj
 *fill*         0x1000baa5        0x3 
 .rodata.__func__.0
                0x1000baa8       0x19 CMakeFiles/w6x00_loopback.dir/__/__/libraries/pico-sdk/src/common/pico_time/time.c.obj
 *fill*         0x1000bac1        0x3 
 .rodata.__func__.1
                0x1000bac4       0x18 CMakeFiles/w6x00_loopback.dir/__/__/libraries/pico-sdk/src/common/pico_time/time.c.obj
 .rodata.__func__.10
                0x1000badc       0x15 CMakeFiles/w6x00_loopback.dir/__/__/libraries/pico-sdk/src/common/pico_time/time.c.obj
 *fill*         0x1000baf1        0x3 
 .rodata.__func__.11
                0x1000baf4       0x1a CMakeFiles/w6x00_loopback.dir/__/__/libraries/pico-sdk/src/common/pico_time/time.c.obj
 *fill*         0x1000bb0e        0x2 
 .rodata.__func__.12
                0x1000bb10        0xa CMakeFiles/w6x00_loopback.dir/__/__/libraries/pico-sdk/src/common/pico_time/time.c.obj
 *fill*         0x1000bb1a        0x2 
 .rodata.__func__.3
                0x1000bb1c       0x17 CMakeFiles/w6x00_loopback.dir/__/__/libraries/pico-sdk/src/common/pico_time/time.c.obj
 *fill*         0x1000bb33        0x1 
 .rodata.__func__.4
                0x1000bb34       0x12 CMakeFiles/w6x00_loopback.dir/__/__/libraries/pico-sdk/src/common/pico_time/time.c.obj
 *fill*         0x1000bb46        0x2 
 .rodata.__func__.5
                0x1000bb48        0xd CMakeFiles/w6x00_loopback.dir/__/__/libraries/pico-sdk/src/common/pico_time/time.c.obj
 *fill*         0x1000bb55        0x3 
 .rodata.__func__.6
                0x1000bb58       0x12 CMakeFiles/w6x00_loopback.dir/__/__/libraries/pico-sdk/src/common/pico_time/time.c.obj
 *fill*         0x1000bb6a        0x2 
 .rodata.__func__.7
                0x1000bb6c        0xf CMakeFiles/w6x00_loopback.dir/__/__/libraries/pico-sdk/src/common/pico_time/time.c.obj
 *fill*         0x1000bb7b        0x1 
 .rodata.__func__.8
                0x1000bb7c        0xc CMakeFiles/w6x00_loopback.dir/__/__/libraries/pico-sdk/src/common/pico_time/time.c.obj
 .rodata.__func__.9
                0x1000bb88       0x15 CMakeFiles/w6x00_loopback.dir/__/__/libraries/pico-sdk/src/common/pico_time/time.c.obj
 *fill*         0x1000bb9d        0x3 
 .rodata.hardware_alarm_claim.str1.4
                0x1000bba0       0x22 CMakeFiles/w6x00_loopback.dir/__/__/libraries/pico-sdk/src/rp2_common/hardware_timer/timer.c.obj
 .rodata.busy_wait_us.str1.4
                0x1000bbc2       0x74 CMakeFiles/w6x00_loopback.dir/__/__/libraries/pico-sdk/src/rp2_common/hardware_timer/timer.c.obj
 *fill*         0x1000bbc2        0x2 
 .rodata.hardware_alarm_set_target.str1.4
                0x1000bbc4       0x78 CMakeFiles/w6x00_loopback.dir/__/__/libraries/pico-sdk/src/rp2_common/hardware_timer/timer.c.obj
 .rodata.__func__.0
                0x1000bc3c       0x1a CMakeFiles/w6x00_loopback.dir/__/__/libraries/pico-sdk/src/rp2_common/hardware_timer/timer.c.obj
 *fill*         0x1000bc56        0x2 
 .rodata.__func__.1
                0x1000bc58       0x15 CMakeFiles/w6x00_loopback.dir/__/__/libraries/pico-sdk/src/rp2_common/hardware_timer/timer.c.obj
 .rodata.ph_add_child_node.str1.4
                0x1000bc6d       0xaa CMakeFiles/w6x00_loopback.dir/__/__/libraries/pico-sdk/src/common/pico_util/pheap.c.obj
 *fill*         0x1000bc6d        0x3 
 .rodata.ph_remove_any_head.str1.4
                0x1000bc70       0xa0 CMakeFiles/w6x00_loopback.dir/__/__/libraries/pico-sdk/src/common/pico_util/pheap.c.obj
 .rodata.ph_remove_and_free_node.str1.4
                0x1000bd10       0x1e CMakeFiles/w6x00_loopback.dir/__/__/libraries/pico-sdk/src/common/pico_util/pheap.c.obj
                                 0x26 (size before relaxing)
 *fill*         0x1000bd2e        0x2 
 .rodata.__func__.0
                0x1000bd30       0x18 CMakeFiles/w6x00_loopback.dir/__/__/libraries/pico-sdk/src/common/pico_util/pheap.c.obj
 .rodata.__func__.1
                0x1000bd48       0x13 CMakeFiles/w6x00_loopback.dir/__/__/libraries/pico-sdk/src/common/pico_util/pheap.c.obj
 *fill*         0x1000bd5b        0x1 
 .rodata.__func__.2
                0x1000bd5c       0x12 CMakeFiles/w6x00_loopback.dir/__/__/libraries/pico-sdk/src/common/pico_util/pheap.c.obj
 *fill*         0x1000bd6e        0x2 
 .rodata.__func__.3