Archive member included to satisfy reference by file (symbol)

c:/progra~1/raspbe~1/picosd~1.1/gcc-ar~1/bin/../lib/gcc/arm-none-eabi/10.3.1/thumb/v6-m/nofp\libgcc.a(_dvmd_tls.o)
                              CMakeFiles/w6x00_loopback.dir/__/__/libraries/pico-sdk/src/rp2_common/pico_divider/divider.S.obj (__aeabi_idiv0)
c:/progra~1/raspbe~1/picosd~1.1/gcc-ar~1/bin/../lib/gcc/arm-none-eabi/10.3.1/../../../../arm-none-eabi/lib/thumb/v6-m/nofp\libg.a(lib_a-calloc.o)
                              CMakeFiles/w6x00_loopback.dir/__/__/libraries/pico-sdk/src/rp2_common/pico_malloc/pico_malloc.c.obj (calloc)
c:/progra~1/raspbe~1/picosd~1.1/gcc-ar~1/bin/../lib/gcc/arm-none-eabi/10.3.1/../../../../arm-none-eabi/lib/thumb/v6-m/nofp\libg.a(lib_a-callocr.o)
                              c:/progra~1/raspbe~1/picosd~1.1/gcc-ar~1/bin/../lib/gcc/arm-none-eabi/10.3.1/../../../../arm-none-eabi/lib/thumb/v6-m/nofp\libg.a(lib_a-calloc.o) (_calloc_r)
c:/progra~1/raspbe~1/picosd~1.1/gcc-ar~1/bin/../lib/gcc/arm-none-eabi/10.3.1/../../../../arm-none-eabi/lib/thumb/v6-m/nofp\libg.a(lib_a-ctype_.o)
                              CMakeFiles/w6x00_loopback.dir/__/__/libraries/pico-sdk/lib/tinyusb/src/tusb.c.obj (_ctype_)
c:/progra~1/raspbe~1/picosd~1.1/gcc-ar~1/bin/../lib/gcc/arm-none-eabi/10.3.1/../../../../arm-none-eabi/lib/thumb/v6-m/nofp\libg.a(lib_a-errno.o)
                              c:/progra~1/raspbe~1/picosd~1.1/gcc-ar~1/bin/../lib/gcc/arm-none-eabi/10.3.1/../../../../arm-none-eabi/lib/thumb/v6-m/nofp\libg.a(lib_a-callocr.o) (__errno)
c:/progra~1/raspbe~1/picosd~1.1/gcc-ar~1/bin/../lib/gcc/arm-none-eabi/10.3.1/../../../../arm-none-eabi/lib/thumb/v6-m/nofp\libg.a(lib_a-impure.o)
                              c:/progra~1/raspbe~1/picosd~1.1/gcc-ar~1/bin/../lib/gcc/arm-none-eabi/10.3.1/../../../../arm-none-eabi/lib/thumb/v6-m/nofp\libg.a(lib_a-calloc.o) (_impure_ptr)
c:/progra~1/raspbe~1/picosd~1.1/gcc-ar~1/bin/../lib/gcc/arm-none-eabi/10.3.1/../../../../arm-none-eabi/lib/thumb/v6-m/nofp\libg.a(lib_a-init.o)
                              c:/progra~1/raspbe~1/picosd~1.1/gcc-ar~1/bin/../lib/gcc/arm-none-eabi/10.3.1/../../../../arm-none-eabi/lib/thumb/v6-m/nofp/crt0.o (__libc_init_array)
c:/progra~1/raspbe~1/picosd~1.1/gcc-ar~1/bin/../lib/gcc/arm-none-eabi/10.3.1/../../../../arm-none-eabi/lib/thumb/v6-m/nofp\libg.a(lib_a-malloc.o)
                              CMakeFiles/w6x00_loopback.dir/__/__/libraries/pico-sdk/src/rp2_common/pico_malloc/pico_malloc.c.obj (malloc)
c:/progra~1/raspbe~1/picosd~1.1/gcc-ar~1/bin/../lib/gcc/arm-none-eabi/10.3.1/../../../../arm-none-eabi/lib/thumb/v6-m/nofp\libg.a(lib_a-mallocr.o)
                              c:/progra~1/raspbe~1/picosd~1.1/gcc-ar~1/bin/../lib/gcc/arm-none-eabi/10.3.1/../../../../arm-none-eabi/lib/thumb/v6-m/nofp\libg.a(lib_a-callocr.o) (_malloc_r)
c:/progra~1/raspbe~1/picosd~1.1/gcc-ar~1/bin/../lib/gcc/arm-none-eabi/10.3.1/../../../../arm-none-eabi/lib/thumb/v6-m/nofp\libg.a(lib_a-mlock.o)
                              c:/progra~1/raspbe~1/picosd~1.1/gcc-ar~1/bin/../lib/gcc/arm-none-eabi/10.3.1/../../../../arm-none-eabi/lib/thumb/v6-m/nofp\libg.a(lib_a-mallocr.o) (__malloc_lock)
c:/progra~1/raspbe~1/picosd~1.1/gcc-ar~1/bin/../lib/gcc/arm-none-eabi/10.3.1/../../../../arm-none-eabi/lib/thumb/v6-m/nofp\libg.a(lib_a-realloc.o)
                              CMakeFiles/w6x00_loopback.dir/__/__/libraries/pico-sdk/src/rp2_common/pico_malloc/pico_malloc.c.obj (realloc)
c:/progra~1/raspbe~1/picosd~1.1/gcc-ar~1/bin/../lib/gcc/arm-none-eabi/10.3.1/../../../../arm-none-eabi/lib/thumb/v6-m/nofp\libg.a(lib_a-reallocr.o)
                              c:/progra~1/raspbe~1/picosd~1.1/gcc-ar~1/bin/../lib/gcc/arm-none-eabi/10.3.1/../../../../arm-none-eabi/lib/thumb/v6-m/nofp\libg.a(lib_a-realloc.o) (_realloc_r)
c:/progra~1/raspbe~1/picosd~1.1/gcc-ar~1/bin/../lib/gcc/arm-none-eabi/10.3.1/../../../../arm-none-eabi/lib/thumb/v6-m/nofp\libg.a(lib_a-sbrkr.o)
                              c:/progra~1/raspbe~1/picosd~1.1/gcc-ar~1/bin/../lib/gcc/arm-none-eabi/10.3.1/../../../../arm-none-eabi/lib/thumb/v6-m/nofp\libg.a(lib_a-mallocr.o) (_sbrk_r)
c:/progra~1/raspbe~1/picosd~1.1/gcc-ar~1/bin/../lib/gcc/arm-none-eabi/10.3.1/../../../../arm-none-eabi/lib/thumb/v6-m/nofp\libg.a(lib_a-sscanf.o)
                              CMakeFiles/w6x00_loopback.dir/w6x00_loopback.c.obj (sscanf)
c:/progra~1/raspbe~1/picosd~1.1/gcc-ar~1/bin/../lib/gcc/arm-none-eabi/10.3.1/../../../../arm-none-eabi/lib/thumb/v6-m/nofp\libg.a(lib_a-stdio.o)
                              c:/progra~1/raspbe~1/picosd~1.1/gcc-ar~1/bin/../lib/gcc/arm-none-eabi/10.3.1/../../../../arm-none-eabi/lib/thumb/v6-m/nofp\libg.a(lib_a-sscanf.o) (__seofread)
c:/progra~1/raspbe~1/picosd~1.1/gcc-ar~1/bin/../lib/gcc/arm-none-eabi/10.3.1/../../../../arm-none-eabi/lib/thumb/v6-m/nofp\libg.a(lib_a-strlen-stub.o)
                              CMakeFiles/w6x00_loopback.dir/__/__/libraries/pico-sdk/src/rp2_common/pico_stdio/stdio.c.obj (strlen)
[...]
Memory Configuration

Name             Origin             Length             Attributes
FLASH            0x10000000         0x00200000         xr
RAM              0x20000000         0x00040000         xrw
SCRATCH_X        0x20040000         0x00001000         xrw
SCRATCH_Y        0x20041000         0x00001000         xrw
*default*        0x00000000         0xffffffff

Linker script and memory map

LOAD c:/progra~1/raspbe~1/picosd~1.1/gcc-ar~1/bin/../lib/gcc/arm-none-eabi/10.3.1/thumb/v6-m/nofp/crti.o
LOAD c:/progra~1/raspbe~1/picosd~1.1/gcc-ar~1/bin/../lib/gcc/arm-none-eabi/10.3.1/thumb/v6-m/nofp/crtbegin.o
LOAD c:/progra~1/raspbe~1/picosd~1.1/gcc-ar~1/bin/../lib/gcc/arm-none-eabi/10.3.1/../../../../arm-none-eabi/lib/thumb/v6-m/nofp/crt0.o

.flash_begin    0x10000000        0x0
                0x10000000                __flash_binary_start = .

.boot2          0x10000000      0x100
                0x10000000                __boot2_start__ = .
 *(.boot2)
 .boot2         0x10000000      0x100 C:\Users\dupon\AppData\Local\Temp\cc8IkTrU.o
                0x10000100                __boot2_end__ = .
                0x00000001                ASSERT (((__boot2_end__ - __boot2_start__) == 0x100), ERROR: Pico second stage bootloader must be 256 bytes in size)

.text           0x10000100     0xf2f8
                0x10000100                __logical_binary_start = .
 *(.vectors)
 .vectors       0x10000100       0xd4 CMakeFiles/w6x00_loopback.dir/__/__/libraries/pico-sdk/src/rp2_common/pico_standard_link/crt0.S.obj
                0x10000100                __VECTOR_TABLE
                0x10000100                __vectors
                0x100001c0                isr_invalid
                0x100001c0                __default_isrs_start
                0x100001c2                isr_nmi
                0x100001c4                isr_hardfault
                0x100001c6                isr_svcall
                0x100001c8                isr_pendsv
                0x100001ca                isr_systick
                0x100001cc                isr_irq23
                0x100001cc                isr_irq18
                0x100001cc                isr_irq11
                0x100001cc                isr_irq28
                0x100001cc                isr_irq19
                0x100001cc                isr_irq0
                0x100001cc                isr_irq6
                0x100001cc                isr_irq5
                0x100001cc                isr_irq12
                0x100001cc                isr_irq22
                0x100001cc                isr_irq31
                0x100001cc                isr_irq17
                0x100001cc                isr_irq27
                0x100001cc                isr_irq30
                0x100001cc                isr_irq2
                0x100001cc                isr_irq10
                0x100001cc                isr_irq8
                0x100001cc                isr_irq24
                0x100001cc                isr_irq1
                0x100001cc                isr_irq7
                0x100001cc                isr_irq21
                0x100001cc                isr_irq20
                0x100001cc                isr_irq15
                0x100001cc                isr_irq25
                0x100001cc                isr_irq13
                0x100001cc                __unhandled_user_irq
                0x100001cc                isr_irq4
                0x100001cc                isr_irq16
                0x100001cc                isr_irq29
                0x100001cc                isr_irq26
                0x100001cc                __default_isrs_end
                0x100001cc                isr_irq3
                0x100001cc                isr_irq14
                0x100001cc                isr_irq9
                0x100001d2                unhandled_user_irq_num_in_r0
 *(.binary_info_header)
 .binary_info_header
                0x100001d4       0x14 CMakeFiles/w6x00_loopback.dir/__/__/libraries/pico-sdk/src/rp2_common/pico_standard_link/crt0.S.obj
                0x100001e8                __binary_info_header_end = .
 *(.reset)
 .reset         0x100001e8       0xa8 CMakeFiles/w6x00_loopback.dir/__/__/libraries/pico-sdk/src/rp2_common/pico_standard_link/crt0.S.obj
                0x100001e8                _entry_point
                0x10000266                __get_current_exception
 .reset         0x10000290       0x30 CMakeFiles/w6x00_loopback.dir/__/__/libraries/pico-sdk/src/rp2_common/pico_standard_link/binary_info.c.obj
 *(.init)
 .init          0x100002c0        0x4 c:/progra~1/raspbe~1/picosd~1.1/gcc-ar~1/bin/../lib/gcc/arm-none-eabi/10.3.1/thumb/v6-m/nofp/crti.o
                0x100002c0                _init
 *(EXCLUDE_FILE(*libm.a: *libc.a:*lib_a-mem*.o *libgcc.a:) .text*)
 .text          0x100002c4       0x48 c:/progra~1/raspbe~1/picosd~1.1/gcc-ar~1/bin/../lib/gcc/arm-none-eabi/10.3.1/thumb/v6-m/nofp/crtbegin.o
 .text.repeating_timer_callback
                0x1000030c       0x28 CMakeFiles/w6x00_loopback.dir/w6x00_loopback.c.obj
 .text.set_clock_khz
                0x10000334       0x44 CMakeFiles/w6x00_loopback.dir/w6x00_loopback.c.obj
 .text.init_uart
                0x10000378       0x4c CMakeFiles/w6x00_loopback.dir/w6x00_loopback.c.obj
                0x10000378                init_uart
 .text.delay_us
                0x100003c4        0xa CMakeFiles/w6x00_loopback.dir/w6x00_loopback.c.obj
                0x100003c4                delay_us
 .text.uart_transmit_command
                0x100003ce       0x4c CMakeFiles/w6x00_loopback.dir/w6x00_loopback.c.obj
                0x100003ce                uart_transmit_command
 .text.print_debug_console
                0x1000041a       0x22 CMakeFiles/w6x00_loopback.dir/w6x00_loopback.c.obj
                0x1000041a                print_debug_console
 .text.settingsInput
                0x1000043c       0x94 CMakeFiles/w6x00_loopback.dir/w6x00_loopback.c.obj
                0x1000043c                settingsInput
 .text.change_disconnect_timer_menu
                0x100004d0       0xd4 CMakeFiles/w6x00_loopback.dir/w6x00_loopback.c.obj
                0x100004d0                change_disconnect_timer_menu
 .text.change_bautrate_menu
                0x100005a4      0x124 CMakeFiles/w6x00_loopback.dir/w6x00_loopback.c.obj
                0x100005a4                change_bautrate_menu
 .text.combineChars
                0x100006c8       0x1c CMakeFiles/w6x00_loopback.dir/w6x00_loopback.c.obj
                0x100006c8                combineChars
 .text.change_ip_menu
                0x100006e4      0x134 CMakeFiles/w6x00_loopback.dir/w6x00_loopback.c.obj
                0x100006e4                change_ip_menu
 .text.transmitHexCommand
                0x10000818       0x4c CMakeFiles/w6x00_loopback.dir/w6x00_loopback.c.obj
                0x10000818                transmitHexCommand
 .text.printMenus
                0x10000864       0x48 CMakeFiles/w6x00_loopback.dir/w6x00_loopback.c.obj
                0x10000864                printMenus
 .text.mainMenu
                0x100008ac       0x78 CMakeFiles/w6x00_loopback.dir/w6x00_loopback.c.obj
                0x100008ac                mainMenu
 .text.intToString
                0x10000924       0x30 CMakeFiles/w6x00_loopback.dir/w6x00_loopback.c.obj
                0x10000924                intToString
 .text.combineIntegersToString
                0x10000954       0x8c CMakeFiles/w6x00_loopback.dir/w6x00_loopback.c.obj
                0x10000954                combineIntegersToString
 .text.networkingMenu
                0x100009e0       0x84 CMakeFiles/w6x00_loopback.dir/w6x00_loopback.c.obj
                0x100009e0                networkingMenu
 .text.applicationMenu
                0x10000a64       0x5c CMakeFiles/w6x00_loopback.dir/w6x00_loopback.c.obj
                0x10000a64                applicationMenu
 .text.monitoringMenu
                0x10000ac0       0x88 CMakeFiles/w6x00_loopback.dir/w6x00_loopback.c.obj
                0x10000ac0                monitoringMenu
 .text.debug_socket_behaviour
                0x10000b48       0xb0 CMakeFiles/w6x00_loopback.dir/w6x00_loopback.c.obj
                0x10000b48                debug_socket_behaviour
 .text.init_server_socket
                0x10000bf8      0x24c CMakeFiles/w6x00_loopback.dir/w6x00_loopback.c.obj
                0x10000bf8                init_server_socket
 .text.readCharFromFlash
                0x10000e44        0x8 CMakeFiles/w6x00_loopback.dir/w6x00_loopback.c.obj
                0x10000e44                readCharFromFlash
 .text.socket_behaviour
                0x10000e4c       0x7c CMakeFiles/w6x00_loopback.dir/w6x00_loopback.c.obj
                0x10000e4c                socket_behaviour
 .text.main     0x10000ec8      0x2a4 CMakeFiles/w6x00_loopback.dir/w6x00_loopback.c.obj
                0x10000ec8                main
 .text.set_sys_clock_pll
                0x1000116c       0x78 CMakeFiles/w6x00_loopback.dir/__/__/libraries/pico-sdk/src/rp2_common/pico_stdlib/stdlib.c.obj
                0x1000116c                set_sys_clock_pll
 .text.check_sys_clock_khz
                0x100011e4       0xb0 CMakeFiles/w6x00_loopback.dir/__/__/libraries/pico-sdk/src/rp2_common/pico_stdlib/stdlib.c.obj
                0x100011e4                check_sys_clock_khz
 .text.gpio_set_function
                0x10001294       0x30 CMakeFiles/w6x00_loopback.dir/__/__/libraries/pico-sdk/src/rp2_common/hardware_gpio/gpio.c.obj
                0x10001294                gpio_set_function
 .text.gpio_set_pulls
                0x100012c4       0x34 CMakeFiles/w6x00_loopback.dir/__/__/libraries/pico-sdk/src/rp2_common/hardware_gpio/gpio.c.obj
                0x100012c4                gpio_set_pulls
 .text.gpio_init
                0x100012f8       0x16 CMakeFiles/w6x00_loopback.dir/__/__/libraries/pico-sdk/src/rp2_common/hardware_gpio/gpio.c.obj
                0x100012f8                gpio_init
 *fill*         0x1000130e        0x2 
 .text.hw_claim_lock
                0x10001310       0x18 CMakeFiles/w6x00_loopback.dir/__/__/libraries/pico-sdk/src/rp2_common/hardware_claim/claim.c.obj
                0x10001310                hw_claim_lock
 .text.hw_claim_unlock
                0x10001328       0x14 CMakeFiles/w6x00_loopback.dir/__/__/libraries/pico-sdk/src/rp2_common/hardware_claim/claim.c.obj
                0x10001328                hw_claim_unlock
 .text.hw_claim_or_assert
                0x1000133c       0x32 CMakeFiles/w6x00_loopback.dir/__/__/libraries/pico-sdk/src/rp2_common/hardware_claim/claim.c.obj
                0x1000133c                hw_claim_or_assert
 .text.hw_claim_unused_from_range
                0x1000136e       0x50 CMakeFiles/w6x00_loopback.dir/__/__/libraries/pico-sdk/src/rp2_common/hardware_claim/claim.c.obj
                0x1000136e                hw_claim_unused_from_range
 *fill*         0x100013be        0x2 
 .text.running_on_fpga
                0x100013c0       0x14 CMakeFiles/w6x00_loopback.dir/__/__/libraries/pico-sdk/src/rp2_common/pico_platform/platform.c.obj
                0x100013c0                running_on_fpga
 .text.spin_locks_reset
                0x100013d4       0x20 CMakeFiles/w6x00_loopback.dir/__/__/libraries/pico-sdk/src/rp2_common/hardware_sync/sync.c.obj
                0x100013d4                spin_locks_reset
 .text.next_striped_spin_lock_num
                0x100013f4       0x1c CMakeFiles/w6x00_loopback.dir/__/__/libraries/pico-sdk/src/rp2_common/hardware_sync/sync.c.obj
                0x100013f4                next_striped_spin_lock_num
 .text.spin_lock_claim_unused
                0x10001410       0x20 CMakeFiles/w6x00_loopback.dir/__/__/libraries/pico-sdk/src/rp2_common/hardware_sync/sync.c.obj
                0x10001410                spin_lock_claim_unused
 .text.set_raw_irq_handler_and_unlock
                0x10001430       0x28 CMakeFiles/w6x00_loopback.dir/__/__/libraries/pico-sdk/src/rp2_common/hardware_irq/irq.c.obj
 .text.make_branch
                0x10001458       0x48 CMakeFiles/w6x00_loopback.dir/__/__/libraries/pico-sdk/src/rp2_common/hardware_irq/irq.c.obj
 .text.insert_branch_and_link
                0x100014a0       0x40 CMakeFiles/w6x00_loopback.dir/__/__/libraries/pico-sdk/src/rp2_common/hardware_irq/irq.c.obj
 .text.irq_is_enabled
                0x100014e0       0x18 CMakeFiles/w6x00_loopback.dir/__/__/libraries/pico-sdk/src/rp2_common/hardware_irq/irq.c.obj
                0x100014e0                irq_is_enabled
 .text.irq_set_mask_enabled
                0x100014f8       0x20 CMakeFiles/w6x00_loopback.dir/__/__/libraries/pico-sdk/src/rp2_common/hardware_irq/irq.c.obj
                0x100014f8                irq_set_mask_enabled
 .text.irq_set_enabled
                0x10001518        0xe CMakeFiles/w6x00_loopback.dir/__/__/libraries/pico-sdk/src/rp2_common/hardware_irq/irq.c.obj
                0x10001518                irq_set_enabled
 *fill*         0x10001526        0x2 
 .text.irq_set_pending
                0x10001528       0x10 CMakeFiles/w6x00_loopback.dir/__/__/libraries/pico-sdk/src/rp2_common/hardware_irq/irq.c.obj
                0x10001528                irq_set_pending
 .text.irq_get_vtable_handler
                0x10001538       0x10 CMakeFiles/w6x00_loopback.dir/__/__/libraries/pico-sdk/src/rp2_common/hardware_irq/irq.c.obj
                0x10001538                irq_get_vtable_handler
 .text.irq_has_shared_handler
                0x10001548       0x24 CMakeFiles/w6x00_loopback.dir/__/__/libraries/pico-sdk/src/rp2_common/hardware_irq/irq.c.obj
                0x10001548                irq_has_shared_handler
 .text.irq_set_exclusive_handler
                0x1000156c       0x54 CMakeFiles/w6x00_loopback.dir/__/__/libraries/pico-sdk/src/rp2_common/hardware_irq/irq.c.obj
                0x1000156c                irq_set_exclusive_handler
 .text.irq_add_shared_handler
                0x100015c0      0x230 CMakeFiles/w6x00_loopback.dir/__/__/libraries/pico-sdk/src/rp2_common/hardware_irq/irq.c.obj
                0x100015c0                irq_add_shared_handler
 .text.irq_remove_handler
                0x100017f0      0x1a8 CMakeFiles/w6x00_loopback.dir/__/__/libraries/pico-sdk/src/rp2_common/hardware_irq/irq.c.obj
                0x100017f0                irq_remove_handler
 .text.irq_add_tail_to_free_list
                0x10001998       0xf0 CMakeFiles/w6x00_loopback.dir/__/__/libraries/pico-sdk/src/rp2_common/hardware_irq/irq.c.obj
                0x10001998                irq_add_tail_to_free_list
 .text.irq_init_priorities
                0x10001a88       0x1c CMakeFiles/w6x00_loopback.dir/__/__/libraries/pico-sdk/src/rp2_common/hardware_irq/irq.c.obj
                0x10001a88                irq_init_priorities
 .text.user_irq_claim_unused
                0x10001aa4       0x30 CMakeFiles/w6x00_loopback.dir/__/__/libraries/pico-sdk/src/rp2_common/hardware_irq/irq.c.obj
                0x10001aa4                user_irq_claim_unused
 .text.lock_init
                0x10001ad4       0x10 CMakeFiles/w6x00_loopback.dir/__/__/libraries/pico-sdk/src/common/pico_sync/lock_core.c.obj
                0x10001ad4                lock_init
 .text.repeating_timer_callback
                0x10001ae4       0x40 CMakeFiles/w6x00_loopback.dir/__/__/libraries/pico-sdk/src/common/pico_time/time.c.obj
 .text.alarm_pool_post_alloc_init
                0x10001b24       0x40 CMakeFiles/w6x00_loopback.dir/__/__/libraries/pico-sdk/src/common/pico_time/time.c.obj
 .text.sleep_until_callback
                0x10001b64       0x30 CMakeFiles/w6x00_loopback.dir/__/__/libraries/pico-sdk/src/common/pico_time/time.c.obj
 .text.timer_pool_entry_comparator
                0x10001b94       0x7c CMakeFiles/w6x00_loopback.dir/__/__/libraries/pico-sdk/src/common/pico_time/time.c.obj
                0x10001b94                timer_pool_entry_comparator
 .text.ph_add_child_node
                0x10001c10       0xa4 CMakeFiles/w6x00_loopback.dir/__/__/libraries/pico-sdk/src/common/pico_time/time.c.obj
 .text.ph_merge_nodes
                0x10001cb4       0x3e CMakeFiles/w6x00_loopback.dir/__/__/libraries/pico-sdk/src/common/pico_time/time.c.obj
 *fill*         0x10001cf2        0x2 
 .text.add_alarm_under_lock
                0x10001cf4      0x174 CMakeFiles/w6x00_loopback.dir/__/__/libraries/pico-sdk/src/common/pico_time/time.c.obj
 .text.alarm_pool_alarm_callback
                0x10001e68      0x328 CMakeFiles/w6x00_loopback.dir/__/__/libraries/pico-sdk/src/common/pico_time/time.c.obj
 .text.alarm_pool_init_default
                0x10002190       0x38 CMakeFiles/w6x00_loopback.dir/__/__/libraries/pico-sdk/src/common/pico_time/time.c.obj
                0x10002190                alarm_pool_init_default
 .text.alarm_pool_get_default
                0x100021c8       0x2c CMakeFiles/w6x00_loopback.dir/__/__/libraries/pico-sdk/src/common/pico_time/time.c.obj
                0x100021c8                alarm_pool_get_default
 .text.alarm_pool_add_alarm_at
                0x100021f4      0x170 CMakeFiles/w6x00_loopback.dir/__/__/libraries/pico-sdk/src/common/pico_time/time.c.obj
                0x100021f4                alarm_pool_add_alarm_at
 .text.alarm_pool_cancel_alarm
                0x10002364       0xf0 CMakeFiles/w6x00_loopback.dir/__/__/libraries/pico-sdk/src/common/pico_time/time.c.obj
                0x10002364                alarm_pool_cancel_alarm
 .text.alarm_pool_add_repeating_timer_us
                0x10002454       0x9c CMakeFiles/w6x00_loopback.dir/__/__/libraries/pico-sdk/src/common/pico_time/time.c.obj
                0x10002454                alarm_pool_add_repeating_timer_us
 .text.sleep_until
                0x100024f0       0xfc CMakeFiles/w6x00_loopback.dir/__/__/libraries/pico-sdk/src/common/pico_time/time.c.obj
                0x100024f0                sleep_until
 .text.sleep_us
                0x100025ec       0x58 CMakeFiles/w6x00_loopback.dir/__/__/libraries/pico-sdk/src/common/pico_time/time.c.obj
                0x100025ec                sleep_us
 .text.sleep_ms
                0x10002644       0x14 CMakeFiles/w6x00_loopback.dir/__/__/libraries/pico-sdk/src/common/pico_time/time.c.obj
                0x10002644                sleep_ms
 .text.best_effort_wfe_or_timeout
                0x10002658       0x80 CMakeFiles/w6x00_loopback.dir/__/__/libraries/pico-sdk/src/common/pico_time/time.c.obj
                0x10002658                best_effort_wfe_or_timeout
 .text.hardware_alarm_irq_handler
                0x100026d8       0x8c CMakeFiles/w6x00_loopback.dir/__/__/libraries/pico-sdk/src/rp2_common/hardware_timer/timer.c.obj
 .text.hardware_alarm_claim
                0x10002764       0x18 CMakeFiles/w6x00_loopback.dir/__/__/libraries/pico-sdk/src/rp2_common/hardware_timer/timer.c.obj
                0x10002764                hardware_alarm_claim
 .text.time_us_64
                0x1000277c       0x18 CMakeFiles/w6x00_loopback.dir/__/__/libraries/pico-sdk/src/rp2_common/hardware_timer/timer.c.obj
                0x1000277c                time_us_64
 .text.busy_wait_until
                0x10002794       0x28 CMakeFiles/w6x00_loopback.dir/__/__/libraries/pico-sdk/src/rp2_common/hardware_timer/timer.c.obj
                0x10002794                busy_wait_until
 .text.busy_wait_us
                0x100027bc       0x48 CMakeFiles/w6x00_loopback.dir/__/__/libraries/pico-sdk/src/rp2_common/hardware_timer/timer.c.obj
                0x100027bc                busy_wait_us
 .text.hardware_alarm_set_callback
                0x10002804       0x90 CMakeFiles/w6x00_loopback.dir/__/__/libraries/pico-sdk/src/rp2_common/hardware_timer/timer.c.obj
                0x10002804                hardware_alarm_set_callback
 .text.hardware_alarm_set_target
                0x10002894       0xe8 CMakeFiles/w6x00_loopback.dir/__/__/libraries/pico-sdk/src/rp2_common/hardware_timer/timer.c.obj
                0x10002894                hardware_alarm_set_target
 .text.hardware_alarm_cancel
                0x1000297c       0x40 CMakeFiles/w6x00_loopback.dir/__/__/libraries/pico-sdk/src/rp2_common/hardware_timer/timer.c.obj
                0x1000297c                hardware_alarm_cancel
 .text.ph_add_child_node
                0x100029bc       0xa4 CMakeFiles/w6x00_loopback.dir/__/__/libraries/pico-sdk/src/common/pico_util/pheap.c.obj
 .text.ph_merge_nodes
                0x10002a60       0x3e CMakeFiles/w6x00_loopback.dir/__/__/libraries/pico-sdk/src/common/pico_util/pheap.c.obj
 *fill*         0x10002a9e        0x2 
 .text.ph_clear
                0x10002aa0       0x70 CMakeFiles/w6x00_loopback.dir/__/__/libraries/pico-sdk/src/common/pico_util/pheap.c.obj
                0x10002aa0                ph_clear
 .text.ph_post_alloc_init
                0x10002b10        0xe CMakeFiles/w6x00_loopback.dir/__/__/libraries/pico-sdk/src/common/pico_util/pheap.c.obj
                0x10002b10                ph_post_alloc_init
 *fill*         0x10002b1e        0x2 
 .text.ph_merge_two_pass
                0x10002b20       0xa8 CMakeFiles/w6x00_loopback.dir/__/__/libraries/pico-sdk/src/common/pico_util/pheap.c.obj
                0x10002b20                ph_merge_two_pass
 .text.ph_remove_any_head
                0x10002bc8      0x108 CMakeFiles/w6x00_loopback.dir/__/__/libraries/pico-sdk/src/common/pico_util/pheap.c.obj
 .text.ph_remove_head
                0x10002cd0       0x14 CMakeFiles/w6x00_loopback.dir/__/__/libraries/pico-sdk/src/common/pico_util/pheap.c.obj
                0x10002cd0                ph_remove_head
 .text.ph_remove_and_free_node
                0x10002ce4       0xf8 CMakeFiles/w6x00_loopback.dir/__/__/libraries/pico-sdk/src/common/pico_util/pheap.c.obj
                0x10002ce4                ph_remove_and_free_node
 .text.mutex_init
                0x10002ddc       0x1a CMakeFiles/w6x00_loopback.dir/__/__/libraries/pico-sdk/src/common/pico_sync/mutex.c.obj
                0x10002ddc                mutex_init
 .text.recursive_mutex_init
                0x10002df6       0x1e CMakeFiles/w6x00_loopback.dir/__/__/libraries/pico-sdk/src/common/pico_sync/mutex.c.obj
                0x10002df6                recursive_mutex_init
 .text.critical_section_init_with_lock_num
                0x10002e14       0x14 CMakeFiles/w6x00_loopback.dir/__/__/libraries/pico-sdk/src/common/pico_sync/critical_section.c.obj
                0x10002e14                critical_section_init_with_lock_num
 .text.critical_section_init
                0x10002e28       0x14 CMakeFiles/w6x00_loopback.dir/__/__/libraries/pico-sdk/src/common/pico_sync/critical_section.c.obj
                0x10002e28                critical_section_init
 .text.uart_set_baudrate
                0x10002e3c       0x5c CMakeFiles/w6x00_loopback.dir/__/__/libraries/pico-sdk/src/rp2_common/hardware_uart/uart.c.obj
                0x10002e3c                uart_set_baudrate
 .text.uart_set_translate_crlf
                0x10002e98       0x28 CMakeFiles/w6x00_loopback.dir/__/__/libraries/pico-sdk/src/rp2_common/hardware_uart/uart.c.obj
                0x10002e98                uart_set_translate_crlf
 .text.uart_init
                0x10002ec0       0x80 CMakeFiles/w6x00_loopback.dir/__/__/libraries/pico-sdk/src/rp2_common/hardware_uart/uart.c.obj
                0x10002ec0                uart_init
 .text._exit    0x10002f40        0x4 CMakeFiles/w6x00_loopback.dir/__/__/libraries/pico-sdk/src/rp2_common/pico_runtime/runtime.c.obj
                0x10002f40                _exit
 .text._sbrk    0x10002f44       0x38 CMakeFiles/w6x00_loopback.dir/__/__/libraries/pico-sdk/src/rp2_common/pico_runtime/runtime.c.obj
                0x10002f44                _sbrk
 .text.exit     0x10002f7c        0x6 CMakeFiles/w6x00_loopback.dir/__/__/libraries/pico-sdk/src/rp2_common/pico_runtime/runtime.c.obj
                0x10002f7c                exit
 *fill*         0x10002f82        0x2 
 .text.__assert_func
                0x10002f84       0x3c CMakeFiles/w6x00_loopback.dir/__/__/libraries/pico-sdk/src/rp2_common/pico_runtime/runtime.c.obj
                0x10002f84                __assert_func
 .text.runtime_init
                0x10002fc0       0xf8 CMakeFiles/w6x00_loopback.dir/__/__/libraries/pico-sdk/src/rp2_common/pico_runtime/runtime.c.obj
                0x10002fc0                runtime_init
 .text.panic    0x100030b8       0x30 CMakeFiles/w6x00_loopback.dir/__/__/libraries/pico-sdk/src/rp2_common/pico_runtime/runtime.c.obj
                0x100030b8                panic
 .text.clock_configure
                0x100030e8      0x104 CMakeFiles/w6x00_loopback.dir/__/__/libraries/pico-sdk/src/rp2_common/hardware_clocks/clocks.c.obj
                0x100030e8                clock_configure
 .text.clocks_init
                0x100031ec      0x100 CMakeFiles/w6x00_loopback.dir/__/__/libraries/pico-sdk/src/rp2_common/hardware_clocks/clocks.c.obj
                0x100031ec                clocks_init
 .text.clock_get_hz
                0x100032ec        0xc CMakeFiles/w6x00_loopback.dir/__/__/libraries/pico-sdk/src/rp2_common/hardware_clocks/clocks.c.obj
                0x100032ec                clock_get_hz
 .text.pll_init
                0x100032f8      0x140 CMakeFiles/w6x00_loopback.dir/__/__/libraries/pico-sdk/src/rp2_common/hardware_pll/pll.c.obj
                0x100032f8                pll_init
 .text.watchdog_start_tick
                0x10003438       0x10 CMakeFiles/w6x00_loopback.dir/__/__/libraries/pico-sdk/src/rp2_common/hardware_watchdog/watchdog.c.obj
                0x10003438                watchdog_start_tick
 .text.watchdog_update
                0x10003448       0x14 CMakeFiles/w6x00_loopback.dir/__/__/libraries/pico-sdk/src/rp2_common/hardware_watchdog/watchdog.c.obj
                0x10003448                watchdog_update
 .text._watchdog_enable
                0x1000345c       0x78 CMakeFiles/w6x00_loopback.dir/__/__/libraries/pico-sdk/src/rp2_common/hardware_watchdog/watchdog.c.obj
                0x1000345c                _watchdog_enable
 .text.watchdog_enable
                0x100034d4       0x18 CMakeFiles/w6x00_loopback.dir/__/__/libraries/pico-sdk/src/rp2_common/hardware_watchdog/watchdog.c.obj
                0x100034d4                watchdog_enable
 .text.watchdog_reboot
                0x100034ec       0x48 CMakeFiles/w6x00_loopback.dir/__/__/libraries/pico-sdk/src/rp2_common/hardware_watchdog/watchdog.c.obj
                0x100034ec                watchdog_reboot
 .text.xosc_init
                0x10003534       0x28 CMakeFiles/w6x00_loopback.dir/__/__/libraries/pico-sdk/src/rp2_common/hardware_xosc/xosc.c.obj
                0x10003534                xosc_init
 .text._out_buffer
                0x1000355c        0x8 CMakeFiles/w6x00_loopback.dir/__/__/libraries/pico-sdk/src/rp2_common/pico_printf/printf.c.obj
 .text._out_null
                0x10003564        0x2 CMakeFiles/w6x00_loopback.dir/__/__/libraries/pico-sdk/src/rp2_common/pico_printf/printf.c.obj
 .text._out_fct
                0x10003566        0xe CMakeFiles/w6x00_loopback.dir/__/__/libraries/pico-sdk/src/rp2_common/pico_printf/printf.c.obj
 .text._atoi    0x10003574       0x24 CMakeFiles/w6x00_loopback.dir/__/__/libraries/pico-sdk/src/rp2_common/pico_printf/printf.c.obj
 .text._out_rev
                0x10003598       0xae CMakeFiles/w6x00_loopback.dir/__/__/libraries/pico-sdk/src/rp2_common/pico_printf/printf.c.obj
 .text._ntoa_format
                0x10003646      0x112 CMakeFiles/w6x00_loopback.dir/__/__/libraries/pico-sdk/src/rp2_common/pico_printf/printf.c.obj
 .text._ntoa_long
                0x10003758       0xbc CMakeFiles/w6x00_loopback.dir/__/__/libraries/pico-sdk/src/rp2_common/pico_printf/printf.c.obj
 .text._ntoa_long_long
                0x10003814       0xe2 CMakeFiles/w6x00_loopback.dir/__/__/libraries/pico-sdk/src/rp2_common/pico_printf/printf.c.obj
 *fill*         0x100038f6        0x2 
 .text._etoa    0x100038f8      0x414 CMakeFiles/w6x00_loopback.dir/__/__/libraries/pico-sdk/src/rp2_common/pico_printf/printf.c.obj
 .text._ftoa    0x10003d0c      0x354 CMakeFiles/w6x00_loopback.dir/__/__/libraries/pico-sdk/src/rp2_common/pico_printf/printf.c.obj
 .text._vsnprintf
                0x10004060      0x624 CMakeFiles/w6x00_loopback.dir/__/__/libraries/pico-sdk/src/rp2_common/pico_printf/printf.c.obj
 .text.__wrap_sprintf
                0x10004684       0x28 CMakeFiles/w6x00_loopback.dir/__/__/libraries/pico-sdk/src/rp2_common/pico_printf/printf.c.obj
                0x10004684                __wrap_sprintf
 .text.__wrap_snprintf
                0x100046ac       0x28 CMakeFiles/w6x00_loopback.dir/__/__/libraries/pico-sdk/src/rp2_common/pico_printf/printf.c.obj
                0x100046ac                __wrap_snprintf
 .text.vfctprintf
                0x100046d4       0x20 CMakeFiles/w6x00_loopback.dir/__/__/libraries/pico-sdk/src/rp2_common/pico_printf/printf.c.obj
                0x100046d4                vfctprintf
 .text          0x100046f4       0x10 CMakeFiles/w6x00_loopback.dir/__/__/libraries/pico-sdk/src/rp2_common/pico_bit_ops/bit_ops_aeabi.S.obj
 .text.rom_func_lookup
                0x10004704       0x10 CMakeFiles/w6x00_loopback.dir/__/__/libraries/pico-sdk/src/rp2_common/pico_bootrom/bootrom.c.obj
                0x10004704                rom_func_lookup
 .text.rom_data_lookup
                0x10004714       0x10 CMakeFiles/w6x00_loopback.dir/__/__/libraries/pico-sdk/src/rp2_common/pico_bootrom/bootrom.c.obj
                0x10004714                rom_data_lookup
 .text.rom_funcs_lookup
                0x10004724       0x36 CMakeFiles/w6x00_loopback.dir/__/__/libraries/pico-sdk/src/rp2_common/pico_bootrom/bootrom.c.obj
                0x10004724                rom_funcs_lookup
 *fill*         0x1000475a        0x2 
 .text.__wrap___aeabi_idiv
                0x1000475c       0x50 CMakeFiles/w6x00_loopback.dir/__/__/libraries/pico-sdk/src/rp2_common/pico_divider/divider.S.obj
                0x1000475c                __wrap___aeabi_idivmod
                0x1000475c                divmod_s32s32
                0x1000475c                div_s32s32
                0x1000475c                __wrap___aeabi_idiv
                0x10004764                divmod_s32s32_unsafe
                0x10004790                divmod_s32s32_savestate
 .text.__wrap___aeabi_uidiv
                0x100047ac       0x4c CMakeFiles/w6x00_loopback.dir/__/__/libraries/pico-sdk/src/rp2_common/pico_divider/divider.S.obj
                0x100047ac                __wrap___aeabi_uidiv
                0x100047ac                __wrap___aeabi_uidivmod
                0x100047ac                div_u32u32
                0x100047ac                divmod_u32u32
                0x100047b4                divmod_u32u32_unsafe
                0x100047dc                divmod_u32u32_savestate
 .text.__wrap___aeabi_ldiv
                0x100047f8      0x434 CMakeFiles/w6x00_loopback.dir/__/__/libraries/pico-sdk/src/rp2_common/pico_divider/divider.S.obj
                0x100047f8                div_s64s64
                0x100047f8                divmod_s64s64
                0x100047f8                __wrap___aeabi_ldivmod
                0x10004830                divmod_u64u64
                0x10004830                div_u64u64
                0x10004830                __wrap___aeabi_uldivmod
                0x10004840                divmod_u64u64_savestate
                0x10004868                divmod_s64s64_unsafe
                0x100048f0                divmod_u64u64_unsafe
 .text.__wrap___aeabi_darithmetic
                0x10004c2c       0x80 CMakeFiles/w6x00_loopback.dir/__/__/libraries/pico-sdk/src/rp2_common/pico_double/double_aeabi.S.obj
                0x10004c2c                __wrap___aeabi_drsub
                0x10004c32                __wrap___aeabi_dsub
                0x10004c44                __wrap___aeabi_dadd
                0x10004c56                __wrap___aeabi_ddiv
                0x10004c92                __wrap___aeabi_dmul
 .text.__wrap___aeabi_cdcmple
                0x10004cac       0x6c CMakeFiles/w6x00_loopback.dir/__/__/libraries/pico-sdk/src/rp2_common/pico_double/double_aeabi.S.obj
                0x10004cac                __wrap___aeabi_cdrcmple
                0x10004cbc                __wrap___aeabi_cdcmpeq
                0x10004cbc                __wrap___aeabi_cdcmple
 .text.__wrap___aeabi_dcmpeq
                0x10004d18       0x10 CMakeFiles/w6x00_loopback.dir/__/__/libraries/pico-sdk/src/rp2_common/pico_double/double_aeabi.S.obj
                0x10004d18                __wrap___aeabi_dcmpeq
 .text.__wrap___aeabi_dcmplt
                0x10004d28        0xc CMakeFiles/w6x00_loopback.dir/__/__/libraries/pico-sdk/src/rp2_common/pico_double/double_aeabi.S.obj
                0x10004d28                __wrap___aeabi_dcmplt
 .text.__wrap___aeabi_dcmple
                0x10004d34       0x10 CMakeFiles/w6x00_loopback.dir/__/__/libraries/pico-sdk/src/rp2_common/pico_double/double_aeabi.S.obj
                0x10004d34                __wrap___aeabi_dcmple
 .text.__wrap___aeabi_dcmpge
                0x10004d44       0x10 CMakeFiles/w6x00_loopback.dir/__/__/libraries/pico-sdk/src/rp2_common/pico_double/double_aeabi.S.obj
                0x10004d44                __wrap___aeabi_dcmpge
 .text.__wrap___aeabi_dcmpgt
                0x10004d54        0xa CMakeFiles/w6x00_loopback.dir/__/__/libraries/pico-sdk/src/rp2_common/pico_double/double_aeabi.S.obj
                0x10004d54                __wrap___aeabi_dcmpgt
 .text.__wrap___aeabi_dcmpun
                0x10004d5e       0x1c CMakeFiles/w6x00_loopback.dir/__/__/libraries/pico-sdk/src/rp2_common/pico_double/double_aeabi.S.obj
                0x10004d5e                __wrap___aeabi_dcmpun
 *fill*         0x10004d7a        0x2 
 .text.__wrap___aeabi_i2d
                0x10004d7c       0x38 CMakeFiles/w6x00_loopback.dir/__/__/libraries/pico-sdk/src/rp2_common/pico_double/double_aeabi.S.obj
                0x10004d7c                __wrap___aeabi_ui2d
                0x10004d84                __wrap___aeabi_i2d
 .text.__wrap___aeabi_d2iz
                0x10004db4       0x48 CMakeFiles/w6x00_loopback.dir/__/__/libraries/pico-sdk/src/rp2_common/pico_double/double_aeabi.S.obj
                0x10004db4                double2int_z
                0x10004db4                __wrap___aeabi_d2iz
 .text.__wrap___aeabi_d2uiz
                0x10004dfc       0x18 CMakeFiles/w6x00_loopback.dir/__/__/libraries/pico-sdk/src/rp2_common/pico_double/double_aeabi.S.obj
                0x10004dfc                __wrap___aeabi_d2uiz
                0x10004dfc                double2uint
 .text.__wrap___aeabi_l2d
                0x10004e14       0x18 CMakeFiles/w6x00_loopback.dir/__/__/libraries/pico-sdk/src/rp2_common/pico_double/double_aeabi.S.obj
                0x10004e14                __wrap___aeabi_l2d
 .text.__wrap___aeabi_d2lz
                0x10004e2c       0x26 CMakeFiles/w6x00_loopback.dir/__/__/libraries/pico-sdk/src/rp2_common/pico_double/double_aeabi.S.obj
                0x10004e2c                double2int64_z
                0x10004e2c                __wrap___aeabi_d2lz
 *fill*         0x10004e52        0x2 
 .text.double2int64
                0x10004e54       0x18 CMakeFiles/w6x00_loopback.dir/__/__/libraries/pico-sdk/src/rp2_common/pico_double/double_aeabi.S.obj
                0x10004e54                double2int64
 .text.double2ufix64
                0x10004e6c       0x18 CMakeFiles/w6x00_loopback.dir/__/__/libraries/pico-sdk/src/rp2_common/pico_double/double_aeabi.S.obj
                0x10004e6c                double2ufix64
 .text.__wrap___aeabi_d2f
                0x10004e84       0x18 CMakeFiles/w6x00_loopback.dir/__/__/libraries/pico-sdk/src/rp2_common/pico_double/double_aeabi.S.obj
                0x10004e84                __wrap___aeabi_d2f
 .text.__aeabi_double_init
                0x10004e9c       0xc8 CMakeFiles/w6x00_loopback.dir/__/__/libraries/pico-sdk/src/rp2_common/pico_double/double_init_rom.c.obj
                0x10004e9c                __aeabi_double_init
 .text.double_table_shim_on_use_helper
                0x10004f64       0x34 CMakeFiles/w6x00_loopback.dir/__/__/libraries/pico-sdk/src/rp2_common/pico_double/double_v1_rom_shim.S.obj
                0x10004f64                double_table_shim_on_use_helper
 .text.__wrap___aeabi_dsub
                0x10004f98       0x10 CMakeFiles/w6x00_loopback.dir/__/__/libraries/pico-sdk/src/rp2_common/pico_double/double_v1_rom_shim.S.obj
                0x10004f98                drsub_shim
                0x10004f9e                dsub_shim
 .text.dadd_shim
                0x10004fa8      0x15c CMakeFiles/w6x00_loopback.dir/__/__/libraries/pico-sdk/src/rp2_common/pico_double/double_v1_rom_shim.S.obj
                0x10004fa8                dadd_shim
 .text.dmul_shim
                0x10005104      0x15c CMakeFiles/w6x00_loopback.dir/__/__/libraries/pico-sdk/src/rp2_common/pico_double/double_v1_rom_shim.S.obj
                0x10005104                dmul_shim
 .text.ddiv_shim
                0x10005260      0x1b0 CMakeFiles/w6x00_loopback.dir/__/__/libraries/pico-sdk/src/rp2_common/pico_double/double_v1_rom_shim.S.obj
                0x10005260                ddiv_shim
 .text.double2uint_shim
                0x10005410        0xe CMakeFiles/w6x00_loopback.dir/__/__/libraries/pico-sdk/src/rp2_common/pico_double/double_v1_rom_shim.S.obj
                0x10005410                double2uint_shim
                0x10005412                double2ufix_shim
 .text.double2int64_shim
                0x1000541e       0x1a CMakeFiles/w6x00_loopback.dir/__/__/libraries/pico-sdk/src/rp2_common/pico_double/double_v1_rom_shim.S.obj
                0x1000541e                double2int64_shim
                0x10005420                double2fix64_shim
 .text.double2uint64_shim
                0x10005438       0x70 CMakeFiles/w6x00_loopback.dir/__/__/libraries/pico-sdk/src/rp2_common/pico_double/double_v1_rom_shim.S.obj
                0x10005438                double2uint64_shim
                0x1000543a                double2ufix64_shim
                0x1000545a                d2fix_a
 .text.double2float_shim
                0x100054a8       0x5c CMakeFiles/w6x00_loopback.dir/__/__/libraries/pico-sdk/src/rp2_common/pico_double/double_v1_rom_shim.S.obj
                0x100054a8                double2float_shim
 .text.x2double_shims
                0x10005504       0x90 CMakeFiles/w6x00_loopback.dir/__/__/libraries/pico-sdk/src/rp2_common/pico_double/double_v1_rom_shim.S.obj
                0x10005504                uint2double_shim
                0x10005506                ufix2double_shim
                0x1000550c                int2double_shim
                0x1000550e                fix2double_shim
                0x10005514                uint642double_shim
                0x10005516                ufix642double_shim
                0x1000551c                int642double_shim
                0x1000551e                fix642double_shim
 .text.dunpacks
                0x10005594       0x3c CMakeFiles/w6x00_loopback.dir/__/__/libraries/pico-sdk/src/rp2_common/pico_double/double_v1_rom_shim.S.obj
                0x10005594                dunpacks
 .text.__aeabi_lmul
                0x100055d0       0x32 CMakeFiles/w6x00_loopback.dir/__/__/libraries/pico-sdk/src/rp2_common/pico_int64_ops/pico_int64_ops_aeabi.S.obj
                0x100055d0                __wrap___aeabi_lmul
 *fill*         0x10005602        0x2 
 .text.__aeabi_float_init
                0x10005604       0xfc CMakeFiles/w6x00_loopback.dir/__/__/libraries/pico-sdk/src/rp2_common/pico_float/float_init_rom.c.obj
                0x10005604                __aeabi_float_init
 .text.float_table_shim_on_use_helper
                0x10005700       0x34 CMakeFiles/w6x00_loopback.dir/__/__/libraries/pico-sdk/src/rp2_common/pico_float/float_v1_rom_shim.S.obj
                0x10005700                float_table_shim_on_use_helper
 .text.__wrap_malloc
                0x10005734       0x24 CMakeFiles/w6x00_loopback.dir/__/__/libraries/pico-sdk/src/rp2_common/pico_malloc/pico_malloc.c.obj
                0x10005734                __wrap_malloc
 .text.__wrap_realloc
                0x10005758       0x24 CMakeFiles/w6x00_loopback.dir/__/__/libraries/pico-sdk/src/rp2_common/pico_malloc/pico_malloc.c.obj
                0x10005758                __wrap_realloc
 .text.__wrap_free
                0x1000577c        0x8 CMakeFiles/w6x00_loopback.dir/__/__/libraries/pico-sdk/src/rp2_common/pico_malloc/pico_malloc.c.obj
                0x1000577c                __wrap_free
 .text          0x10005784       0x10 CMakeFiles/w6x00_loopback.dir/__/__/libraries/pico-sdk/src/rp2_common/pico_mem_ops/mem_ops_aeabi.S.obj
                0x10005784                __aeabi_mem_init
 .text.memset   0x10005794        0xc CMakeFiles/w6x00_loopback.dir/__/__/libraries/pico-sdk/src/rp2_common/pico_mem_ops/mem_ops_aeabi.S.obj
                0x10005794                __wrap_memset
 .text.memcpy   0x100057a0        0xc CMakeFiles/w6x00_loopback.dir/__/__/libraries/pico-sdk/src/rp2_common/pico_mem_ops/mem_ops_aeabi.S.obj
                0x100057a0                __wrap_memcpy
                0x100057a0                __wrap___aeabi_memcpy
 .text.stdio_out_chars_no_crlf
                0x100057ac        0xe CMakeFiles/w6x00_loopback.dir/__/__/libraries/pico-sdk/src/rp2_common/pico_stdio/stdio.c.obj
 *fill*         0x100057ba        0x2 
 .text.stdio_out_chars_crlf
                0x100057bc       0x80 CMakeFiles/w6x00_loopback.dir/__/__/libraries/pico-sdk/src/rp2_common/pico_stdio/stdio.c.obj
 .text.stdio_stack_buffer_flush
                0x1000583c       0x44 CMakeFiles/w6x00_loopback.dir/__/__/libraries/pico-sdk/src/rp2_common/pico_stdio/stdio.c.obj
 .text.stdio_buffered_printer
                0x10005880       0x20 CMakeFiles/w6x00_loopback.dir/__/__/libraries/pico-sdk/src/rp2_common/pico_stdio/stdio.c.obj
 .text.stdout_serialize_begin
                0x100058a0       0x30 CMakeFiles/w6x00_loopback.dir/__/__/libraries/pico-sdk/src/rp2_common/pico_stdio/stdio.c.obj
                0x100058a0                stdout_serialize_begin
 .text.stdout_serialize_end
                0x100058d0       0x10 CMakeFiles/w6x00_loopback.dir/__/__/libraries/pico-sdk/src/rp2_common/pico_stdio/stdio.c.obj
                0x100058d0                stdout_serialize_end
 .text.stdio_put_string
                0x100058e0       0x98 CMakeFiles/w6x00_loopback.dir/__/__/libraries/pico-sdk/src/rp2_common/pico_stdio/stdio.c.obj
 .text.__wrap_putchar
                0x10005978       0x1c CMakeFiles/w6x00_loopback.dir/__/__/libraries/pico-sdk/src/rp2_common/pico_stdio/stdio.c.obj
                0x10005978                __wrap_putchar
 .text.stdio_set_driver_enabled
                0x10005994       0x2c CMakeFiles/w6x00_loopback.dir/__/__/libraries/pico-sdk/src/rp2_common/pico_stdio/stdio.c.obj
                0x10005994                stdio_set_driver_enabled
 .text.stdio_flush
                0x100059c0       0x20 CMakeFiles/w6x00_loopback.dir/__/__/libraries/pico-sdk/src/rp2_common/pico_stdio/stdio.c.obj
                0x100059c0                stdio_flush
 .text.__wrap_puts
                0x100059e0       0x1e CMakeFiles/w6x00_loopback.dir/__/__/libraries/pico-sdk/src/rp2_common/pico_stdio/stdio.c.obj
                0x100059e0                __wrap_puts
 *fill*         0x100059fe        0x2 
 .text.__wrap_vprintf
                0x10005a00       0x44 CMakeFiles/w6x00_loopback.dir/__/__/libraries/pico-sdk/src/rp2_common/pico_stdio/stdio.c.obj
                0x10005a00                __wrap_vprintf
 .text.__wrap_printf
                0x10005a44       0x18 CMakeFiles/w6x00_loopback.dir/__/__/libraries/pico-sdk/src/rp2_common/pico_stdio/stdio.c.obj
                0x10005a44                __wrap_printf
 .text.stdio_init_all
                0x10005a5c        0x8 CMakeFiles/w6x00_loopback.dir/__/__/libraries/pico-sdk/src/rp2_common/pico_stdio/stdio.c.obj
                0x10005a5c                stdio_init_all
 .text.resetd_init
                0x10005a64        0x2 CMakeFiles/w6x00_loopback.dir/__/__/libraries/pico-sdk/src/rp2_common/pico_stdio_usb/reset_interface.c.obj
 *fill*         0x10005a66        0x2 
 .text.resetd_reset
                0x10005a68        0xc CMakeFiles/w6x00_loopback.dir/__/__/libraries/pico-sdk/src/rp2_common/pico_stdio_usb/reset_interface.c.obj
 .text.resetd_open
                0x10005a74       0x34 CMakeFiles/w6x00_loopback.dir/__/__/libraries/pico-sdk/src/rp2_common/pico_stdio_usb/reset_interface.c.obj
 .text.resetd_xfer_cb
                0x10005aa8        0x4 CMakeFiles/w6x00_loopback.dir/__/__/libraries/pico-sdk/src/rp2_common/pico_stdio_usb/reset_interface.c.obj
 .text.reset_usb_boot
                0x10005aac       0x18 CMakeFiles/w6x00_loopback.dir/__/__/libraries/pico-sdk/src/rp2_common/pico_stdio_usb/reset_interface.c.obj
 .text.resetd_control_xfer_cb
                0x10005ac4       0x5c CMakeFiles/w6x00_loopback.dir/__/__/libraries/pico-sdk/src/rp2_common/pico_stdio_usb/reset_interface.c.obj
 .text.usbd_app_driver_get_cb
                0x10005b20        0xc CMakeFiles/w6x00_loopback.dir/__/__/libraries/pico-sdk/src/rp2_common/pico_stdio_usb/reset_interface.c.obj
                0x10005b20                usbd_app_driver_get_cb
 .text.tud_cdc_line_coding_cb
                0x10005b2c       0x28 CMakeFiles/w6x00_loopback.dir/__/__/libraries/pico-sdk/src/rp2_common/pico_stdio_usb/reset_interface.c.obj
                0x10005b2c                tud_cdc_line_coding_cb
 .text.stdio_usb_in_chars
                0x10005b54       0x70 CMakeFiles/w6x00_loopback.dir/__/__/libraries/pico-sdk/src/rp2_common/pico_stdio_usb/stdio_usb.c.obj
                0x10005b54                stdio_usb_in_chars
 .text.low_priority_worker_irq
                0x10005bc4       0x20 CMakeFiles/w6x00_loopback.dir/__/__/libraries/pico-sdk/src/rp2_common/pico_stdio_usb/stdio_usb.c.obj
 .text.stdio_usb_out_chars
                0x10005be4       0xd4 CMakeFiles/w6x00_loopback.dir/__/__/libraries/pico-sdk/src/rp2_common/pico_stdio_usb/stdio_usb.c.obj
 .text.timer_task
                0x10005cb8       0x40 CMakeFiles/w6x00_loopback.dir/__/__/libraries/pico-sdk/src/rp2_common/pico_stdio_usb/stdio_usb.c.obj
 .text.usb_irq  0x10005cf8       0x10 CMakeFiles/w6x00_loopback.dir/__/__/libraries/pico-sdk/src/rp2_common/pico_stdio_usb/stdio_usb.c.obj
 .text.stdio_usb_init
                0x10005d08       0xec CMakeFiles/w6x00_loopback.dir/__/__/libraries/pico-sdk/src/rp2_common/pico_stdio_usb/stdio_usb.c.obj
                0x10005d08                stdio_usb_init
 .text.tud_descriptor_device_cb
                0x10005df4        0x8 CMakeFiles/w6x00_loopback.dir/__/__/libraries/pico-sdk/src/rp2_common/pico_stdio_usb/stdio_usb_descriptors.c.obj
                0x10005df4                tud_descriptor_device_cb
 .text.tud_descriptor_configuration_cb
                0x10005dfc        0x8 CMakeFiles/w6x00_loopback.dir/__/__/libraries/pico-sdk/src/rp2_common/pico_stdio_usb/stdio_usb_descriptors.c.obj
                0x10005dfc                tud_descriptor_configuration_cb
 .text.tud_descriptor_string_cb
                0x10005e04       0x6c CMakeFiles/w6x00_loopback.dir/__/__/libraries/pico-sdk/src/rp2_common/pico_stdio_usb/stdio_usb_descriptors.c.obj
                0x10005e04                tud_descriptor_string_cb
 .text.hw_endpoint_get_by_addr
                0x10005e70       0x18 CMakeFiles/w6x00_loopback.dir/__/__/libraries/pico-sdk/lib/tinyusb/src/portable/raspberrypi/rp2040/dcd_rp2040.c.obj
 .text.reset_ep0_pid
                0x10005e88       0x28 CMakeFiles/w6x00_loopback.dir/__/__/libraries/pico-sdk/lib/tinyusb/src/portable/raspberrypi/rp2040/dcd_rp2040.c.obj
 .text._hw_endpoint_alloc
                0x10005eb0       0x70 CMakeFiles/w6x00_loopback.dir/__/__/libraries/pico-sdk/lib/tinyusb/src/portable/raspberrypi/rp2040/dcd_rp2040.c.obj
 .text.hw_endpoint_init
                0x10005f20       0x88 CMakeFiles/w6x00_loopback.dir/__/__/libraries/pico-sdk/lib/tinyusb/src/portable/raspberrypi/rp2040/dcd_rp2040.c.obj
 .text.reset_non_control_endpoints
                0x10005fa8       0x40 CMakeFiles/w6x00_loopback.dir/__/__/libraries/pico-sdk/lib/tinyusb/src/portable/raspberrypi/rp2040/dcd_rp2040.c.obj
 .text.hw_handle_buff_status
                0x10005fe8       0x8c CMakeFiles/w6x00_loopback.dir/__/__/libraries/pico-sdk/lib/tinyusb/src/portable/raspberrypi/rp2040/dcd_rp2040.c.obj
 .text.dcd_rp2040_irq
                0x10006074       0xc0 CMakeFiles/w6x00_loopback.dir/__/__/libraries/pico-sdk/lib/tinyusb/src/portable/raspberrypi/rp2040/dcd_rp2040.c.obj
 .text.hw_endpoint_xfer
                0x10006134       0x14 CMakeFiles/w6x00_loopback.dir/__/__/libraries/pico-sdk/lib/tinyusb/src/portable/raspberrypi/rp2040/dcd_rp2040.c.obj
 .text.dcd_int_enable
                0x10006148       0x2c CMakeFiles/w6x00_loopback.dir/__/__/libraries/pico-sdk/lib/tinyusb/src/portable/raspberrypi/rp2040/dcd_rp2040.c.obj
                0x10006148                dcd_int_enable
 .text.dcd_set_address
                0x10006174       0x2c CMakeFiles/w6x00_loopback.dir/__/__/libraries/pico-sdk/lib/tinyusb/src/portable/raspberrypi/rp2040/dcd_rp2040.c.obj
                0x10006174                dcd_set_address
 .text.dcd_connect
                0x100061a0       0x10 CMakeFiles/w6x00_loopback.dir/__/__/libraries/pico-sdk/lib/tinyusb/src/portable/raspberrypi/rp2040/dcd_rp2040.c.obj
                0x100061a0                dcd_connect
 .text.dcd_init
                0x100061b0       0x7c CMakeFiles/w6x00_loopback.dir/__/__/libraries/pico-sdk/lib/tinyusb/src/portable/raspberrypi/rp2040/dcd_rp2040.c.obj
                0x100061b0                dcd_init
 .text.dcd_edpt0_status_complete
                0x1000622c       0x1c CMakeFiles/w6x00_loopback.dir/__/__/libraries/pico-sdk/lib/tinyusb/src/portable/raspberrypi/rp2040/dcd_rp2040.c.obj
                0x1000622c                dcd_edpt0_status_complete
 .text.dcd_edpt_open
                0x10006248       0x40 CMakeFiles/w6x00_loopback.dir/__/__/libraries/pico-sdk/lib/tinyusb/src/portable/raspberrypi/rp2040/dcd_rp2040.c.obj
                0x10006248                dcd_edpt_open
 .text.dcd_edpt_close_all
                0x10006288        0x8 CMakeFiles/w6x00_loopback.dir/__/__/libraries/pico-sdk/lib/tinyusb/src/portable/raspberrypi/rp2040/dcd_rp2040.c.obj
                0x10006288                dcd_edpt_close_all
 .text.dcd_edpt_xfer
                0x10006290       0x30 CMakeFiles/w6x00_loopback.dir/__/__/libraries/pico-sdk/lib/tinyusb/src/portable/raspberrypi/rp2040/dcd_rp2040.c.obj
                0x10006290                dcd_edpt_xfer
 .text.dcd_edpt_stall
                0x100062c0       0x2c CMakeFiles/w6x00_loopback.dir/__/__/libraries/pico-sdk/lib/tinyusb/src/portable/raspberrypi/rp2040/dcd_rp2040.c.obj
                0x100062c0                dcd_edpt_stall
 .text.dcd_edpt_clear_stall
                0x100062ec       0x20 CMakeFiles/w6x00_loopback.dir/__/__/libraries/pico-sdk/lib/tinyusb/src/portable/raspberrypi/rp2040/dcd_rp2040.c.obj
                0x100062ec                dcd_edpt_clear_stall
 .text.prepare_ep_buffer
                0x1000630c       0x70 CMakeFiles/w6x00_loopback.dir/__/__/libraries/pico-sdk/lib/tinyusb/src/portable/raspberrypi/rp2040/rp2040_usb.c.obj
 .text.sync_ep_buffer
                0x1000637c       0x7c CMakeFiles/w6x00_loopback.dir/__/__/libraries/pico-sdk/lib/tinyusb/src/portable/raspberrypi/rp2040/rp2040_usb.c.obj
 .text._hw_endpoint_xfer_sync
                0x100063f8       0x28 CMakeFiles/w6x00_loopback.dir/__/__/libraries/pico-sdk/lib/tinyusb/src/portable/raspberrypi/rp2040/rp2040_usb.c.obj
 .text.rp2040_usb_init
                0x10006420       0x4c CMakeFiles/w6x00_loopback.dir/__/__/libraries/pico-sdk/lib/tinyusb/src/portable/raspberrypi/rp2040/rp2040_usb.c.obj
                0x10006420                rp2040_usb_init
 .text.hw_endpoint_reset_transfer
                0x1000646c        0xc CMakeFiles/w6x00_loopback.dir/__/__/libraries/pico-sdk/lib/tinyusb/src/portable/raspberrypi/rp2040/rp2040_usb.c.obj
                0x1000646c                hw_endpoint_reset_transfer
 .text._hw_endpoint_buffer_control_update32
                0x10006478       0x58 CMakeFiles/w6x00_loopback.dir/__/__/libraries/pico-sdk/lib/tinyusb/src/portable/raspberrypi/rp2040/rp2040_usb.c.obj
                0x10006478                _hw_endpoint_buffer_control_update32
 .text._hw_endpoint_start_next_buffer
                0x100064d0       0x74 CMakeFiles/w6x00_loopback.dir/__/__/libraries/pico-sdk/lib/tinyusb/src/portable/raspberrypi/rp2040/rp2040_usb.c.obj
 .text.hw_endpoint_xfer_start
                0x10006544       0x48 CMakeFiles/w6x00_loopback.dir/__/__/libraries/pico-sdk/lib/tinyusb/src/portable/raspberrypi/rp2040/rp2040_usb.c.obj
                0x10006544                hw_endpoint_xfer_start
 .text.hw_endpoint_xfer_continue
                0x1000658c       0x38 CMakeFiles/w6x00_loopback.dir/__/__/libraries/pico-sdk/lib/tinyusb/src/portable/raspberrypi/rp2040/rp2040_usb.c.obj
                0x1000658c                hw_endpoint_xfer_continue
 .text.configuration_reset
                0x100065c4       0x84 CMakeFiles/w6x00_loopback.dir/__/__/libraries/pico-sdk/lib/tinyusb/src/device/usbd.c.obj
 .text.usbd_reset
                0x10006648        0xc CMakeFiles/w6x00_loopback.dir/__/__/libraries/pico-sdk/lib/tinyusb/src/device/usbd.c.obj
 .text.invoke_class_control
                0x10006654       0x1a CMakeFiles/w6x00_loopback.dir/__/__/libraries/pico-sdk/lib/tinyusb/src/device/usbd.c.obj
 *fill*         0x1000666e        0x2 
 .text.process_set_config
                0x10006670      0x1b0 CMakeFiles/w6x00_loopback.dir/__/__/libraries/pico-sdk/lib/tinyusb/src/device/usbd.c.obj
 .text.process_get_descriptor
                0x10006820       0xec CMakeFiles/w6x00_loopback.dir/__/__/libraries/pico-sdk/lib/tinyusb/src/device/usbd.c.obj
 .text.tud_mounted
                0x1000690c       0x10 CMakeFiles/w6x00_loopback.dir/__/__/libraries/pico-sdk/lib/tinyusb/src/device/usbd.c.obj
                0x1000690c                tud_mounted
 .text.tud_suspended
                0x1000691c       0x10 CMakeFiles/w6x00_loopback.dir/__/__/libraries/pico-sdk/lib/tinyusb/src/device/usbd.c.obj
                0x1000691c                tud_suspended
 .text.tud_inited
                0x1000692c        0xc CMakeFiles/w6x00_loopback.dir/__/__/libraries/pico-sdk/lib/tinyusb/src/device/usbd.c.obj
                0x1000692c                tud_inited
 .text.tud_init
                0x10006938       0xcc CMakeFiles/w6x00_loopback.dir/__/__/libraries/pico-sdk/lib/tinyusb/src/device/usbd.c.obj
                0x10006938                tud_init
 .text.dcd_event_handler
                0x10006a04      0x1e0 CMakeFiles/w6x00_loopback.dir/__/__/libraries/pico-sdk/lib/tinyusb/src/device/usbd.c.obj
                0x10006a04                dcd_event_handler
 .text.dcd_event_bus_signal
                0x10006be4       0x26 CMakeFiles/w6x00_loopback.dir/__/__/libraries/pico-sdk/lib/tinyusb/src/device/usbd.c.obj
                0x10006be4                dcd_event_bus_signal
 .text.dcd_event_bus_reset
                0x10006c0a       0x2a CMakeFiles/w6x00_loopback.dir/__/__/libraries/pico-sdk/lib/tinyusb/src/device/usbd.c.obj
                0x10006c0a                dcd_event_bus_reset
 .text.dcd_event_setup_received
                0x10006c34       0x34 CMakeFiles/w6x00_loopback.dir/__/__/libraries/pico-sdk/lib/tinyusb/src/device/usbd.c.obj
                0x10006c34                dcd_event_setup_received
 .text.dcd_event_xfer_complete
                0x10006c68       0x44 CMakeFiles/w6x00_loopback.dir/__/__/libraries/pico-sdk/lib/tinyusb/src/device/usbd.c.obj
                0x10006c68                dcd_event_xfer_complete
 .text.usbd_edpt_open
                0x10006cac       0x58 CMakeFiles/w6x00_loopback.dir/__/__/libraries/pico-sdk/lib/tinyusb/src/device/usbd.c.obj
                0x10006cac                usbd_edpt_open
 .text.usbd_open_edpt_pair
                0x10006d04       0x8c CMakeFiles/w6x00_loopback.dir/__/__/libraries/pico-sdk/lib/tinyusb/src/device/usbd.c.obj
                0x10006d04                usbd_open_edpt_pair
 .text.usbd_edpt_claim
                0x10006d90       0x8c CMakeFiles/w6x00_loopback.dir/__/__/libraries/pico-sdk/lib/tinyusb/src/device/usbd.c.obj
                0x10006d90                usbd_edpt_claim
 .text.usbd_edpt_release
                0x10006e1c       0x68 CMakeFiles/w6x00_loopback.dir/__/__/libraries/pico-sdk/lib/tinyusb/src/device/usbd.c.obj
                0x10006e1c                usbd_edpt_release
 .text.usbd_edpt_xfer
                0x10006e84       0x80 CMakeFiles/w6x00_loopback.dir/__/__/libraries/pico-sdk/lib/tinyusb/src/device/usbd.c.obj
                0x10006e84                usbd_edpt_xfer
 .text.usbd_edpt_stall
                0x10006f04       0x40 CMakeFiles/w6x00_loopback.dir/__/__/libraries/pico-sdk/lib/tinyusb/src/device/usbd.c.obj
                0x10006f04                usbd_edpt_stall
 .text.usbd_edpt_clear_stall
                0x10006f44       0x40 CMakeFiles/w6x00_loopback.dir/__/__/libraries/pico-sdk/lib/tinyusb/src/device/usbd.c.obj
                0x10006f44                usbd_edpt_clear_stall
 .text.usbd_edpt_stalled
                0x10006f84       0x1c CMakeFiles/w6x00_loopback.dir/__/__/libraries/pico-sdk/lib/tinyusb/src/device/usbd.c.obj
                0x10006f84                usbd_edpt_stalled
 .text.process_control_request
                0x10006fa0      0x3b8 CMakeFiles/w6x00_loopback.dir/__/__/libraries/pico-sdk/lib/tinyusb/src/device/usbd.c.obj
 .text.tud_task
                0x10007358      0x218 CMakeFiles/w6x00_loopback.dir/__/__/libraries/pico-sdk/lib/tinyusb/src/device/usbd.c.obj
                0x10007358                tud_task
 .text._data_stage_xact
                0x10007570       0x58 CMakeFiles/w6x00_loopback.dir/__/__/libraries/pico-sdk/lib/tinyusb/src/device/usbd_control.c.obj
 .text.tud_control_status
                0x100075c8       0x38 CMakeFiles/w6x00_loopback.dir/__/__/libraries/pico-sdk/lib/tinyusb/src/device/usbd_control.c.obj
                0x100075c8                tud_control_status
 .text.tud_control_xfer
                0x10007600       0xa8 CMakeFiles/w6x00_loopback.dir/__/__/libraries/pico-sdk/lib/tinyusb/src/device/usbd_control.c.obj
                0x10007600                tud_control_xfer
 .text.usbd_control_reset
                0x100076a8       0x14 CMakeFiles/w6x00_loopback.dir/__/__/libraries/pico-sdk/lib/tinyusb/src/device/usbd_control.c.obj
                0x100076a8                usbd_control_reset
 .text.usbd_control_set_complete_callback
                0x100076bc        0xc CMakeFiles/w6x00_loopback.dir/__/__/libraries/pico-sdk/lib/tinyusb/src/device/usbd_control.c.obj
                0x100076bc                usbd_control_set_complete_callback
 .text.usbd_control_set_request
                0x100076c8       0x1c CMakeFiles/w6x00_loopback.dir/__/__/libraries/pico-sdk/lib/tinyusb/src/device/usbd_control.c.obj
                0x100076c8                usbd_control_set_request
 .text.usbd_control_xfer_cb
                0x100076e4       0xfc CMakeFiles/w6x00_loopback.dir/__/__/libraries/pico-sdk/lib/tinyusb/src/device/usbd_control.c.obj
                0x100076e4                usbd_control_xfer_cb
 .text._prep_out_transaction
                0x100077e0       0x46 CMakeFiles/w6x00_loopback.dir/__/__/libraries/pico-sdk/lib/tinyusb/src/class/cdc/cdc_device.c.obj
 *fill*         0x10007826        0x2 
 .text.tud_cdc_n_connected
                0x10007828       0x44 CMakeFiles/w6x00_loopback.dir/__/__/libraries/pico-sdk/lib/tinyusb/src/class/cdc/cdc_device.c.obj
                0x10007828                tud_cdc_n_connected
 .text.tud_cdc_n_available
                0x1000786c       0x18 CMakeFiles/w6x00_loopback.dir/__/__/libraries/pico-sdk/lib/tinyusb/src/class/cdc/cdc_device.c.obj
                0x1000786c                tud_cdc_n_available
 .text.tud_cdc_n_read
                0x10007884       0x28 CMakeFiles/w6x00_loopback.dir/__/__/libraries/pico-sdk/lib/tinyusb/src/class/cdc/cdc_device.c.obj
                0x10007884                tud_cdc_n_read
 .text.tud_cdc_n_write_flush
                0x100078ac       0xcc CMakeFiles/w6x00_loopback.dir/__/__/libraries/pico-sdk/lib/tinyusb/src/class/cdc/cdc_device.c.obj
                0x100078ac                tud_cdc_n_write_flush
 .text.tud_cdc_n_write
                0x10007978       0x38 CMakeFiles/w6x00_loopback.dir/__/__/libraries/pico-sdk/lib/tinyusb/src/class/cdc/cdc_device.c.obj
                0x10007978                tud_cdc_n_write
 .text.tud_cdc_n_write_available
                0x100079b0       0x1c CMakeFiles/w6x00_loopback.dir/__/__/libraries/pico-sdk/lib/tinyusb/src/class/cdc/cdc_device.c.obj
                0x100079b0                tud_cdc_n_write_available
 .text.cdcd_init
                0x100079cc       0xbc CMakeFiles/w6x00_loopback.dir/__/__/libraries/pico-sdk/lib/tinyusb/src/class/cdc/cdc_device.c.obj
                0x100079cc                cdcd_init
 .text.cdcd_reset
                0x10007a88       0x44 CMakeFiles/w6x00_loopback.dir/__/__/libraries/pico-sdk/lib/tinyusb/src/class/cdc/cdc_device.c.obj
                0x10007a88                cdcd_reset
 .text.cdcd_open
                0x10007acc       0xf8 CMakeFiles/w6x00_loopback.dir/__/__/libraries/pico-sdk/lib/tinyusb/src/class/cdc/cdc_device.c.obj
                0x10007acc                cdcd_open
 .text.cdcd_control_xfer_cb
                0x10007bc4      0x134 CMakeFiles/w6x00_loopback.dir/__/__/libraries/pico-sdk/lib/tinyusb/src/class/cdc/cdc_device.c.obj
                0x10007bc4                cdcd_control_xfer_cb
 .text.cdcd_xfer_cb
                0x10007cf8      0x144 CMakeFiles/w6x00_loopback.dir/__/__/libraries/pico-sdk/lib/tinyusb/src/class/cdc/cdc_device.c.obj
                0x10007cf8                cdcd_xfer_cb
 .text.tusb_init
                0x10007e3c       0x24 CMakeFiles/w6x00_loopback.dir/__/__/libraries/pico-sdk/lib/tinyusb/src/tusb.c.obj
                0x10007e3c                tusb_init
 .text.tusb_inited
                0x10007e60        0xe CMakeFiles/w6x00_loopback.dir/__/__/libraries/pico-sdk/lib/tinyusb/src/tusb.c.obj
                0x10007e60                tusb_inited
 *fill*         0x10007e6e        0x2 
 .text.tu_edpt_validate
                0x10007e70       0xa8 CMakeFiles/w6x00_loopback.dir/__/__/libraries/pico-sdk/lib/tinyusb/src/tusb.c.obj
                0x10007e70                tu_edpt_validate
 .text.tu_edpt_bind_driver
                0x10007f18       0x2a CMakeFiles/w6x00_loopback.dir/__/__/libraries/pico-sdk/lib/tinyusb/src/tusb.c.obj
                0x10007f18                tu_edpt_bind_driver
 .text.advance_pointer
                0x10007f42       0x18 CMakeFiles/w6x00_loopback.dir/__/__/libraries/pico-sdk/lib/tinyusb/src/common/tusb_fifo.c.obj
 .text.backward_pointer
                0x10007f5a       0x1e CMakeFiles/w6x00_loopback.dir/__/__/libraries/pico-sdk/lib/tinyusb/src/common/tusb_fifo.c.obj
 .text.get_relative_pointer
                0x10007f78       0x10 CMakeFiles/w6x00_loopback.dir/__/__/libraries/pico-sdk/lib/tinyusb/src/common/tusb_fifo.c.obj
 .text._tu_fifo_peek
                0x10007f88       0x50 CMakeFiles/w6x00_loopback.dir/__/__/libraries/pico-sdk/lib/tinyusb/src/common/tusb_fifo.c.obj
 .text._ff_pull_const_addr
                0x10007fd8       0x4c CMakeFiles/w6x00_loopback.dir/__/__/libraries/pico-sdk/lib/tinyusb/src/common/tusb_fifo.c.obj
 .text._ff_pull_n
                0x10008024      0x10c CMakeFiles/w6x00_loopback.dir/__/__/libraries/pico-sdk/lib/tinyusb/src/common/tusb_fifo.c.obj
 .text._tu_fifo_peek_n
                0x10008130       0x5e CMakeFiles/w6x00_loopback.dir/__/__/libraries/pico-sdk/lib/tinyusb/src/common/tusb_fifo.c.obj
 .text._tu_fifo_read_n
                0x1000818e       0x4e CMakeFiles/w6x00_loopback.dir/__/__/libraries/pico-sdk/lib/tinyusb/src/common/tusb_fifo.c.obj
 .text._ff_push_const_addr
                0x100081dc       0x40 CMakeFiles/w6x00_loopback.dir/__/__/libraries/pico-sdk/lib/tinyusb/src/common/tusb_fifo.c.obj
 .text._ff_push_n
                0x1000821c      0x108 CMakeFiles/w6x00_loopback.dir/__/__/libraries/pico-sdk/lib/tinyusb/src/common/tusb_fifo.c.obj
 .text._tu_fifo_write_n
                0x10008324       0x9e CMakeFiles/w6x00_loopback.dir/__/__/libraries/pico-sdk/lib/tinyusb/src/common/tusb_fifo.c.obj
 .text.tu_fifo_config
                0x100083c2       0x72 CMakeFiles/w6x00_loopback.dir/__/__/libraries/pico-sdk/lib/tinyusb/src/common/tusb_fifo.c.obj
                0x100083c2                tu_fifo_config
 .text.tu_fifo_count
                0x10008434       0x26 CMakeFiles/w6x00_loopback.dir/__/__/libraries/pico-sdk/lib/tinyusb/src/common/tusb_fifo.c.obj
                0x10008434                tu_fifo_count
 .text.tu_fifo_empty
                0x1000845a       0x10 CMakeFiles/w6x00_loopback.dir/__/__/libraries/pico-sdk/lib/tinyusb/src/common/tusb_fifo.c.obj
                0x1000845a                tu_fifo_empty
 .text.tu_fifo_remaining
                0x1000846a       0x20 CMakeFiles/w6x00_loopback.dir/__/__/libraries/pico-sdk/lib/tinyusb/src/common/tusb_fifo.c.obj
                0x1000846a                tu_fifo_remaining
 .text.tu_fifo_read
                0x1000848a       0x42 CMakeFiles/w6x00_loopback.dir/__/__/libraries/pico-sdk/lib/tinyusb/src/common/tusb_fifo.c.obj
                0x1000848a                tu_fifo_read
 .text.tu_fifo_read_n
                0x100084cc        0xa CMakeFiles/w6x00_loopback.dir/__/__/libraries/pico-sdk/lib/tinyusb/src/common/tusb_fifo.c.obj
                0x100084cc                tu_fifo_read_n
 .text.tu_fifo_write
                0x100084d6       0x6c CMakeFiles/w6x00_loopback.dir/__/__/libraries/pico-sdk/lib/tinyusb/src/common/tusb_fifo.c.obj
                0x100084d6                tu_fifo_write
 .text.tu_fifo_write_n
                0x10008542        0xa CMakeFiles/w6x00_loopback.dir/__/__/libraries/pico-sdk/lib/tinyusb/src/common/tusb_fifo.c.obj
                0x10008542                tu_fifo_write_n
 .text.tu_fifo_clear
                0x1000854c       0x4c CMakeFiles/w6x00_loopback.dir/__/__/libraries/pico-sdk/lib/tinyusb/src/common/tusb_fifo.c.obj
                0x1000854c                tu_fifo_clear
 .text.tu_fifo_set_overwritable
                0x10008598       0x3c CMakeFiles/w6x00_loopback.dir/__/__/libraries/pico-sdk/lib/tinyusb/src/common/tusb_fifo.c.obj
                0x10008598                tu_fifo_set_overwritable
 .text._retrieve_unique_id_on_boot
                0x100085d4       0x10 CMakeFiles/w6x00_loopback.dir/__/__/libraries/pico-sdk/src/rp2_common/pico_unique_id/unique_id.c.obj
 .text.pico_get_unique_board_id_string
                0x100085e4       0x60 CMakeFiles/w6x00_loopback.dir/__/__/libraries/pico-sdk/src/rp2_common/pico_unique_id/unique_id.c.obj
                0x100085e4                pico_get_unique_board_id_string
 .text.flash_get_unique_id
                0x10008644       0x46 CMakeFiles/w6x00_loopback.dir/__/__/libraries/pico-sdk/src/rp2_common/hardware_flash/flash.c.obj
                0x10008644                flash_get_unique_id
 .text.spi_set_baudrate
                0x1000868a       0x92 CMakeFiles/w6x00_loopback.dir/__/__/libraries/pico-sdk/src/rp2_common/hardware_spi/spi.c.obj
                0x1000868a                spi_set_baudrate
 .text.spi_init
                0x1000871c       0x68 CMakeFiles/w6x00_loopback.dir/__/__/libraries/pico-sdk/src/rp2_common/hardware_spi/spi.c.obj
                0x1000871c                spi_init
 .text.close    0x10008784       0x80 CMakeFiles/w6x00_loopback.dir/__/__/libraries/io6Library/Ethernet/socket.c.obj
                0x10008784                close
 .text.socket   0x10008804      0x214 CMakeFiles/w6x00_loopback.dir/__/__/libraries/io6Library/Ethernet/socket.c.obj
                0x10008804                socket
 .text.listen   0x10008a18       0x5e CMakeFiles/w6x00_loopback.dir/__/__/libraries/io6Library/Ethernet/socket.c.obj
                0x10008a18                listen
 *fill*         0x10008a76        0x2 
 .text.disconnect
                0x10008a78       0x90 CMakeFiles/w6x00_loopback.dir/__/__/libraries/io6Library/Ethernet/socket.c.obj
                0x10008a78                disconnect
 .text.send     0x10008b08      0x10c CMakeFiles/w6x00_loopback.dir/__/__/libraries/io6Library/Ethernet/socket.c.obj
                0x10008b08                send
 .text.recv     0x10008c14       0x94 CMakeFiles/w6x00_loopback.dir/__/__/libraries/io6Library/Ethernet/socket.c.obj
                0x10008c14                recv
 .text.ctlsocket
                0x10008ca8      0x150 CMakeFiles/w6x00_loopback.dir/__/__/libraries/io6Library/Ethernet/socket.c.obj
                0x10008ca8                ctlsocket
 .text.getsockopt
                0x10008df8      0x24c CMakeFiles/w6x00_loopback.dir/__/__/libraries/io6Library/Ethernet/socket.c.obj
                0x10008df8                getsockopt
 .text.wizchip_cris_enter
                0x10009044        0x2 CMakeFiles/w6x00_loopback.dir/__/__/libraries/io6Library/Ethernet/wizchip_conf.c.obj
                0x10009044                wizchip_cris_enter
 .text.wizchip_cris_exit
                0x10009046        0x2 CMakeFiles/w6x00_loopback.dir/__/__/libraries/io6Library/Ethernet/wizchip_conf.c.obj
                0x10009046                wizchip_cris_exit
 .text.wizchip_cs_select
                0x10009048        0x2 CMakeFiles/w6x00_loopback.dir/__/__/libraries/io6Library/Ethernet/wizchip_conf.c.obj
                0x10009048                wizchip_cs_select
 .text.wizchip_cs_deselect
                0x1000904a        0x2 CMakeFiles/w6x00_loopback.dir/__/__/libraries/io6Library/Ethernet/wizchip_conf.c.obj
                0x1000904a                wizchip_cs_deselect
 .text.wizchip_spi_read
                0x1000904c        0x4 CMakeFiles/w6x00_loopback.dir/__/__/libraries/io6Library/Ethernet/wizchip_conf.c.obj
                0x1000904c                wizchip_spi_read
 .text.wizchip_spi_write
                0x10009050        0x2 CMakeFiles/w6x00_loopback.dir/__/__/libraries/io6Library/Ethernet/wizchip_conf.c.obj
                0x10009050                wizchip_spi_write
 *fill*         0x10009052        0x2 
 .text.wizchip_spi_read_buf
                0x10009054       0x24 CMakeFiles/w6x00_loopback.dir/__/__/libraries/io6Library/Ethernet/wizchip_conf.c.obj
                0x10009054                wizchip_spi_read_buf
 .text.wizchip_spi_write_buf
                0x10009078       0x24 CMakeFiles/w6x00_loopback.dir/__/__/libraries/io6Library/Ethernet/wizchip_conf.c.obj
                0x10009078                wizchip_spi_write_buf
 .text.reg_wizchip_cris_cbfunc
                0x1000909c       0x30 CMakeFiles/w6x00_loopback.dir/__/__/libraries/io6Library/Ethernet/wizchip_conf.c.obj
                0x1000909c                reg_wizchip_cris_cbfunc
 .text.reg_wizchip_cs_cbfunc
                0x100090cc       0x30 CMakeFiles/w6x00_loopback.dir/__/__/libraries/io6Library/Ethernet/wizchip_conf.c.obj
                0x100090cc                reg_wizchip_cs_cbfunc
 .text.reg_wizchip_spi_cbfunc
                0x100090fc       0x60 CMakeFiles/w6x00_loopback.dir/__/__/libraries/io6Library/Ethernet/wizchip_conf.c.obj
                0x100090fc                reg_wizchip_spi_cbfunc
 .text.wizchip_sw_reset
                0x1000915c      0x144 CMakeFiles/w6x00_loopback.dir/__/__/libraries/io6Library/Ethernet/wizchip_conf.c.obj
                0x1000915c                wizchip_sw_reset
 .text.wizchip_init
                0x100092a0       0x96 CMakeFiles/w6x00_loopback.dir/__/__/libraries/io6Library/Ethernet/wizchip_conf.c.obj
                0x100092a0                wizchip_init
 *fill*         0x10009336        0x2 
 .text.wizchip_clrinterrupt
                0x10009338       0x4c CMakeFiles/w6x00_loopback.dir/__/__/libraries/io6Library/Ethernet/wizchip_conf.c.obj
                0x10009338                wizchip_clrinterrupt
 .text.wizchip_getinterrupt
                0x10009384       0x28 CMakeFiles/w6x00_loopback.dir/__/__/libraries/io6Library/Ethernet/wizchip_conf.c.obj
                0x10009384                wizchip_getinterrupt
 .text.wizchip_setinterruptmask
                0x100093ac       0x30 CMakeFiles/w6x00_loopback.dir/__/__/libraries/io6Library/Ethernet/wizchip_conf.c.obj
                0x100093ac                wizchip_setinterruptmask
 .text.wizchip_getinterruptmask
                0x100093dc       0x2c CMakeFiles/w6x00_loopback.dir/__/__/libraries/io6Library/Ethernet/wizchip_conf.c.obj
                0x100093dc                wizchip_getinterruptmask
 .text.wizphy_getphylink
                0x10009408       0x12 CMakeFiles/w6x00_loopback.dir/__/__/libraries/io6Library/Ethernet/wizchip_conf.c.obj
                0x10009408                wizphy_getphylink
 *fill*         0x1000941a        0x2 
 .text.wizphy_reset
                0x1000941c       0x34 CMakeFiles/w6x00_loopback.dir/__/__/libraries/io6Library/Ethernet/wizchip_conf.c.obj
                0x1000941c                wizphy_reset
 .text.wizphy_setphyconf
                0x10009450       0x68 CMakeFiles/w6x00_loopback.dir/__/__/libraries/io6Library/Ethernet/wizchip_conf.c.obj
                0x10009450                wizphy_setphyconf
 .text.wizphy_getphyconf
                0x100094b8       0x44 CMakeFiles/w6x00_loopback.dir/__/__/libraries/io6Library/Ethernet/wizchip_conf.c.obj
                0x100094b8                wizphy_getphyconf
 .text.wizphy_getphystatus
                0x100094fc       0x44 CMakeFiles/w6x00_loopback.dir/__/__/libraries/io6Library/Ethernet/wizchip_conf.c.obj
                0x100094fc                wizphy_getphystatus
 .text.wizphy_setphypmode
                0x10009540       0x2c CMakeFiles/w6x00_loopback.dir/__/__/libraries/io6Library/Ethernet/wizchip_conf.c.obj
                0x10009540                wizphy_setphypmode
 .text.wizphy_getphypmode
                0x1000956c       0x18 CMakeFiles/w6x00_loopback.dir/__/__/libraries/io6Library/Ethernet/wizchip_conf.c.obj
                0x1000956c                wizphy_getphypmode
 .text.ctlwizchip
                0x10009584      0x22c CMakeFiles/w6x00_loopback.dir/__/__/libraries/io6Library/Ethernet/wizchip_conf.c.obj
                0x10009584                ctlwizchip
 .text.wizchip_setnetinfo
                0x100097b0       0xc4 CMakeFiles/w6x00_loopback.dir/__/__/libraries/io6Library/Ethernet/wizchip_conf.c.obj
                0x100097b0                wizchip_setnetinfo
 .text.wizchip_getnetinfo
                0x10009874       0xc4 CMakeFiles/w6x00_loopback.dir/__/__/libraries/io6Library/Ethernet/wizchip_conf.c.obj
                0x10009874                wizchip_getnetinfo
 .text.wizchip_setnetmode
                0x10009938       0x38 CMakeFiles/w6x00_loopback.dir/__/__/libraries/io6Library/Ethernet/wizchip_conf.c.obj
                0x10009938                wizchip_setnetmode
 .text.wizchip_getnetmode
                0x10009970       0x30 CMakeFiles/w6x00_loopback.dir/__/__/libraries/io6Library/Ethernet/wizchip_conf.c.obj
                0x10009970                wizchip_getnetmode
 .text.wizchip_settimeout
                0x100099a0       0x50 CMakeFiles/w6x00_loopback.dir/__/__/libraries/io6Library/Ethernet/wizchip_conf.c.obj
                0x100099a0                wizchip_settimeout
 .text.wizchip_gettimeout
                0x100099f0       0x5c CMakeFiles/w6x00_loopback.dir/__/__/libraries/io6Library/Ethernet/wizchip_conf.c.obj
                0x100099f0                wizchip_gettimeout
 .text.ctlnetwork
                0x10009a4c       0x74 CMakeFiles/w6x00_loopback.dir/__/__/libraries/io6Library/Ethernet/wizchip_conf.c.obj
                0x10009a4c                ctlnetwork
 .text.WIZCHIP_WRITE
                0x10009ac0       0x3c CMakeFiles/w6x00_loopback.dir/__/__/libraries/io6Library/Ethernet/W6100/w6100.c.obj
                0x10009ac0                WIZCHIP_WRITE
 .text.WIZCHIP_READ
                0x10009afc       0x3c CMakeFiles/w6x00_loopback.dir/__/__/libraries/io6Library/Ethernet/W6100/w6100.c.obj
                0x10009afc                WIZCHIP_READ
 .text.WIZCHIP_WRITE_BUF
                0x10009b38       0x48 CMakeFiles/w6x00_loopback.dir/__/__/libraries/io6Library/Ethernet/W6100/w6100.c.obj
                0x10009b38                WIZCHIP_WRITE_BUF
 .text.WIZCHIP_READ_BUF
                0x10009b80       0x40 CMakeFiles/w6x00_loopback.dir/__/__/libraries/io6Library/Ethernet/W6100/w6100.c.obj
                0x10009b80                WIZCHIP_READ_BUF
 .text.getSn_TX_FSR
                0x10009bc0       0x38 CMakeFiles/w6x00_loopback.dir/__/__/libraries/io6Library/Ethernet/W6100/w6100.c.obj
                0x10009bc0                getSn_TX_FSR
 .text.getSn_RX_RSR
                0x10009bf8       0x38 CMakeFiles/w6x00_loopback.dir/__/__/libraries/io6Library/Ethernet/W6100/w6100.c.obj
                0x10009bf8                getSn_RX_RSR
 .text.wiz_send_data
                0x10009c30       0x70 CMakeFiles/w6x00_loopback.dir/__/__/libraries/io6Library/Ethernet/W6100/w6100.c.obj
                0x10009c30                wiz_send_data
 .text.wiz_recv_data
                0x10009ca0       0x74 CMakeFiles/w6x00_loopback.dir/__/__/libraries/io6Library/Ethernet/W6100/w6100.c.obj
                0x10009ca0                wiz_recv_data
 .text.wizchip_select
                0x10009d14        0xc CMakeFiles/w6x00_loopback.dir/__/__/port/io6Library/src/w6x00_spi.c.obj
 .text.wizchip_deselect
                0x10009d20        0xc CMakeFiles/w6x00_loopback.dir/__/__/port/io6Library/src/w6x00_spi.c.obj
 .text.wizchip_critical_section_unlock
                0x10009d2c       0x18 CMakeFiles/w6x00_loopback.dir/__/__/port/io6Library/src/w6x00_spi.c.obj
 .text.wizchip_critical_section_lock
                0x10009d44       0x20 CMakeFiles/w6x00_loopback.dir/__/__/port/io6Library/src/w6x00_spi.c.obj
 .text.wizchip_write_buf
                0x10009d64       0x14 CMakeFiles/w6x00_loopback.dir/__/__/port/io6Library/src/w6x00_spi.c.obj
 .text.wizchip_write
                0x10009d78       0x1c CMakeFiles/w6x00_loopback.dir/__/__/port/io6Library/src/w6x00_spi.c.obj
 .text.wizchip_read_buf
                0x10009d94       0x14 CMakeFiles/w6x00_loopback.dir/__/__/port/io6Library/src/w6x00_spi.c.obj
 .text.wizchip_read
                0x10009da8       0x24 CMakeFiles/w6x00_loopback.dir/__/__/port/io6Library/src/w6x00_spi.c.obj
 .text.wizchip_reset
                0x10009dcc       0x1e CMakeFiles/w6x00_loopback.dir/__/__/port/io6Library/src/w6x00_spi.c.obj
                0x10009dcc                wizchip_reset
 *fill*         0x10009dea        0x2 
 .text.wizchip_spi_initialize
                0x10009dec       0x40 CMakeFiles/w6x00_loopback.dir/__/__/port/io6Library/src/w6x00_spi.c.obj
                0x10009dec                wizchip_spi_initialize
 .text.wizchip_cris_initialize
                0x10009e2c       0x20 CMakeFiles/w6x00_loopback.dir/__/__/port/io6Library/src/w6x00_spi.c.obj
                0x10009e2c                wizchip_cris_initialize
 .text.wizchip_initialize
                0x10009e4c       0x8c CMakeFiles/w6x00_loopback.dir/__/__/port/io6Library/src/w6x00_spi.c.obj
                0x10009e4c                wizchip_initialize
 .text.wizchip_check
                0x10009ed8       0x3c CMakeFiles/w6x00_loopback.dir/__/__/port/io6Library/src/w6x00_spi.c.obj
                0x10009ed8                wizchip_check
 .text.network_initialize
                0x10009f14       0x2c CMakeFiles/w6x00_loopback.dir/__/__/port/io6Library/src/w6x00_spi.c.obj
                0x10009f14                network_initialize
 .text.print_ipv6_addr
                0x10009f40       0x78 CMakeFiles/w6x00_loopback.dir/__/__/port/io6Library/src/w6x00_spi.c.obj
                0x10009f40                print_ipv6_addr
 .text.print_network_information
                0x10009fb8      0x124 CMakeFiles/w6x00_loopback.dir/__/__/port/io6Library/src/w6x00_spi.c.obj
                0x10009fb8                print_network_information
 .text.wizchip_1ms_timer_callback
                0x1000a0dc       0x14 CMakeFiles/w6x00_loopback.dir/__/__/port/timer/timer.c.obj
                0x1000a0dc                wizchip_1ms_timer_callback
 .text.wizchip_1ms_timer_initialize
                0x1000a0f0       0x38 CMakeFiles/w6x00_loopback.dir/__/__/port/timer/timer.c.obj
                0x1000a0f0                wizchip_1ms_timer_initialize
 .text._calloc_r
                0x1000a128       0x9c c:/progra~1/raspbe~1/picosd~1.1/gcc-ar~1/bin/../lib/gcc/arm-none-eabi/10.3.1/../../../../arm-none-eabi/lib/thumb/v6-m/nofp\libg.a(lib_a-callocr.o)
                0x1000a128                _calloc_r
 .text.__errno  0x1000a1c4        0xc c:/progra~1/raspbe~1/picosd~1.1/gcc-ar~1/bin/../lib/gcc/arm-none-eabi/10.3.1/../../../../arm-none-eabi/lib/thumb/v6-m/nofp\libg.a(lib_a-errno.o)
                0x1000a1c4                __errno
 .text.malloc   0x1000a1d0       0x14 c:/progra~1/raspbe~1/picosd~1.1/gcc-ar~1/bin/../lib/gcc/arm-none-eabi/10.3.1/../../../../arm-none-eabi/lib/thumb/v6-m/nofp\libg.a(lib_a-malloc.o)
                0x1000a1d0                malloc
 .text.free     0x1000a1e4       0x14 c:/progra~1/raspbe~1/picosd~1.1/gcc-ar~1/bin/../lib/gcc/arm-none-eabi/10.3.1/../../../../arm-none-eabi/lib/thumb/v6-m/nofp\libg.a(lib_a-malloc.o)
                0x1000a1e4                free
 .text._malloc_r
                0x1000a1f8      0x584 c:/progra~1/raspbe~1/picosd~1.1/gcc-ar~1/bin/../lib/gcc/arm-none-eabi/10.3.1/../../../../arm-none-eabi/lib/thumb/v6-m/nofp\libg.a(lib_a-mallocr.o)
                0x1000a1f8                _malloc_r
 .text.__malloc_lock
                0x1000a77c       0x10 c:/progra~1/raspbe~1/picosd~1.1/gcc-ar~1/bin/../lib/gcc/arm-none-eabi/10.3.1/../../../../arm-none-eabi/lib/thumb/v6-m/nofp\libg.a(lib_a-mlock.o)
                0x1000a77c                __malloc_lock
 .text.__malloc_unlock
                0x1000a78c       0x10 c:/progra~1/raspbe~1/picosd~1.1/gcc-ar~1/bin/../lib/gcc/arm-none-eabi/10.3.1/../../../../arm-none-eabi/lib/thumb/v6-m/nofp\libg.a(lib_a-mlock.o)
                0x1000a78c                __malloc_unlock
 .text.realloc  0x1000a79c       0x18 c:/progra~1/raspbe~1/picosd~1.1/gcc-ar~1/bin/../lib/gcc/arm-none-eabi/10.3.1/../../../../arm-none-eabi/lib/thumb/v6-m/nofp\libg.a(lib_a-realloc.o)
                0x1000a79c                realloc
 .text._realloc_r
                0x1000a7b4      0x354 c:/progra~1/raspbe~1/picosd~1.1/gcc-ar~1/bin/../lib/gcc/arm-none-eabi/10.3.1/../../../../arm-none-eabi/lib/thumb/v6-m/nofp\libg.a(lib_a-reallocr.o)
                0x1000a7b4                _realloc_r
 .text._sbrk_r  0x1000ab08       0x24 c:/progra~1/raspbe~1/picosd~1.1/gcc-ar~1/bin/../lib/gcc/arm-none-eabi/10.3.1/../../../../arm-none-eabi/lib/thumb/v6-m/nofp\libg.a(lib_a-sbrkr.o)
                0x1000ab08                _sbrk_r
 .text.sscanf   0x1000ab2c       0x50 c:/progra~1/raspbe~1/picosd~1.1/gcc-ar~1/bin/../lib/gcc/arm-none-eabi/10.3.1/../../../../arm-none-eabi/lib/thumb/v6-m/nofp\libg.a(lib_a-sscanf.o)
                0x1000ab2c                sscanf
 .text.__seofread
                0x1000ab7c        0x4 c:/progra~1/raspbe~1/picosd~1.1/gcc-ar~1/bin/../lib/gcc/arm-none-eabi/10.3.1/../../../../arm-none-eabi/lib/thumb/v6-m/nofp\libg.a(lib_a-stdio.o)
                0x1000ab7c                __seofread
 .text.strlen   0x1000ab80       0x5c c:/progra~1/raspbe~1/picosd~1.1/gcc-ar~1/bin/../lib/gcc/arm-none-eabi/10.3.1/../../../../arm-none-eabi/lib/thumb/v6-m/nofp\libg.a(lib_a-strlen-stub.o)
                0x1000ab80                strlen
 .text.__ssvfscanf_r
                0x1000abdc     0x17a0 c:/progra~1/raspbe~1/picosd~1.1/gcc-ar~1/bin/../lib/gcc/arm-none-eabi/10.3.1/../../../../arm-none-eabi/lib/thumb/v6-m/nofp\libg.a(lib_a-svfscanf.o)
                0x1000abdc                __ssvfscanf_r
 .text._malloc_trim_r
                0x1000c37c       0x9c c:/progra~1/raspbe~1/picosd~1.1/gcc-ar~1/bin/../lib/gcc/arm-none-eabi/10.3.1/../../../../arm-none-eabi/lib/thumb/v6-m/nofp\libg.a(lib_a-freer.o)
                0x1000c37c                _malloc_trim_r
 .text._free_r  0x1000c418      0x1c4 c:/progra~1/raspbe~1/picosd~1.1/gcc-ar~1/bin/../lib/gcc/arm-none-eabi/10.3.1/../../../../arm-none-eabi/lib/thumb/v6-m/nofp\libg.a(lib_a-freer.o)
                0x1000c418                _free_r
 .text.iswspace
                0x1000c5dc        0xc c:/progra~1/raspbe~1/picosd~1.1/gcc-ar~1/bin/../lib/gcc/arm-none-eabi/10.3.1/../../../../arm-none-eabi/lib/thumb/v6-m/nofp\libg.a(lib_a-iswspace.o)
                0x1000c5dc                iswspace
 .text.iswspace_l
                0x1000c5e8       0x18 c:/progra~1/raspbe~1/picosd~1.1/gcc-ar~1/bin/../lib/gcc/arm-none-eabi/10.3.1/../../../../arm-none-eabi/lib/thumb/v6-m/nofp\libg.a(lib_a-iswspace_l.o)
                0x1000c5e8                iswspace_l
 .text.__locale_mb_cur_max
                0x1000c600       0x10 c:/progra~1/raspbe~1/picosd~1.1/gcc-ar~1/bin/../lib/gcc/arm-none-eabi/10.3.1/../../../../arm-none-eabi/lib/thumb/v6-m/nofp\libg.a(lib_a-locale.o)
                0x1000c600                __locale_mb_cur_max
 .text._localeconv_r
                0x1000c610        0x8 c:/progra~1/raspbe~1/picosd~1.1/gcc-ar~1/bin/../lib/gcc/arm-none-eabi/10.3.1/../../../../arm-none-eabi/lib/thumb/v6-m/nofp\libg.a(lib_a-localeconv.o)
                0x1000c610                _localeconv_r
 .text.__retarget_lock_acquire_recursive
                0x1000c618        0x4 c:/progra~1/raspbe~1/picosd~1.1/gcc-ar~1/bin/../lib/gcc/arm-none-eabi/10.3.1/../../../../arm-none-eabi/lib/thumb/v6-m/nofp\libg.a(lib_a-lock.o)
                0x1000c618                __retarget_lock_acquire_recursive
 .text.__retarget_lock_release_recursive
                0x1000c61c        0x4 c:/progra~1/raspbe~1/picosd~1.1/gcc-ar~1/bin/../lib/gcc/arm-none-eabi/10.3.1/../../../../arm-none-eabi/lib/thumb/v6-m/nofp\libg.a(lib_a-lock.o)
                0x1000c61c                __retarget_lock_release_recursive
 .text._mbrtowc_r
                0x1000c620       0x4c c:/progra~1/raspbe~1/picosd~1.1/gcc-ar~1/bin/../lib/gcc/arm-none-eabi/10.3.1/../../../../arm-none-eabi/lib/thumb/v6-m/nofp\libg.a(lib_a-mbrtowc.o)
                0x1000c620                _mbrtowc_r
 .text.__ascii_mbtowc
                0x1000c66c       0x2c c:/progra~1/raspbe~1/picosd~1.1/gcc-ar~1/bin/../lib/gcc/arm-none-eabi/10.3.1/../../../../arm-none-eabi/lib/thumb/v6-m/nofp\libg.a(lib_a-mbtowc_r.o)
                0x1000c66c                __ascii_mbtowc
 .text.memmove  0x1000c698       0xac c:/progra~1/raspbe~1/picosd~1.1/gcc-ar~1/bin/../lib/gcc/arm-none-eabi/10.3.1/../../../../arm-none-eabi/lib/thumb/v6-m/nofp\libg.a(lib_a-memmove.o)
                0x1000c698                memmove
 .text.__sccl   0x1000c744       0x80 c:/progra~1/raspbe~1/picosd~1.1/gcc-ar~1/bin/../lib/gcc/arm-none-eabi/10.3.1/../../../../arm-none-eabi/lib/thumb/v6-m/nofp\libg.a(lib_a-sccl.o)
                0x1000c744                __sccl
 .text.nanf     0x1000c7c4        0x8 c:/progra~1/raspbe~1/picosd~1.1/gcc-ar~1/bin/../lib/gcc/arm-none-eabi/10.3.1/../../../../arm-none-eabi/lib/thumb/v6-m/nofp\libg.a(lib_a-sf_nan.o)
                0x1000c7c4                nanf
 .text._strtod_l
                0x1000c7cc      0xf78 c:/progra~1/raspbe~1/picosd~1.1/gcc-ar~1/bin/../lib/gcc/arm-none-eabi/10.3.1/../../../../arm-none-eabi/lib/thumb/v6-m/nofp\libg.a(lib_a-strtod.o)
                0x1000c7cc                _strtod_l
 .text._strtod_r
                0x1000d744       0x10 c:/progra~1/raspbe~1/picosd~1.1/gcc-ar~1/bin/../lib/gcc/arm-none-eabi/10.3.1/../../../../arm-none-eabi/lib/thumb/v6-m/nofp\libg.a(lib_a-strtod.o)
                0x1000d744                _strtod_r
 .text._strtol_l.part.0
                0x1000d754      0x144 c:/progra~1/raspbe~1/picosd~1.1/gcc-ar~1/bin/../lib/gcc/arm-none-eabi/10.3.1/../../../../arm-none-eabi/lib/thumb/v6-m/nofp\libg.a(lib_a-strtol.o)
 .text._strtol_r
                0x1000d898       0x1c c:/progra~1/raspbe~1/picosd~1.1/gcc-ar~1/bin/../lib/gcc/arm-none-eabi/10.3.1/../../../../arm-none-eabi/lib/thumb/v6-m/nofp\libg.a(lib_a-strtol.o)
                0x1000d898                _strtol_r
 .text._strtoll_l.constprop.0
                0x1000d8b4      0x198 c:/progra~1/raspbe~1/picosd~1.1/gcc-ar~1/bin/../lib/gcc/arm-none-eabi/10.3.1/../../../../arm-none-eabi/lib/thumb/v6-m/nofp\libg.a(lib_a-strtoll.o)
 .text._strtoll_r
                0x1000da4c        0x8 c:/progra~1/raspbe~1/picosd~1.1/gcc-ar~1/bin/../lib/gcc/arm-none-eabi/10.3.1/../../../../arm-none-eabi/lib/thumb/v6-m/nofp\libg.a(lib_a-strtoll.o)
                0x1000da4c                _strtoll_r
 .text._strtoul_l.constprop.0
                0x1000da54      0x148 c:/progra~1/raspbe~1/picosd~1.1/gcc-ar~1/bin/../lib/gcc/arm-none-eabi/10.3.1/../../../../arm-none-eabi/lib/thumb/v6-m/nofp\libg.a(lib_a-strtoul.o)
 .text._strtoul_r
                0x1000db9c        0x8 c:/progra~1/raspbe~1/picosd~1.1/gcc-ar~1/bin/../lib/gcc/arm-none-eabi/10.3.1/../../../../arm-none-eabi/lib/thumb/v6-m/nofp\libg.a(lib_a-strtoul.o)
                0x1000db9c                _strtoul_r
 .text._strtoull_l.constprop.0
                0x1000dba4      0x1bc c:/progra~1/raspbe~1/picosd~1.1/gcc-ar~1/bin/../lib/gcc/arm-none-eabi/10.3.1/../../../../arm-none-eabi/lib/thumb/v6-m/nofp\libg.a(lib_a-strtoull.o)
 .text._strtoull_r
                0x1000dd60        0x8 c:/progra~1/raspbe~1/picosd~1.1/gcc-ar~1/bin/../lib/gcc/arm-none-eabi/10.3.1/../../../../arm-none-eabi/lib/thumb/v6-m/nofp\libg.a(lib_a-strtoull.o)
                0x1000dd60                _strtoull_r
 .text._sungetc_r
                0x1000dd68       0x84 c:/progra~1/raspbe~1/picosd~1.1/gcc-ar~1/bin/../lib/gcc/arm-none-eabi/10.3.1/../../../../arm-none-eabi/lib/thumb/v6-m/nofp\libg.a(lib_a-svfiscanf.o)
                0x1000dd68                _sungetc_r
 .text.__ssrefill_r
                0x1000ddec       0x40 c:/progra~1/raspbe~1/picosd~1.1/gcc-ar~1/bin/../lib/gcc/arm-none-eabi/10.3.1/../../../../arm-none-eabi/lib/thumb/v6-m/nofp\libg.a(lib_a-svfiscanf.o)
                0x1000ddec                __ssrefill_r
 .text._sfread_r
                0x1000de2c       0xc4 c:/progra~1/raspbe~1/picosd~1.1/gcc-ar~1/bin/../lib/gcc/arm-none-eabi/10.3.1/../../../../arm-none-eabi/lib/thumb/v6-m/nofp\libg.a(lib_a-svfiscanf.o)
                0x1000de2c                _sfread_r
 .text.__submore
                0x1000def0       0x84 c:/progra~1/raspbe~1/picosd~1.1/gcc-ar~1/bin/../lib/gcc/arm-none-eabi/10.3.1/../../../../arm-none-eabi/lib/thumb/v6-m/nofp\libg.a(lib_a-ungetc.o)
                0x1000def0                __submore
 .text.__ascii_wctomb
                0x1000df74       0x1c c:/progra~1/raspbe~1/picosd~1.1/gcc-ar~1/bin/../lib/gcc/arm-none-eabi/10.3.1/../../../../arm-none-eabi/lib/thumb/v6-m/nofp\libg.a(lib_a-wctomb_r.o)
                0x1000df74                __ascii_wctomb
 .text.rshift   0x1000df90       0xa4 c:/progra~1/raspbe~1/picosd~1.1/gcc-ar~1/bin/../lib/gcc/arm-none-eabi/10.3.1/../../../../arm-none-eabi/lib/thumb/v6-m/nofp\libg.a(lib_a-gdtoa-gethex.o)
 .text.__gethex
                0x1000e034      0x5cc c:/progra~1/raspbe~1/picosd~1.1/gcc-ar~1/bin/../lib/gcc/arm-none-eabi/10.3.1/../../../../arm-none-eabi/lib/thumb/v6-m/nofp\libg.a(lib_a-gdtoa-gethex.o)
                0x1000e034                __gethex
 .text.__match  0x1000e600       0x2c c:/progra~1/raspbe~1/picosd~1.1/gcc-ar~1/bin/../lib/gcc/arm-none-eabi/10.3.1/../../../../arm-none-eabi/lib/thumb/v6-m/nofp\libg.a(lib_a-gdtoa-hexnan.o)
                0x1000e600                __match
 .text.__hexnan
                0x1000e62c      0x1d0 c:/progra~1/raspbe~1/picosd~1.1/gcc-ar~1/bin/../lib/gcc/arm-none-eabi/10.3.1/../../../../arm-none-eabi/lib/thumb/v6-m/nofp\libg.a(lib_a-gdtoa-hexnan.o)
                0x1000e62c                __hexnan
 .text._Balloc  0x1000e7fc       0x50 c:/progra~1/raspbe~1/picosd~1.1/gcc-ar~1/bin/../lib/gcc/arm-none-eabi/10.3.1/../../../../arm-none-eabi/lib/thumb/v6-m/nofp\libg.a(lib_a-mprec.o)
                0x1000e7fc                _Balloc
 .text._Bfree   0x1000e84c       0x14 c:/progra~1/raspbe~1/picosd~1.1/gcc-ar~1/bin/../lib/gcc/arm-none-eabi/10.3.1/../../../../arm-none-eabi/lib/thumb/v6-m/nofp\libg.a(lib_a-mprec.o)
                0x1000e84c                _Bfree
 .text.__multadd
                0x1000e860       0xa8 c:/progra~1/raspbe~1/picosd~1.1/gcc-ar~1/bin/../lib/gcc/arm-none-eabi/10.3.1/../../../../arm-none-eabi/lib/thumb/v6-m/nofp\libg.a(lib_a-mprec.o)
                0x1000e860                __multadd
 .text.__s2b    0x1000e908       0xb0 c:/progra~1/raspbe~1/picosd~1.1/gcc-ar~1/bin/../lib/gcc/arm-none-eabi/10.3.1/../../../../arm-none-eabi/lib/thumb/v6-m/nofp\libg.a(lib_a-mprec.o)
                0x1000e908                __s2b
 .text.__hi0bits
                0x1000e9b8       0x38 c:/progra~1/raspbe~1/picosd~1.1/gcc-ar~1/bin/../lib/gcc/arm-none-eabi/10.3.1/../../../../arm-none-eabi/lib/thumb/v6-m/nofp\libg.a(lib_a-mprec.o)
                0x1000e9b8                __hi0bits
 .text.__lo0bits
                0x1000e9f0       0x5c c:/progra~1/raspbe~1/picosd~1.1/gcc-ar~1/bin/../lib/gcc/arm-none-eabi/10.3.1/../../../../arm-none-eabi/lib/thumb/v6-m/nofp\libg.a(lib_a-mprec.o)
                0x1000e9f0                __lo0bits
 .text.__i2b    0x1000ea4c       0x60 c:/progra~1/raspbe~1/picosd~1.1/gcc-ar~1/bin/../lib/gcc/arm-none-eabi/10.3.1/../../../../arm-none-eabi/lib/thumb/v6-m/nofp\libg.a(lib_a-mprec.o)
                0x1000ea4c                __i2b
 .text.__multiply
                0x1000eaac      0x1a4 c:/progra~1/raspbe~1/picosd~1.1/gcc-ar~1/bin/../lib/gcc/arm-none-eabi/10.3.1/../../../../arm-none-eabi/lib/thumb/v6-m/nofp\libg.a(lib_a-mprec.o)
                0x1000eaac                __multiply
 .text.__pow5mult
                0x1000ec50       0xd8 c:/progra~1/raspbe~1/picosd~1.1/gcc-ar~1/bin/../lib/gcc/arm-none-eabi/10.3.1/../../../../arm-none-eabi/lib/thumb/v6-m/nofp\libg.a(lib_a-mprec.o)
                0x1000ec50                __pow5mult
 .text.__lshift
                0x1000ed28       0xfc c:/progra~1/raspbe~1/picosd~1.1/gcc-ar~1/bin/../lib/gcc/arm-none-eabi/10.3.1/../../../../arm-none-eabi/lib/thumb/v6-m/nofp\libg.a(lib_a-mprec.o)
                0x1000ed28                __lshift
 .text.__mcmp   0x1000ee24       0x34 c:/progra~1/raspbe~1/picosd~1.1/gcc-ar~1/bin/../lib/gcc/arm-none-eabi/10.3.1/../../../../arm-none-eabi/lib/thumb/v6-m/nofp\libg.a(lib_a-mprec.o)